Component: ARM Compiler 5.06 update 6 (build 750) Tool: armlink [4d35ed]

==============================================================================

Section Cross References

    main.o(i.assert_nrf_callback) refers to app_error.o(i.app_error_handler) for app_error_handler
    main.o(i.main) refers to app_error.o(i.app_error_handler_bare) for app_error_handler_bare
    main.o(i.main) refers to timer.o(i.timers_init) for timers_init
    main.o(i.main) refers to app_gpio.o(i.GPIO_UnInit_All) for GPIO_UnInit_All
    main.o(i.main) refers to ble_config.o(i.ble_stack_init) for ble_stack_init
    main.o(i.main) refers to ble_salve.o(i.gap_params_init) for gap_params_init
    main.o(i.main) refers to ble_salve.o(i.conn_params_init) for conn_params_init
    main.o(i.main) refers to ble_salve.o(i.services_init) for services_init
    main.o(i.main) refers to ble_salve.o(i.advertising_init) for advertising_init
    main.o(i.main) refers to ble_config.o(i.db_discovery_init) for db_discovery_init
    main.o(i.main) refers to ble_master.o(i.nus_c_init) for nus_c_init
    main.o(i.main) refers to key.o(i.buttons_init) for buttons_init
    main.o(i.main) refers to app_gpio.o(i.GPIO_Init) for GPIO_Init
    main.o(i.main) refers to timer.o(i.timer_task_create) for timer_task_create
    main.o(i.main) refers to utc.o(i.SetClock_UTC) for SetClock_UTC
    main.o(i.main) refers to ble_config.o(i.adv_scan_start) for adv_scan_start
    main.o(i.main) refers to timer.o(i.timers_start) for timers_start
    main.o(i.main) refers to app_gpio.o(i.Motor_Drive) for Motor_Drive
    main.o(i.main) refers to main.o(i.power_manage) for power_manage
    main.o(i.power_manage) refers to app_error.o(i.app_error_handler_bare) for app_error_handler_bare
    app_gpio.o(i.GPIO_Init) refers to app_gpio.o(i.nrf_gpio_cfg) for nrf_gpio_cfg
    app_gpio.o(i.GPIO_Init) refers to app_timer.o(i.app_timer_create) for app_timer_create
    app_gpio.o(i.GPIO_Init) refers to app_error.o(i.app_error_handler_bare) for app_error_handler_bare
    app_gpio.o(i.GPIO_Init) refers to app_gpio.o(i.Motor_handler) for Motor_handler
    app_gpio.o(i.GPIO_Init) refers to app_gpio.o(.constdata) for m_Motor_Timer_id
    app_gpio.o(i.GPIO_UnInit_All) refers to app_gpio.o(i.nrf_gpio_cfg_default) for nrf_gpio_cfg_default
    app_gpio.o(i.Motor_Drive) refers to app_gpio.o(i.nrf_gpio_cfg) for nrf_gpio_cfg
    app_gpio.o(i.Motor_Drive) refers to app_timer.o(i.app_timer_start) for app_timer_start
    app_gpio.o(i.Motor_Drive) refers to app_gpio.o(.constdata) for m_Motor_Timer_id
    app_gpio.o(i.Motor_handler) refers to app_gpio.o(i.nrf_gpio_cfg_default) for nrf_gpio_cfg_default
    app_gpio.o(i.nrf_gpio_cfg_default) refers to app_gpio.o(i.nrf_gpio_cfg) for nrf_gpio_cfg
    app_gpio.o(.constdata) refers to app_gpio.o(.bss) for m_Motor_Timer_id_data
    app_scheduler.o(i.app_sched_event_put) refers to app_util_platform.o(i.app_util_critical_region_enter) for app_util_critical_region_enter
    app_scheduler.o(i.app_sched_event_put) refers to app_scheduler.o(i.next_index) for next_index
    app_scheduler.o(i.app_sched_event_put) refers to app_util_platform.o(i.app_util_critical_region_exit) for app_util_critical_region_exit
    app_scheduler.o(i.app_sched_event_put) refers to memcpya.o(.text) for __aeabi_memcpy
    app_scheduler.o(i.app_sched_event_put) refers to app_scheduler.o(.data) for m_queue_event_size
    app_scheduler.o(i.app_sched_execute) refers to app_scheduler.o(i.next_index) for next_index
    app_scheduler.o(i.app_sched_execute) refers to app_scheduler.o(.data) for m_queue_start_index
    app_scheduler.o(i.app_sched_init) refers to app_scheduler.o(.data) for m_queue_event_headers
    app_scheduler.o(i.app_sched_queue_space_get) refers to app_scheduler.o(.data) for m_queue_start_index
    app_scheduler.o(i.next_index) refers to app_scheduler.o(.data) for m_queue_size
    app_fds.o(i.Flash_Erase_Page) refers to fstorage.o(i.fs_erase) for fs_erase
    app_fds.o(i.Flash_Erase_Page) refers to app_fds.o(i.nrf_delay_ms) for nrf_delay_ms
    app_fds.o(i.Flash_Erase_Page) refers to app_fds.o(.data) for fs_callback_flag
    app_fds.o(i.Flash_Erase_Page) refers to app_fds.o(fs_data) for fs_config
    app_fds.o(i.Flash_Init) refers to fstorage.o(i.fs_init) for fs_init
    app_fds.o(i.Flash_Read) refers to app_fds.o(fs_data) for fs_config
    app_fds.o(i.Flash_Write) refers to memseta.o(.text) for __aeabi_memclr4
    app_fds.o(i.Flash_Write) refers to app_fds.o(i.Flash_Read) for Flash_Read
    app_fds.o(i.Flash_Write) refers to app_fds.o(i.Flash_Erase_Page) for Flash_Erase_Page
    app_fds.o(i.Flash_Write) refers to fstorage.o(i.fs_store) for fs_store
    app_fds.o(i.Flash_Write) refers to app_fds.o(i.nrf_delay_ms) for nrf_delay_ms
    app_fds.o(i.Flash_Write) refers to app_fds.o(.data) for fs_callback_flag
    app_fds.o(i.Flash_Write) refers to app_fds.o(fs_data) for fs_config
    app_fds.o(i.fs_evt_handler) refers to app_fds.o(.data) for fs_callback_flag
[...]
    ble_advdata_set                          0x000239a1   Thumb Code   148  ble_advdata.o(i.ble_advdata_set)
    ble_advertising_init                     0x00023a35   Thumb Code   318  ble_advertising.o(i.ble_advertising_init)
    ble_advertising_on_ble_evt               0x00023ba9   Thumb Code    50  ble_advertising.o(i.ble_advertising_on_ble_evt)
    ble_advertising_on_sys_evt               0x00023bdd   Thumb Code    62  ble_advertising.o(i.ble_advertising_on_sys_evt)
    ble_advertising_start                    0x00023c29   Thumb Code   314  ble_advertising.o(i.ble_advertising_start)
    ble_conn_params_init                     0x00023d91   Thumb Code    84  ble_conn_params.o(i.ble_conn_params_init)
    ble_conn_params_on_ble_evt               0x00023e01   Thumb Code    62  ble_conn_params.o(i.ble_conn_params_on_ble_evt)
    ble_conn_state_n_centrals                0x00023e41   Thumb Code    20  ble_conn_state.o(i.ble_conn_state_n_centrals)
    ble_conn_state_on_ble_evt                0x00023e59   Thumb Code   152  ble_conn_state.o(i.ble_conn_state_on_ble_evt)
    ble_conn_state_role                      0x00023ef5   Thumb Code    50  ble_conn_state.o(i.ble_conn_state_role)
    ble_db_discovery_evt_register            0x00023f2d   Thumb Code    42  ble_db_discovery.o(i.ble_db_discovery_evt_register)
    ble_db_discovery_init                    0x00023f61   Thumb Code    40  ble_db_discovery.o(i.ble_db_discovery_init)
    ble_db_discovery_on_ble_evt              0x00023f99   Thumb Code   104  ble_db_discovery.o(i.ble_db_discovery_on_ble_evt)
    ble_db_discovery_start                   0x00024005   Thumb Code   134  ble_db_discovery.o(i.ble_db_discovery_start)
    ble_dfu_init                             0x0002412d   Thumb Code   152  ble_dfu.o(i.ble_dfu_init)
    ble_dfu_on_ble_evt                       0x000241cd   Thumb Code    90  ble_dfu.o(i.ble_dfu_on_ble_evt)
    ble_nus_c_handles_assign                 0x000242b5   Thumb Code    34  ble_nus_c.o(i.ble_nus_c_handles_assign)
    ble_nus_c_init                           0x000242d9   Thumb Code    94  ble_nus_c.o(i.ble_nus_c_init)
    ble_nus_c_on_ble_evt                     0x0002433d   Thumb Code    94  ble_nus_c.o(i.ble_nus_c_on_ble_evt)
    ble_nus_c_on_db_disc_evt                 0x0002439b   Thumb Code   152  ble_nus_c.o(i.ble_nus_c_on_db_disc_evt)
    ble_nus_c_rx_notif_enable                0x00024433   Thumb Code    44  ble_nus_c.o(i.ble_nus_c_rx_notif_enable)
    ble_nus_init                             0x00024461   Thumb Code   144  ble_nus.o(i.ble_nus_init)
    ble_nus_on_ble_evt                       0x000244f5   Thumb Code    66  ble_nus.o(i.ble_nus_on_ble_evt)
    ble_nus_string_send                      0x00024537   Thumb Code    86  ble_nus.o(i.ble_nus_string_send)
    ble_srv_is_notification_enabled          0x0002458d   Thumb Code    18  ble_srv_common.o(i.ble_srv_is_notification_enabled)
    ble_stack_init                           0x000245a1   Thumb Code   170  ble_config.o(i.ble_stack_init)
    buttons_init                             0x0002485d   Thumb Code    28  key.o(i.buttons_init)
    conn_params_init                         0x00024bd9   Thumb Code    86  ble_salve.o(i.conn_params_init)
    crc32_compute                            0x00024f35   Thumb Code    70  crc32.o(i.crc32_compute)
    db_discovery_init                        0x00024f95   Thumb Code    30  ble_config.o(i.db_discovery_init)
    flash_callback                           0x00025949   Thumb Code    28  ble_dfu.o(i.flash_callback)
    fs_erase                                 0x00025969   Thumb Code   124  fstorage.o(i.fs_erase)
    fs_fake_init                             0x00025a49   Thumb Code    16  fstorage.o(i.fs_fake_init)
    fs_queued_op_count_get                   0x00025a5d   Thumb Code    20  fstorage.o(i.fs_queued_op_count_get)
    fs_store                                 0x00025a75   Thumb Code   142  fstorage.o(i.fs_store)
    fs_sys_event_handler                     0x00025b09   Thumb Code   104  fstorage.o(i.fs_sys_event_handler)
    gap_params_init                          0x00025b79   Thumb Code   116  ble_salve.o(i.gap_params_init)
    get_Gsenson_Value                        0x00025ee1   Thumb Code   216  stepcounter.o(i.get_Gsenson_Value)
    get_mac_addr                             0x00025fc9   Thumb Code   130  misc.o(i.get_mac_addr)
    intern_softdevice_events_execute         0x00026201   Thumb Code   158  softdevice_handler.o(i.intern_softdevice_events_execute)
    main                                     0x00026515   Thumb Code   198  main.o(i.main)
    maxim_find_peaks                         0x000266b1   Thumb Code    66  max3010x.o(i.maxim_find_peaks)
    maxim_heart_rate_and_oxygen_saturation   0x000266f5   Thumb Code  1270  max3010x.o(i.maxim_heart_rate_and_oxygen_saturation)
    maxim_peaks_above_min_height             0x00026bf5   Thumb Code   122  max3010x.o(i.maxim_peaks_above_min_height)
    maxim_remove_close_peaks                 0x00026c6f   Thumb Code   114  max3010x.o(i.maxim_remove_close_peaks)
    maxim_sort_ascend                        0x00026ce1   Thumb Code    54  max3010x.o(i.maxim_sort_ascend)
    maxim_sort_indices_descend               0x00026d17   Thumb Code    64  max3010x.o(i.maxim_sort_indices_descend)
    nrf_dfu_flash_erase                      0x000270e1   Thumb Code   168  nrf_dfu_flash.o(i.nrf_dfu_flash_erase)
    nrf_dfu_flash_init                       0x00027195   Thumb Code    50  nrf_dfu_flash.o(i.nrf_dfu_flash_init)
    nrf_dfu_flash_store                      0x000271d1   Thumb Code   170  nrf_dfu_flash.o(i.nrf_dfu_flash_store)
    nrf_dfu_settings_calculate_crc           0x00027285   Thumb Code    14  nrf_dfu_settings.o(i.nrf_dfu_settings_calculate_crc)
    nrf_dfu_settings_init                    0x00027299   Thumb Code    70  nrf_dfu_settings.o(i.nrf_dfu_settings_init)
    nrf_dfu_settings_write                   0x000272ed   Thumb Code    94  nrf_dfu_settings.o(i.nrf_dfu_settings_write)
    nrf_drv_clock_init                       0x00027365   Thumb Code    56  nrf_drv_clock.o(i.nrf_drv_clock_init)
    nrf_drv_clock_on_sd_enable               0x000273a5   Thumb Code    46  nrf_drv_clock.o(i.nrf_drv_clock_on_sd_enable)
    nrf_drv_clock_on_soc_event               0x000273d9   Thumb Code    14  nrf_drv_clock.o(i.nrf_drv_clock_on_soc_event)
    nrf_drv_common_irq_enable                0x000273e9   Thumb Code    84  nrf_drv_common.o(i.nrf_drv_common_irq_enable)
    nrf_drv_gpiote_in_event_enable           0x00027449   Thumb Code   170  nrf_drv_gpiote.o(i.nrf_drv_gpiote_in_event_enable)
    nrf_drv_gpiote_in_init                   0x00027501   Thumb Code   198  nrf_drv_gpiote.o(i.nrf_drv_gpiote_in_init)
    nrf_drv_gpiote_in_is_set                 0x000275d9   Thumb Code    24  nrf_drv_gpiote.o(i.nrf_drv_gpiote_in_is_set)
    nrf_drv_gpiote_init                      0x000275f5   Thumb Code    86  nrf_drv_gpiote.o(i.nrf_drv_gpiote_init)
    nrf_drv_gpiote_is_init                   0x00027651   Thumb Code    16  nrf_drv_gpiote.o(i.nrf_drv_gpiote_is_init)
    nrf_drv_saadc_buffer_convert             0x00027679   Thumb Code   184  nrf_drv_saadc.o(i.nrf_drv_saadc_buffer_convert)
    nrf_drv_saadc_channel_init               0x00027735   Thumb Code    82  nrf_drv_saadc.o(i.nrf_drv_saadc_channel_init)
    nrf_drv_saadc_channel_uninit             0x0002778d   Thumb Code    82  nrf_drv_saadc.o(i.nrf_drv_saadc_channel_uninit)
    nrf_drv_saadc_init                       0x00027809   Thumb Code   138  nrf_drv_saadc.o(i.nrf_drv_saadc_init)
    nrf_drv_saadc_limits_set                 0x000278a1   Thumb Code   168  nrf_drv_saadc.o(i.nrf_drv_saadc_limits_set)
    nrf_drv_saadc_sample                     0x00027951   Thumb Code    44  nrf_drv_saadc.o(i.nrf_drv_saadc_sample)
    nrf_drv_saadc_uninit                     0x00027981   Thumb Code   112  nrf_drv_saadc.o(i.nrf_drv_saadc_uninit)
    nrf_drv_spi_init                         0x000279fd   Thumb Code   308  nrf_drv_spi.o(i.nrf_drv_spi_init)
    nrf_drv_spi_transfer                     0x00027b39   Thumb Code    44  nrf_drv_spi.o(i.nrf_drv_spi_transfer)
    nrf_drv_spi_uninit                       0x00027b65   Thumb Code   106  nrf_drv_spi.o(i.nrf_drv_spi_uninit)
    nrf_drv_spi_xfer                         0x00027bd9   Thumb Code    96  nrf_drv_spi.o(i.nrf_drv_spi_xfer)
    nrf_nvmc_page_erase                      0x00027ee5   Thumb Code    50  nrf_nvmc.o(i.nrf_nvmc_page_erase)
    nrf_nvmc_write_words                     0x00027f21   Thumb Code    66  nrf_nvmc.o(i.nrf_nvmc_write_words)
    nrf_saadc_channel_init                   0x00027f7d   Thumb Code   108  nrf_saadc.o(i.nrf_saadc_channel_init)
    nus_c_init                               0x00028195   Thumb Code    36  ble_master.o(i.nus_c_init)
    on_ble_central_evt                       0x00028219   Thumb Code   318  ble_master.o(i.on_ble_central_evt)
    on_ble_peripheral_evt                    0x00028361   Thumb Code   468  ble_salve.o(i.on_ble_peripheral_evt)
    saadc_callback                           0x000298e5   Thumb Code   100  adc.o(i.saadc_callback)
    saadc_close                              0x00029951   Thumb Code    30  adc.o(i.saadc_close)
    saddc_init                               0x00029975   Thumb Code   158  adc.o(i.saddc_init)
    scan_start                               0x00029a21   Thumb Code    34  ble_master.o(i.scan_start)
    sdk_mapped_flags_bulk_update_by_key      0x00029b3d   Thumb Code   118  sdk_mapped_flags.o(i.sdk_mapped_flags_bulk_update_by_key)
    sdk_mapped_flags_first_key_index_get     0x00029bb3   Thumb Code    36  sdk_mapped_flags.o(i.sdk_mapped_flags_first_key_index_get)
    sdk_mapped_flags_get_by_key              0x00029be9   Thumb Code    46  sdk_mapped_flags.o(i.sdk_mapped_flags_get_by_key)
    sdk_mapped_flags_key_list_get            0x00029c17   Thumb Code    66  sdk_mapped_flags.o(i.sdk_mapped_flags_key_list_get)
    sdk_mapped_flags_n_flags_set             0x00029c59   Thumb Code    32  sdk_mapped_flags.o(i.sdk_mapped_flags_n_flags_set)
    sdk_mapped_flags_update_by_key           0x00029c79   Thumb Code    26  sdk_mapped_flags.o(i.sdk_mapped_flags_update_by_key)
    seconds_To_UTC                           0x00029c95   Thumb Code   364  utc.o(i.seconds_To_UTC)
    services_init                            0x00029f31   Thumb Code    56  ble_salve.o(i.services_init)
    softdevice_ble_evt_handler_set           0x0002a07d   Thumb Code    20  softdevice_handler.o(i.softdevice_ble_evt_handler_set)
    softdevice_enable                        0x0002a095   Thumb Code    34  softdevice_handler.o(i.softdevice_enable)
    softdevice_enable_get_default_config     0x0002a0bd   Thumb Code    44  softdevice_handler.o(i.softdevice_enable_get_default_config)
    softdevice_fault_handler                 0x0002a0e9   Thumb Code    20  softdevice_handler.o(i.softdevice_fault_handler)
    softdevice_handler_init                  0x0002a0fd   Thumb Code   134  softdevice_handler.o(i.softdevice_handler_init)
    softdevice_handler_is_enabled            0x0002a199   Thumb Code     6  softdevice_handler.o(i.softdevice_handler_is_enabled)
    softdevice_sys_evt_handler_set           0x0002a1a5   Thumb Code    20  softdevice_handler.o(i.softdevice_sys_evt_handler_set)
    spi_event_handler                        0x0002a1bd   Thumb Code     8  spi.o(i.spi_event_handler)
    start_adc_convert                        0x0002a2d1   Thumb Code    74  adc.o(i.start_adc_convert)
    timer_task_create                        0x0002a5c9   Thumb Code   184  timer.o(i.timer_task_create)
    timers_init                              0x0002a755   Thumb Code    40  timer.o(i.timers_init)
    timers_start                             0x0002a781   Thumb Code   174  timer.o(i.timers_start)
    timers_start_Max30102_timer              0x0002a845   Thumb Code    98  timer.o(i.timers_start_Max30102_timer)
    timers_start_adc_timer                   0x0002a8b5   Thumb Code    38  timer.o(i.timers_start_adc_timer)
    timers_stop_Max30102_timer               0x0002a8e1   Thumb Code    86  timer.o(i.timers_stop_Max30102_timer)
    BATT_4                                   0x0002b014   Data          40  oled_app.o(.constdata)
    BATT_3                                   0x0002b03c   Data          40  oled_app.o(.constdata)
    BATT_2                                   0x0002b064   Data          40  oled_app.o(.constdata)
    BATT_1                                   0x0002b08c   Data          40  oled_app.o(.constdata)
    BATT_0                                   0x0002b0b4   Data          40  oled_app.o(.constdata)
    BLE                                      0x0002b0dc   Data          20  oled_app.o(.constdata)
    Beacon                                   0x0002b0f0   Data          20  oled_app.o(.constdata)
    STEP                                     0x0002b104   Data         160  oled_app.o(.constdata)
    Distance                                 0x0002b1a4   Data         104  oled_app.o(.constdata)
    Calorie                                  0x0002b20c   Data         140  oled_app.o(.constdata)
    HEARTBATE_BIG                            0x0002b298   Data          78  oled_app.o(.constdata)
    HEARTBATE_LITTLE                         0x0002b2e6   Data          36  oled_app.o(.constdata)
    OXYGEN_1                                 0x0002b30a   Data         120  oled_app.o(.constdata)
    OXYGEN_2                                 0x0002b382   Data         120  oled_app.o(.constdata)
    TEMPER                                   0x0002b3fa   Data         120  oled_app.o(.constdata)
    DEGREE                                   0x0002b472   Data          32  oled_app.o(.constdata)
    ALARM                                    0x0002b492   Data         200  oled_app.o(.constdata)
    BLOOD                                    0x0002b55a   Data          90  oled_app.o(.constdata)
    M                                        0x0002b5b4   Data          20  oled_app.o(.constdata)
    A                                        0x0002b5c8   Data          18  oled_app.o(.constdata)
    C                                        0x0002b5da   Data          14  oled_app.o(.constdata)
    Collect_0                                0x0002b5e8   Data         128  oled_app.o(.constdata)
    Collect_1                                0x0002b668   Data         128  oled_app.o(.constdata)
    Collect_2                                0x0002b6e8   Data         128  oled_app.o(.constdata)
    Collect_3                                0x0002b768   Data         128  oled_app.o(.constdata)
    BLE_Connect                              0x0002b7e8   Data         128  oled_app.o(.constdata)
    BLE_Disconnect                           0x0002b868   Data         128  oled_app.o(.constdata)
    Beacon_lost                              0x0002b8e8   Data         128  oled_app.o(.constdata)
    auw_hamm                                 0x0002b980   Data          62  max3010x.o(.constdata)
    uch_spo2_table                           0x0002b9be   Data         184  max3010x.o(.constdata)
    Region$$Table$$Base                      0x0002bafc   Number         0  anon$$obj.o(Region$$Table)
    Region$$Table$$Limit                     0x0002bb1c   Number         0  anon$$obj.o(Region$$Table)
    m_mbr_params_page                        0x0007e000   Data        4096  nrf_dfu_settings.o(.ARM.__AT_0x0007E000)
    m_dfu_settings_buffer                    0x0007f000   Data        4096  nrf_dfu_settings.o(.ARM.__AT_0x0007F000)
    m_uicr_mbr_params_page_address           0x10001018   Data           4  nrf_dfu_settings.o(.ARM.__AT_0x10001018)
    Image$$RW_IRAM1$$Base                    0x200027a8   Number         0  anon$$obj.o ABSOLUTE
    save_param                               0x200027a8   Data          18  main.o(.data)
    sys_state                                0x200027ba   Data           4  main.o(.data)
    collect_interval                         0x200027ca   Data           2  timer.o(.data)
    adc_buffer                               0x200027ce   Data           4  adc.o(.data)
    movement                                 0x20004998   Data           8  stepcounter.o(.data)
    StepDetector_tick                        0x200049a0   Data           4  stepcounter.o(.data)
    ValueNum                                 0x200049a4   Data           4  stepcounter.o(.data)
    tempCount                                0x200049a8   Data           4  stepcounter.o(.data)
    isDirectionUp                            0x200049ac   Data           1  stepcounter.o(.data)
    continueUpCount                          0x200049b0   Data           4  stepcounter.o(.data)
    continueUpFormerCount                    0x200049b4   Data           4  stepcounter.o(.data)
    lastStatus                               0x200049b8   Data           1  stepcounter.o(.data)
    peakOfWave                               0x200049bc   Data           4  stepcounter.o(.data)
    valleyOfWave                             0x200049c0   Data           4  stepcounter.o(.data)
    timeOfThisPeak                           0x200049c4   Data           4  stepcounter.o(.data)
    timeOfLastPeak                           0x200049c8   Data           4  stepcounter.o(.data)
    timeOfNow                                0x200049cc   Data           4  stepcounter.o(.data)
    gravityNew                               0x200049d0   Data           4  stepcounter.o(.data)
    gravityOld                               0x200049d4   Data           4  stepcounter.o(.data)
    InitialValue                             0x200049d8   Data           4  stepcounter.o(.data)
    ThreadValue                              0x200049dc   Data           4  stepcounter.o(.data)
    TimeInterval                             0x200049e0   Data           4  stepcounter.o(.data)
    OLED_ctrl                                0x20006bb0   Data           4  oled_app.o(.data)
    m_conn_handle_nus_c                      0x20006bdc   Data           2  ble_master.o(.data)
    p_m_dfu                                  0x20006c28   Data           4  ble_dfu.o(.data)
    SystemCoreClock                          0x20006ca8   Data           4  system_nrf52.o(.data)
    fs_data$$Base                            0x20006cb0   Number         0  app_fds.o(fs_data)
    fs_data$$Limit                           0x20006ce0   Number         0  fds.o(fs_data)
    m_nus                                    0x20006d50   Data          28  ble_salve.o(.bss)
    m_dfus                                   0x20006d6c   Data          24  ble_salve.o(.bss)
    oriValues                                0x20007158   Data          12  stepcounter.o(.bss)
    tempValue                                0x20007164   Data          16  stepcounter.o(.bss)
    Save_heart_sensor_data                   0x20007174   Data          12  oled_app.o(.bss)
    max30102_data                            0x20008120   Data          12  max3010x.o(.bss)
    m_ble_nus_c                              0x200098a4   Data          16  ble_master.o(.bss)
    m_ble_db_discovery                       0x200098b4   Data         856  ble_master.o(.bss)
    s_dfu_settings                           0x2000a028   Data         348  nrf_dfu_settings.o(.bss)
    nrf_nvic_state                           0x2000a300   Data          12  app_util_platform.o(.bss)
    __initial_sp                             0x2000c8b0   Data           0  arm_startup_nrf52.o(STACK)



==============================================================================

Memory Map of the image

  Image Entry point : 0x0001f201

  Load Region LR_IROM1 (Base: 0x0001f000, Size: 0x00011054, Max: 0x00061000, ABSOLUTE, COMPRESSED[0x0000df40])

    Execution Region ER_IROM1 (Exec base: 0x0001f000, Load base: 0x0001f000, Size: 0x0000cb1c, Max: 0x00061000, ABSOLUTE)

    Exec Addr    Load Addr    Size         Type   Attr      Idx    E Section Name        Object

    0x0001f000   0x0001f000   0x00000200   Data   RO         7595    RESET               arm_startup_nrf52.o
    0x0001f200   0x0001f200   0x00000000   Code   RO         7703  * .ARM.Collect$$$$00000000  mc_w.l(entry.o)
    0x0001f200   0x0001f200   0x00000004   Code   RO         8025    .ARM.Collect$$$$00000001  mc_w.l(entry2.o)
    0x0001f204   0x0001f204   0x00000004   Code   RO         8028    .ARM.Collect$$$$00000004  mc_w.l(entry5.o)
    0x0001f208   0x0001f208   0x00000000   Code   RO         8030    .ARM.Collect$$$$00000008  mc_w.l(entry7b.o)
    0x0001f208   0x0001f208   0x00000000   Code   RO         8032    .ARM.Collect$$$$0000000A  mc_w.l(entry8b.o)
    0x0001f208   0x0001f208   0x00000008   Code   RO         8033    .ARM.Collect$$$$0000000B  mc_w.l(entry9a.o)
    0x0001f210   0x0001f210   0x00000000   Code   RO         8035    .ARM.Collect$$$$0000000D  mc_w.l(entry10a.o)
    0x0001f210   0x0001f210   0x00000000   Code   RO         8037    .ARM.Collect$$$$0000000F  mc_w.l(entry11a.o)
    0x0001f210   0x0001f210   0x00000004   Code   RO         8026    .ARM.Collect$$$$00002712  mc_w.l(entry2.o)
    0x0001f214   0x0001f214   0x00000024   Code   RO         7596    .text               arm_startup_nrf52.o
    0x0001f238   0x0001f238   0x0000001e   Code   RO         7706    .text               mc_w.l(llshl.o)
    0x0001f256   0x0001f256   0x00000020   Code   RO         7708    .text               mc_w.l(llushr.o)
    0x0001f276   0x0001f276   0x00000024   Code   RO         7738    .text               mc_w.l(memcpya.o)
    0x0001f29a   0x0001f29a   0x00000024   Code   RO         7740    .text               mc_w.l(memseta.o)
    0x0001f2be   0x0001f2be   0x000000e4   Code   RO         8011    .text               mf_w.l(dmul.o)
    0x0001f3a2   0x0001f3a2   0x000000de   Code   RO         8013    .text               mf_w.l(ddiv.o)
    0x0001f480   0x0001f480   0x0000001a   Code   RO         8015    .text               mf_w.l(dfltui.o)
    0x0001f49a   0x0001f49a   0x0000003e   Code   RO         8017    .text               mf_w.l(dfixi.o)
    0x0001f4d8   0x0001f4d8   0x00000032   Code   RO         8019    .text               mf_w.l(dfixui.o)
    0x0001f50a   0x0001f50a   0x00000026   Code   RO         8021    .text               mf_w.l(f2d.o)
    0x0001f530   0x0001f530   0x00000038   Code   RO         8023    .text               mf_w.l(d2f.o)
    0x0001f568   0x0001f568   0x00000062   Code   RO         8044    .text               mc_w.l(uldiv.o)
    0x0001f5ca   0x0001f5ca   0x00000000   Code   RO         8053    .text               mc_w.l(iusefp.o)
    0x0001f5ca   0x0001f5ca   0x0000006e   Code   RO         8054    .text               mf_w.l(fepilogue.o)
    0x0001f638   0x0001f638   0x000000ba   Code   RO         8056    .text               mf_w.l(depilogue.o)
    0x0001f6f2   0x0001f6f2   0x000000a2   Code   RO         8060    .text               mf_w.l(dsqrt.o)
    0x0001f794   0x0001f794   0x00000024   Code   RO         8068    .text               mc_w.l(init.o)
    0x0001f7b8   0x0001f7b8   0x0000005e   Code   RO         8082    .text               mc_w.l(__dclz77c.o)
    0x0001f816   0x0001f816   0x00000002   PAD
    0x0001f818   0x0001f818   0x00000228   Code   RO          934    i.ADC_Data_Dispose  adc.o
    0x0001fa40   0x0001fa40   0x00000028   Code   RO          794    i.ADC_timeout_handler  timer.o
    0x0001fa68   0x0001fa68   0x00000090   Code   RO          795    i.Alarm_Response    timer.o
    0x0001faf8   0x0001faf8   0x00000094   Code   RO          796    i.Auto_Collection   timer.o
    0x0001fb8c   0x0001fb8c   0x00000354   Code   RO         1471    i.BLE_Data_analysis  comm_protocol.o
    0x0001fee0   0x0001fee0   0x00000048   Code   RO          691    i.BLE_Salve_SendData  ble_salve.o
    0x0001ff28   0x0001ff28   0x0000017c   Code   RO          935    i.Change_Chatger_State  adc.o
    0x000200a4   0x000200a4   0x000000bc   Code   RO         2133    i.Cheack_Beacon     ble_master.o
    0x00020160   0x00020160   0x0000001c   Code   RO            4    i.FPU_IRQHandler    main.o
    0x0002017c   0x0002017c   0x000001bc   Code   RO         5001    i.GPIOTE_IRQHandler  nrf_drv_gpiote.o
    0x00020338   0x00020338   0x00000044   Code   RO          337    i.GPIO_Init         app_gpio.o
    0x0002037c   0x0002037c   0x00000014   Code   RO          338    i.GPIO_UnInit_All   app_gpio.o
    0x00020390   0x00020390   0x00000038   Code   RO          797    i.GapData_handler   timer.o
    0x000203c8   0x000203c8   0x00000014   Code   RO         1009    i.GetClock_UTC      utc.o
    0x000203dc   0x000203dc   0x0000000c   Code   RO         1010    i.GetClock_seconds  utc.o
    0x000203e8   0x000203e8   0x00000218   Code   RO         2134    i.Get_Beacon_State  ble_master.o
    0x00020600   0x00020600   0x00000190   Code   RO         1896    i.Get_Heart_Oxygen  max3010x.o
    0x00020790   0x00020790   0x0000009c   Code   RO         1897    i.Get_SensorData    max3010x.o
    0x0002082c   0x0002082c   0x0000002e   Code   RO         2014    i.IIC_ACK           iic.o
    0x0002085a   0x0002085a   0x00000016   Code   RO         2015    i.IIC_Init          iic.o
    0x00020870   0x00020870   0x0000002e   Code   RO         2016    i.IIC_NACK          iic.o
    0x0002089e   0x0002089e   0x00000046   Code   RO         2017    i.IIC_ReadByte      iic.o
    0x000208e4   0x000208e4   0x00000052   Code   RO         2018    i.IIC_SendByte      iic.o
    0x00020936   0x00020936   0x0000002e   Code   RO         2019    i.IIC_Start         iic.o
    0x00020964   0x00020964   0x0000002e   Code   RO         2020    i.IIC_Stop          iic.o
    0x00020992   0x00020992   0x00000050   Code   RO         2021    i.IIC_WaitACK       iic.o
    0x000209e2   0x000209e2   0x00000016   Code   RO         2022    i.IIC_unInit        iic.o
    0x000209f8   0x000209f8   0x000000d0   Code   RO         1335    i.JumpPage          oled_app.o
    0x00020ac8   0x00020ac8   0x00000072   Code   RO         1503    i.LIS3DH_GetAccAxesRaw  lis3dh_driver.o
    0x00020b3a   0x00020b3a   0x00000016   Code   RO         1516    i.LIS3DH_GetWHO_AM_I  lis3dh_driver.o
    0x00020b50   0x00020b50   0x0000002e   Code   RO         1520    i.LIS3DH_Init       lis3dh_driver.o
    0x00020b7e   0x00020b7e   0x00000012   Code   RO         1522    i.LIS3DH_ReadReg    lis3dh_driver.o
    0x00020b90   0x00020b90   0x0000003c   Code   RO         1525    i.LIS3DH_SetAxis    lis3dh_driver.o
    0x00020bcc   0x00020bcc   0x0000003c   Code   RO         1534    i.LIS3DH_SetFullScale  lis3dh_driver.o
    0x00020c08   0x00020c08   0x000000d4   Code   RO         1544    i.LIS3DH_SetMode    lis3dh_driver.o
    0x00020cdc   0x00020cdc   0x0000003c   Code   RO         1545    i.LIS3DH_SetODR     lis3dh_driver.o
    0x00020d18   0x00020d18   0x00000012   Code   RO         1551    i.LIS3DH_WriteReg   lis3dh_driver.o
    0x00020d2a   0x00020d2a   0x00000002   PAD
    0x00020d2c   0x00020d2c   0x000000dc   Code   RO          798    i.Low_Power_State   timer.o
    0x00020e08   0x00020e08   0x00000052   Code   RO         1898    i.MAX3010x_Bus_Read  max3010x.o
    0x00020e5a   0x00020e5a   0x00000044   Code   RO         1899    i.MAX3010x_Bus_Write  max3010x.o
    0x00020e9e   0x00020e9e   0x000000b2   Code   RO         1900    i.MAX3010x_FIFO_Read  max3010x.o
    0x00020f50   0x00020f50   0x00000064   Code   RO         1901    i.MAX3010x_Get_DIETemp  max3010x.o
    0x00020fb4   0x00020fb4   0x000000c6   Code   RO         1903    i.MAX3010x_Init     max3010x.o
    0x0002107a   0x0002107a   0x00000002   PAD
    0x0002107c   0x0002107c   0x0000003c   Code   RO          339    i.Motor_Drive       app_gpio.o
    0x000210b8   0x000210b8   0x0000001c   Code   RO          340    i.Motor_handler     app_gpio.o
    0x000210d4   0x000210d4   0x00000018   Code   RO         6289    i.NVIC_ClearPendingIRQ  app_timer.o
    0x000210ec   0x000210ec   0x00000018   Code   RO         7290    i.NVIC_DisableIRQ   softdevice_handler.o
    0x00021104   0x00021104   0x00000016   Code   RO         6290    i.NVIC_EnableIRQ    app_timer.o
    0x0002111a   0x0002111a   0x00000016   Code   RO         7291    i.NVIC_EnableIRQ    softdevice_handler.o
    0x00021130   0x00021130   0x00000018   Code   RO         6291    i.NVIC_SetPendingIRQ  app_timer.o
    0x00021148   0x00021148   0x00000028   Code   RO         6292    i.NVIC_SetPriority  app_timer.o
    0x00021170   0x00021170   0x00000064   Code   RO         1336    i.OLEDE_dispaly_BLE_Connect  oled_app.o
    0x000211d4   0x000211d4   0x00000060   Code   RO         1337    i.OLEDE_dispaly_BLE_Disconnect  oled_app.o
    0x00021234   0x00021234   0x00000044   Code   RO         1338    i.OLEDE_dispaly_BeaconLost  oled_app.o
    0x00021278   0x00021278   0x000000bc   Code   RO         1339    i.OLEDE_dispaly_Calorie  oled_app.o
    0x00021334   0x00021334   0x0000008c   Code   RO         1340    i.OLEDE_dispaly_Distance  oled_app.o
    0x000213c0   0x000213c0   0x00000154   Code   RO         1341    i.OLEDE_dispaly_HeartRate  oled_app.o
    0x00021514   0x00021514   0x0000014c   Code   RO         1342    i.OLEDE_dispaly_Oxygen  oled_app.o
    0x00021660   0x00021660   0x000000e4   Code   RO         1343    i.OLEDE_dispaly_Phone_Collect  oled_app.o
    0x00021744   0x00021744   0x0000012c   Code   RO         1344    i.OLEDE_dispaly_Temperature  oled_app.o
    0x00021870   0x00021870   0x00000028   Code   RO         1345    i.OLEDE_dispaly_alarm  oled_app.o
    0x00021898   0x00021898   0x000001d0   Code   RO         1346    i.OLEDE_dispaly_date  oled_app.o
    0x00021a68   0x00021a68   0x000000d8   Code   RO         1347    i.OLEDE_dispaly_mac  oled_app.o
    0x00021b40   0x00021b40   0x00000098   Code   RO         1348    i.OLEDE_dispaly_step  oled_app.o
    0x00021bd8   0x00021bd8   0x0000018c   Code   RO         1349    i.OLED_Change_Display  oled_app.o
    0x00021d64   0x00021d64   0x00000014   Code   RO         1106    i.OLED_Clear        oled.o
    0x00021d78   0x00021d78   0x0000003a   Code   RO         1107    i.OLED_Display_Off  oled.o
    0x00021db2   0x00021db2   0x00000020   Code   RO         1108    i.OLED_Display_On   oled.o
    0x00021dd2   0x00021dd2   0x00000080   Code   RO         1109    i.OLED_DrawBMP      oled.o
    0x00021e52   0x00021e52   0x00000134   Code   RO         1111    i.OLED_Init         oled.o
    0x00021f86   0x00021f86   0x00000002   PAD
    0x00021f88   0x00021f88   0x00000054   Code   RO         1112    i.OLED_Refresh_Gram  oled.o
    0x00021fdc   0x00021fdc   0x00000128   Code   RO         1113    i.OLED_Reverse      oled.o
    0x00022104   0x00022104   0x00000034   Code   RO         1114    i.OLED_Set_Pos      oled.o
    0x00022138   0x00022138   0x000000d4   Code   RO         1116    i.OLED_ShowChar     oled.o
    0x0002220c   0x0002220c   0x00000074   Code   RO         1117    i.OLED_ShowDot      oled.o
    0x00022280   0x00022280   0x00000094   Code   RO         1118    i.OLED_ShowNum      oled.o
    0x00022314   0x00022314   0x00000064   Code   RO         1119    i.OLED_ShowString   oled.o
    0x00022378   0x00022378   0x0000005a   Code   RO         1120    i.OLED_WR_Byte      oled.o
    0x000223d2   0x000223d2   0x00000002   PAD
    0x000223d4   0x000223d4   0x00000050   Code   RO         4762    i.POWER_CLOCK_IRQHandler  nrf_drv_clock.o
    0x00022424   0x00022424   0x00000034   Code   RO         6293    i.RTC1_IRQHandler   app_timer.o
    0x00022458   0x00022458   0x00000200   Code   RO         5713    i.SAADC_IRQHandler  nrf_drv_saadc.o
    0x00022658   0x00022658   0x00000018   Code   RO         5568    i.SPIM0_SPIS0_TWIM0_TWIS0_SPI0_TWI0_IRQHandler  nrf_drv_spi.o
    0x00022670   0x00022670   0x0000004c   Code   RO         1836    i.SPI_Init          spi.o
    0x000226bc   0x000226bc   0x00000080   Code   RO         1837    i.SPI_ReadReg       spi.o
    0x0002273c   0x0002273c   0x00000028   Code   RO         1838    i.SPI_UnInit        spi.o
    0x00022764   0x00022764   0x00000074   Code   RO         1839    i.SPI_WriteReg      spi.o
    0x000227d8   0x000227d8   0x00000008   Code   RO         6294    i.SWI0_EGU0_IRQHandler  app_timer.o
    0x000227e0   0x000227e0   0x00000030   Code   RO         7292    i.SWI2_EGU2_IRQHandler  softdevice_handler.o
    0x00022810   0x00022810   0x00000014   Code   RO         1011    i.SetClock_UTC      utc.o
    0x00022824   0x00022824   0x0000002c   Code   RO         1350    i.SetLastPageInfo   oled_app.o
    0x00022850   0x00022850   0x0000002c   Code   RO         1351    i.SetNewPageInfo    oled_app.o
    0x0002287c   0x0002287c   0x00000080   Code   RO         1263    i.Step_Updata       stepcounter.o
    0x000228fc   0x000228fc   0x00000010   Code   RO         7603    i.SystemCoreClockUpdate  system_nrf52.o
    0x0002290c   0x0002290c   0x00000284   Code   RO         7604    i.SystemInit        system_nrf52.o
    0x00022b90   0x00022b90   0x00000010   Code   RO         1013    i.Time_Run          utc.o
    0x00022ba0   0x00022ba0   0x00000024   Code   RO         5272    i.UARTE0_UART0_IRQHandler  nrf_drv_uart.o
    0x00022bc4   0x00022bc4   0x000000ce   Code   RO         1014    i.UTC_To_seconds    utc.o
    0x00022c92   0x00022c92   0x00000002   PAD
    0x00022c94   0x00022c94   0x00000028   Code   RO         7959    i.__0sprintf$8      mc_w.l(printf8.o)
    0x00022cbc   0x00022cbc   0x0000007a   Code   RO         7691    i.__hardfp_sqrt     m_wm.l(sqrt.o)
    0x00022d36   0x00022d36   0x0000000e   Code   RO         8076    i.__scatterload_copy  mc_w.l(handlers.o)
    0x00022d44   0x00022d44   0x00000002   Code   RO         8077    i.__scatterload_null  mc_w.l(handlers.o)
    0x00022d46   0x00022d46   0x0000000e   Code   RO         8078    i.__scatterload_zeroinit  mc_w.l(handlers.o)
    0x00022d54   0x00022d54   0x00000038   Code   RO         7293    i.__sd_nvic_app_accessible_irq  softdevice_handler.o
    0x00022d8c   0x00022d8c   0x0000000c   Code   RO         6505    i.__sd_nvic_irq_disable  app_util_platform.o
    0x00022d98   0x00022d98   0x0000000c   Code   RO         8048    i.__set_errno       mc_w.l(errno.o)
    0x00022da4   0x00022da4   0x00000410   Code   RO         7964    i._printf_core      mc_w.l(printf8.o)
    0x000231b4   0x000231b4   0x00000024   Code   RO         7965    i._printf_post_padding  mc_w.l(printf8.o)
    0x000231d8   0x000231d8   0x0000002e   Code   RO         7966    i._printf_pre_padding  mc_w.l(printf8.o)
    0x00023206   0x00023206   0x0000000a   Code   RO         7968    i._sputc            mc_w.l(printf8.o)
    0x00023210   0x00023210   0x00000018   Code   RO         2348    i.addr_is_valid     ble_advertising.o
    0x00023228   0x00023228   0x0000002c   Code   RO         6582    i.address_is_valid  fds.o
    0x00023254   0x00023254   0x0000016c   Code   RO         2199    i.adv_data_encode   ble_advdata.o
    0x000233c0   0x000233c0   0x00000060   Code   RO         2349    i.adv_mode_next_avail_get  ble_advertising.o
    0x00023420   0x00023420   0x00000012   Code   RO         2350    i.adv_mode_next_get  ble_advertising.o
    0x00023432   0x00023432   0x0000003c   Code   RO          638    i.adv_scan_start    ble_config.o
    0x0002346e   0x0002346e   0x00000012   Code   RO         2200    i.advdata_check     ble_advdata.o
    0x00023480   0x00023480   0x00000114   Code   RO          692    i.advertising_init  ble_salve.o
    0x00023594   0x00023594   0x0000002c   Code   RO         6069    i.app_button_enable  app_button.o
    0x000235c0   0x000235c0   0x000000a8   Code   RO         6070    i.app_button_init   app_button.o
    0x00023668   0x00023668   0x00000044   Code   RO         6182    i.app_error_fault_handler  app_error_weak.o
    0x000236ac   0x000236ac   0x0000001c   Code   RO         6137    i.app_error_handler_bare  app_error.o
    0x000236c8   0x000236c8   0x0000003c   Code   RO         6297    i.app_timer_create  app_timer.o
    0x00023704   0x00023704   0x0000008c   Code   RO         6298    i.app_timer_init    app_timer.o
    0x00023790   0x00023790   0x00000054   Code   RO         6299    i.app_timer_start   app_timer.o
    0x000237e4   0x000237e4   0x00000030   Code   RO         6300    i.app_timer_stop    app_timer.o
    0x00023814   0x00023814   0x0000000c   Code   RO         6506    i.app_util_critical_region_enter  app_util_platform.o
    0x00023820   0x00023820   0x00000048   Code   RO         6507    i.app_util_critical_region_exit  app_util_platform.o
    0x00023868   0x00023868   0x00000052   Code   RO         2201    i.appearance_encode  ble_advdata.o
    0x000238ba   0x000238ba   0x00000002   PAD
    0x000238bc   0x000238bc   0x000000e4   Code   RO         1264    i.averageValue      stepcounter.o
    0x000239a0   0x000239a0   0x00000094   Code   RO         2202    i.ble_advdata_set   ble_advdata.o
    0x00023a34   0x00023a34   0x00000174   Code   RO         2351    i.ble_advertising_init  ble_advertising.o
    0x00023ba8   0x00023ba8   0x00000032   Code   RO         2352    i.ble_advertising_on_ble_evt  ble_advertising.o
    0x00023bda   0x00023bda   0x00000002   PAD
    0x00023bdc   0x00023bdc   0x0000004c   Code   RO         2353    i.ble_advertising_on_sys_evt  ble_advertising.o
    0x00023c28   0x00023c28   0x00000168   Code   RO         2356    i.ble_advertising_start  ble_advertising.o
    0x00023d90   0x00023d90   0x00000070   Code   RO         2494    i.ble_conn_params_init  ble_conn_params.o
    0x00023e00   0x00023e00   0x0000003e   Code   RO         2495    i.ble_conn_params_on_ble_evt  ble_conn_params.o
    0x00023e3e   0x00023e3e   0x00000002   PAD
    0x00023e40   0x00023e40   0x00000018   Code   RO         2589    i.ble_conn_state_n_centrals  ble_conn_state.o
    0x00023e58   0x00023e58   0x0000009c   Code   RO         2592    i.ble_conn_state_on_ble_evt  ble_conn_state.o
    0x00023ef4   0x00023ef4   0x00000038   Code   RO         2594    i.ble_conn_state_role  ble_conn_state.o
    0x00023f2c   0x00023f2c   0x00000034   Code   RO         2748    i.ble_db_discovery_evt_register  ble_db_discovery.o
    0x00023f60   0x00023f60   0x00000038   Code   RO         2749    i.ble_db_discovery_init  ble_db_discovery.o
    0x00023f98   0x00023f98   0x0000006c   Code   RO         2750    i.ble_db_discovery_on_ble_evt  ble_db_discovery.o
    0x00024004   0x00024004   0x00000098   Code   RO         2751    i.ble_db_discovery_start  ble_db_discovery.o
    0x0002409c   0x0002409c   0x00000076   Code   RO         2203    i.ble_device_addr_encode  ble_advdata.o
    0x00024112   0x00024112   0x00000018   Code   RO          693    i.ble_dfu_evt_handler  ble_salve.o
    0x0002412a   0x0002412a   0x00000002   PAD
    0x0002412c   0x0002412c   0x000000a0   Code   RO         4573    i.ble_dfu_init      ble_dfu.o
    0x000241cc   0x000241cc   0x0000005a   Code   RO         4574    i.ble_dfu_on_ble_evt  ble_dfu.o
    0x00024226   0x00024226   0x00000002   PAD
    0x00024228   0x00024228   0x0000008c   Code   RO          639    i.ble_evt_dispatch  ble_config.o
    0x000242b4   0x000242b4   0x00000022   Code   RO         4682    i.ble_nus_c_handles_assign  ble_nus_c.o
    0x000242d6   0x000242d6   0x00000002   PAD
    0x000242d8   0x000242d8   0x00000064   Code   RO         4683    i.ble_nus_c_init    ble_nus_c.o
    0x0002433c   0x0002433c   0x0000005e   Code   RO         4684    i.ble_nus_c_on_ble_evt  ble_nus_c.o
    0x0002439a   0x0002439a   0x00000098   Code   RO         4685    i.ble_nus_c_on_db_disc_evt  ble_nus_c.o
    0x00024432   0x00024432   0x0000002c   Code   RO         4686    i.ble_nus_c_rx_notif_enable  ble_nus_c.o
    0x0002445e   0x0002445e   0x00000002   PAD
    0x00024460   0x00024460   0x00000094   Code   RO         4508    i.ble_nus_init      ble_nus.o
    0x000244f4   0x000244f4   0x00000042   Code   RO         4509    i.ble_nus_on_ble_evt  ble_nus.o
    0x00024536   0x00024536   0x00000056   Code   RO         4510    i.ble_nus_string_send  ble_nus.o
    0x0002458c   0x0002458c   0x00000012   Code   RO         2879    i.ble_srv_is_notification_enabled  ble_srv_common.o
    0x0002459e   0x0002459e   0x00000002   PAD
    0x000245a0   0x000245a0   0x000000bc   Code   RO          640    i.ble_stack_init    ble_config.o
    0x0002465c   0x0002465c   0x00000200   Code   RO         1070    i.bsp_button_event_handler  key.o
    0x0002485c   0x0002485c   0x00000020   Code   RO         1071    i.buttons_init      key.o
    0x0002487c   0x0002487c   0x00000030   Code   RO         4688    i.cccd_configure    ble_nus_c.o
    0x000248ac   0x000248ac   0x00000020   Code   RO         5002    i.channel_free      nrf_drv_gpiote.o
    0x000248cc   0x000248cc   0x00000010   Code   RO         5003    i.channel_handler_get  nrf_drv_gpiote.o
    0x000248dc   0x000248dc   0x00000080   Code   RO         5004    i.channel_port_alloc  nrf_drv_gpiote.o
    0x0002495c   0x0002495c   0x0000000c   Code   RO         5005    i.channel_port_get  nrf_drv_gpiote.o
    0x00024968   0x00024968   0x00000060   Code   RO         2752    i.characteristics_discover  ble_db_discovery.o
    0x000249c8   0x000249c8   0x00000020   Code   RO         7008    i.check_config      fstorage.o
    0x000249e8   0x000249e8   0x00000030   Code   RO         6584    i.chunk_queue_get_and_advance  fds.o
    0x00024a18   0x00024a18   0x0000002c   Code   RO         6586    i.chunk_queue_skip  fds.o
    0x00024a44   0x00024a44   0x00000030   Code   RO         4763    i.clock_clk_started_notify  nrf_drv_clock.o
    0x00024a74   0x00024a74   0x00000090   Code   RO         6302    i.compare_reg_update  app_timer.o
    0x00024b04   0x00024b04   0x0000005a   Code   RO         2204    i.conn_int_check    ble_advdata.o
    0x00024b5e   0x00024b5e   0x00000068   Code   RO         2205    i.conn_int_encode   ble_advdata.o
    0x00024bc6   0x00024bc6   0x00000010   Code   RO          694    i.conn_params_error_handler  ble_salve.o
    0x00024bd6   0x00024bd6   0x00000002   PAD
    0x00024bd8   0x00024bd8   0x0000005c   Code   RO          695    i.conn_params_init  ble_salve.o
    0x00024c34   0x00024c34   0x00000084   Code   RO         2497    i.conn_params_negotiation  ble_conn_params.o
    0x00024cb8   0x00024cb8   0x0000027c   Code   RO         1265    i.countStep         stepcounter.o
    0x00024f34   0x00024f34   0x0000004c   Code   RO          406    i.crc32_compute     crc32.o
    0x00024f80   0x00024f80   0x00000014   Code   RO          641    i.db_disc_handler   ble_config.o
    0x00024f94   0x00024f94   0x00000024   Code   RO          642    i.db_discovery_init  ble_config.o
    0x00024fb8   0x00024fb8   0x0000004a   Code   RO         6587    i.delete_execute    fds.o
    0x00025002   0x00025002   0x000000b6   Code   RO         2753    i.descriptors_discover  ble_db_discovery.o
    0x000250b8   0x000250b8   0x0000008c   Code   RO         6072    i.detection_delay_timeout_handler  app_button.o
    0x00025144   0x00025144   0x0000010c   Code   RO         1266    i.detectorNewStep   stepcounter.o
    0x00025250   0x00025250   0x000000ac   Code   RO         1267    i.detectorPeak      stepcounter.o
    0x000252fc   0x000252fc   0x00000028   Code   RO         5897    i.dfu_settings_write_callback  nrf_dfu_settings.o
    0x00025324   0x00025324   0x000000b8   Code   RO         2754    i.discovery_complete_evt_trigger  ble_db_discovery.o
    0x000253dc   0x000253dc   0x0000003e   Code   RO         2755    i.discovery_error_evt_trigger  ble_db_discovery.o
    0x0002541a   0x0002541a   0x00000002   PAD
    0x0002541c   0x0002541c   0x00000064   Code   RO         6303    i.elapsed_ticks_acquire  app_timer.o
    0x00025480   0x00025480   0x0000002c   Code   RO         4575    i.enter_bootloader  ble_dfu.o
    0x000254ac   0x000254ac   0x0000000a   Code   RO         7009    i.erase_execute     fstorage.o
    0x000254b6   0x000254b6   0x00000002   PAD
    0x000254b8   0x000254b8   0x00000054   Code   RO         7605    i.errata_108        system_nrf52.o
    0x0002550c   0x0002550c   0x00000054   Code   RO         7606    i.errata_12         system_nrf52.o
    0x00025560   0x00025560   0x00000054   Code   RO         7607    i.errata_136        system_nrf52.o
    0x000255b4   0x000255b4   0x00000030   Code   RO         7608    i.errata_16         system_nrf52.o
    0x000255e4   0x000255e4   0x00000020   Code   RO         7609    i.errata_182        system_nrf52.o
    0x00025604   0x00025604   0x00000054   Code   RO         7610    i.errata_31         system_nrf52.o
    0x00025658   0x00025658   0x00000030   Code   RO         7611    i.errata_32         system_nrf52.o
    0x00025688   0x00025688   0x00000054   Code   RO         7612    i.errata_36         system_nrf52.o
    0x000256dc   0x000256dc   0x00000030   Code   RO         7613    i.errata_37         system_nrf52.o
    0x0002570c   0x0002570c   0x00000030   Code   RO         7614    i.errata_57         system_nrf52.o
    0x0002573c   0x0002573c   0x00000030   Code   RO         7615    i.errata_66         system_nrf52.o
    0x0002576c   0x0002576c   0x00000076   Code   RO         6589    i.event_prepare     fds.o
    0x000257e2   0x000257e2   0x00000002   PAD
    0x000257e4   0x000257e4   0x00000028   Code   RO         6590    i.event_send        fds.o
    0x0002580c   0x0002580c   0x00000058   Code   RO         6304    i.expired_timers_handler  app_timer.o
    0x00025864   0x00025864   0x00000040   Code   RO         6610    i.file_find_and_delete  fds.o
    0x000258a4   0x000258a4   0x0000001e   Code   RO         5569    i.finish_transfer   nrf_drv_spi.o
    0x000258c2   0x000258c2   0x00000002   PAD
    0x000258c4   0x000258c4   0x00000010   Code   RO         6611    i.flag_clear        fds.o
    0x000258d4   0x000258d4   0x00000018   Code   RO         6612    i.flag_is_set       fds.o
    0x000258ec   0x000258ec   0x00000010   Code   RO         6613    i.flag_set          fds.o
    0x000258fc   0x000258fc   0x00000036   Code   RO         2206    i.flags_encode      ble_advdata.o
    0x00025932   0x00025932   0x00000014   Code   RO         2358    i.flash_access_in_progress  ble_advertising.o
    0x00025946   0x00025946   0x00000002   PAD
    0x00025948   0x00025948   0x00000020   Code   RO         4576    i.flash_callback    ble_dfu.o
    0x00025968   0x00025968   0x00000080   Code   RO         7010    i.fs_erase          fstorage.o
    0x000259e8   0x000259e8   0x0000000e   Code   RO         6614    i.fs_event_handler  fds.o
    0x000259f6   0x000259f6   0x00000002   PAD
    0x000259f8   0x000259f8   0x00000010   Code   RO          524    i.fs_evt_handler    app_fds.o
    0x00025a08   0x00025a08   0x00000040   Code   RO         5948    i.fs_evt_handler    nrf_dfu_flash.o
    0x00025a48   0x00025a48   0x00000014   Code   RO         7011    i.fs_fake_init      fstorage.o
    0x00025a5c   0x00025a5c   0x00000018   Code   RO         7014    i.fs_queued_op_count_get  fstorage.o
    0x00025a74   0x00025a74   0x00000094   Code   RO         7015    i.fs_store          fstorage.o
    0x00025b08   0x00025b08   0x00000070   Code   RO         7016    i.fs_sys_event_handler  fstorage.o
    0x00025b78   0x00025b78   0x0000007c   Code   RO          696    i.gap_params_init   ble_salve.o
    0x00025bf4   0x00025bf4   0x00000074   Code   RO         6615    i.gc_execute        fds.o
    0x00025c68   0x00025c68   0x00000040   Code   RO         6616    i.gc_init           fds.o
    0x00025ca8   0x00025ca8   0x00000028   Code   RO         6617    i.gc_next_page      fds.o
    0x00025cd0   0x00025cd0   0x00000044   Code   RO         6618    i.gc_page_erase     fds.o
    0x00025d14   0x00025d14   0x00000048   Code   RO         6619    i.gc_page_next      fds.o
    0x00025d5c   0x00025d5c   0x00000040   Code   RO         6620    i.gc_record_copy    fds.o
    0x00025d9c   0x00025d9c   0x00000024   Code   RO         6621    i.gc_record_find_next  fds.o
    0x00025dc0   0x00025dc0   0x00000058   Code   RO         6622    i.gc_state_advance  fds.o
    0x00025e18   0x00025e18   0x0000002c   Code   RO         6623    i.gc_swap_erase     fds.o
    0x00025e44   0x00025e44   0x00000044   Code   RO         6624    i.gc_swap_pages     fds.o
    0x00025e88   0x00025e88   0x00000020   Code   RO         6625    i.gc_swap_promote   fds.o
    0x00025ea8   0x00025ea8   0x00000018   Code   RO         6626    i.gc_tag_new_swap   fds.o
    0x00025ec0   0x00025ec0   0x00000020   Code   RO         6627    i.gc_update_swap_offset  fds.o
    0x00025ee0   0x00025ee0   0x000000e8   Code   RO         1268    i.get_Gsenson_Value  stepcounter.o
    0x00025fc8   0x00025fc8   0x00000088   Code   RO          602    i.get_mac_addr      misc.o
    0x00026050   0x00026050   0x00000080   Code   RO         6073    i.gpiote_event_handler  app_button.o
    0x000260d0   0x000260d0   0x00000018   Code   RO         6628    i.header_is_valid   fds.o
    0x000260e8   0x000260e8   0x00000118   Code   RO         6629    i.init_execute      fds.o
    0x00026200   0x00026200   0x000000b8   Code   RO         7294    i.intern_softdevice_events_execute  softdevice_handler.o
    0x000262b8   0x000262b8   0x00000024   Code   RO         5570    i.irq_handler_spim  nrf_drv_spi.o
    0x000262dc   0x000262dc   0x00000022   Code   RO         2756    i.is_char_discovery_reqd  ble_db_discovery.o
    0x000262fe   0x000262fe   0x00000002   PAD
    0x00026300   0x00026300   0x00000024   Code   RO         2498    i.is_conn_params_ok  ble_conn_params.o
    0x00026324   0x00026324   0x0000005e   Code   RO         2757    i.is_desc_discovery_reqd  ble_db_discovery.o
    0x00026382   0x00026382   0x00000010   Code   RO         6630    i.is_word_aligned   fds.o
    0x00026392   0x00026392   0x0000000c   Code   RO         4766    i.item_dequeue      nrf_drv_clock.o
    0x0002639e   0x0002639e   0x00000002   PAD
    0x000263a0   0x000263a0   0x0000007c   Code   RO         6305    i.list_deletions_handler  app_timer.o
    0x0002641c   0x0002641c   0x000000f8   Code   RO         6306    i.list_insertions_handler  app_timer.o
    0x00026514   0x00026514   0x000000d4   Code   RO            6    i.main              main.o
    0x000265e8   0x000265e8   0x00000076   Code   RO         2207    i.manuf_specific_data_encode  ble_advdata.o
    0x0002665e   0x0002665e   0x00000002   PAD
    0x00026660   0x00026660   0x00000050   Code   RO          799    i.max30102_10ms_handler  timer.o
    0x000266b0   0x000266b0   0x00000042   Code   RO         1904    i.maxim_find_peaks  max3010x.o
    0x000266f2   0x000266f2   0x00000002   PAD
    0x000266f4   0x000266f4   0x00000500   Code   RO         1905    i.maxim_heart_rate_and_oxygen_saturation  max3010x.o
    0x00026bf4   0x00026bf4   0x0000007a   Code   RO         1906    i.maxim_peaks_above_min_height  max3010x.o
    0x00026c6e   0x00026c6e   0x00000072   Code   RO         1907    i.maxim_remove_close_peaks  max3010x.o
    0x00026ce0   0x00026ce0   0x00000036   Code   RO         1908    i.maxim_sort_ascend  max3010x.o
    0x00026d16   0x00026d16   0x00000040   Code   RO         1909    i.maxim_sort_indices_descend  max3010x.o
    0x00026d56   0x00026d56   0x00000022   Code   RO         1015    i.monthLength       utc.o
    0x00026d78   0x00026d78   0x000000c2   Code   RO         2208    i.name_encode       ble_advdata.o
    0x00026e3a   0x00026e3a   0x00000012   Code   RO         4770    i.nrf_clock_event_check  nrf_drv_clock.o
    0x00026e4c   0x00026e4c   0x00000012   Code   RO         4771    i.nrf_clock_event_clear  nrf_drv_clock.o
    0x00026e5e   0x00026e5e   0x00000002   PAD
    0x00026e60   0x00026e60   0x0000000c   Code   RO         4773    i.nrf_clock_int_disable  nrf_drv_clock.o
    0x00026e6c   0x00026e6c   0x00000012   Code   RO         1121    i.nrf_delay_ms      oled.o
    0x00026e7e   0x00026e7e   0x00000002   PAD
    0x00026e80   0x00026e80   0x00000098   Code   RO         1122    i.nrf_delay_us      oled.o
    0x00026f18   0x00026f18   0x00000098   Code   RO         1472    i.nrf_delay_us      comm_protocol.o
    0x00026fb0   0x00026fb0   0x00000098   Code   RO         2023    i.nrf_delay_us      iic.o
    0x00027048   0x00027048   0x00000098   Code   RO         6307    i.nrf_delay_us      app_timer.o
    0x000270e0   0x000270e0   0x000000b4   Code   RO         5949    i.nrf_dfu_flash_erase  nrf_dfu_flash.o
    0x00027194   0x00027194   0x0000003c   Code   RO         5951    i.nrf_dfu_flash_init  nrf_dfu_flash.o
    0x000271d0   0x000271d0   0x000000b4   Code   RO         5952    i.nrf_dfu_flash_store  nrf_dfu_flash.o
    0x00027284   0x00027284   0x00000014   Code   RO         5898    i.nrf_dfu_settings_calculate_crc  nrf_dfu_settings.o
    0x00027298   0x00027298   0x00000054   Code   RO         5899    i.nrf_dfu_settings_init  nrf_dfu_settings.o
    0x000272ec   0x000272ec   0x00000078   Code   RO         5900    i.nrf_dfu_settings_write  nrf_dfu_settings.o
    0x00027364   0x00027364   0x00000040   Code   RO         4782    i.nrf_drv_clock_init  nrf_drv_clock.o
    0x000273a4   0x000273a4   0x00000034   Code   RO         4788    i.nrf_drv_clock_on_sd_enable  nrf_drv_clock.o
    0x000273d8   0x000273d8   0x0000000e   Code   RO         4789    i.nrf_drv_clock_on_soc_event  nrf_drv_clock.o
    0x000273e6   0x000273e6   0x00000002   PAD
    0x000273e8   0x000273e8   0x00000060   Code   RO         4970    i.nrf_drv_common_irq_enable  nrf_drv_common.o
    0x00027448   0x00027448   0x000000b8   Code   RO         5010    i.nrf_drv_gpiote_in_event_enable  nrf_drv_gpiote.o
    0x00027500   0x00027500   0x000000d8   Code   RO         5011    i.nrf_drv_gpiote_in_init  nrf_drv_gpiote.o
    0x000275d8   0x000275d8   0x0000001c   Code   RO         5012    i.nrf_drv_gpiote_in_is_set  nrf_drv_gpiote.o
    0x000275f4   0x000275f4   0x0000005c   Code   RO         5014    i.nrf_drv_gpiote_init  nrf_drv_gpiote.o
    0x00027650   0x00027650   0x00000014   Code   RO         5015    i.nrf_drv_gpiote_is_init  nrf_drv_gpiote.o
    0x00027664   0x00027664   0x00000014   Code   RO         5571    i.nrf_drv_is_in_RAM  nrf_drv_spi.o
    0x00027678   0x00027678   0x000000bc   Code   RO         5715    i.nrf_drv_saadc_buffer_convert  nrf_drv_saadc.o
    0x00027734   0x00027734   0x00000058   Code   RO         5717    i.nrf_drv_saadc_channel_init  nrf_drv_saadc.o
    0x0002778c   0x0002778c   0x00000058   Code   RO         5718    i.nrf_drv_saadc_channel_uninit  nrf_drv_saadc.o
    0x000277e4   0x000277e4   0x00000024   Code   RO          936    i.nrf_drv_saadc_gpio_to_ain  adc.o
    0x00027808   0x00027808   0x00000098   Code   RO         5719    i.nrf_drv_saadc_init  nrf_drv_saadc.o
    0x000278a0   0x000278a0   0x000000b0   Code   RO         5721    i.nrf_drv_saadc_limits_set  nrf_drv_saadc.o
    0x00027950   0x00027950   0x00000030   Code   RO         5722    i.nrf_drv_saadc_sample  nrf_drv_saadc.o
    0x00027980   0x00027980   0x0000007c   Code   RO         5725    i.nrf_drv_saadc_uninit  nrf_drv_saadc.o
    0x000279fc   0x000279fc   0x0000013c   Code   RO         5573    i.nrf_drv_spi_init  nrf_drv_spi.o
    0x00027b38   0x00027b38   0x0000002c   Code   RO         5575    i.nrf_drv_spi_transfer  nrf_drv_spi.o
    0x00027b64   0x00027b64   0x00000074   Code   RO         5576    i.nrf_drv_spi_uninit  nrf_drv_spi.o
    0x00027bd8   0x00027bd8   0x00000064   Code   RO         5577    i.nrf_drv_spi_xfer  nrf_drv_spi.o
    0x00027c3c   0x00027c3c   0x00000024   Code   RO          341    i.nrf_gpio_cfg      app_gpio.o
    0x00027c60   0x00027c60   0x00000024   Code   RO          800    i.nrf_gpio_cfg      timer.o
    0x00027c84   0x00027c84   0x00000024   Code   RO         1123    i.nrf_gpio_cfg      oled.o
    0x00027ca8   0x00027ca8   0x00000024   Code   RO         2024    i.nrf_gpio_cfg      iic.o
    0x00027ccc   0x00027ccc   0x00000024   Code   RO         5029    i.nrf_gpio_cfg      nrf_drv_gpiote.o
    0x00027cf0   0x00027cf0   0x00000024   Code   RO         5578    i.nrf_gpio_cfg      nrf_drv_spi.o
    0x00027d14   0x00027d14   0x00000018   Code   RO          342    i.nrf_gpio_cfg_default  app_gpio.o
    0x00027d2c   0x00027d2c   0x00000018   Code   RO         1124    i.nrf_gpio_cfg_default  oled.o
    0x00027d44   0x00027d44   0x0000002c   Code   RO         1840    i.nrf_gpio_cfg_default  spi.o
    0x00027d70   0x00027d70   0x00000018   Code   RO         2025    i.nrf_gpio_cfg_default  iic.o
    0x00027d88   0x00027d88   0x0000001a   Code   RO         2026    i.nrf_gpio_cfg_input  iic.o
    0x00027da2   0x00027da2   0x00000018   Code   RO         1125    i.nrf_gpio_cfg_output  oled.o
    0x00027dba   0x00027dba   0x00000018   Code   RO         2027    i.nrf_gpio_cfg_output  iic.o
    0x00027dd2   0x00027dd2   0x00000018   Code   RO         5579    i.nrf_gpio_cfg_output  nrf_drv_spi.o
    0x00027dea   0x00027dea   0x00000002   PAD
    0x00027dec   0x00027dec   0x00000024   Code   RO         5031    i.nrf_gpio_cfg_sense_set  nrf_drv_gpiote.o
    0x00027e10   0x00027e10   0x00000010   Code   RO         1126    i.nrf_gpio_pin_clear  oled.o
    0x00027e20   0x00027e20   0x00000010   Code   RO         2028    i.nrf_gpio_pin_clear  iic.o
    0x00027e30   0x00027e30   0x00000010   Code   RO         5580    i.nrf_gpio_pin_clear  nrf_drv_spi.o
    0x00027e40   0x00027e40   0x00000014   Code   RO          937    i.nrf_gpio_pin_read  adc.o
    0x00027e54   0x00027e54   0x00000014   Code   RO         2029    i.nrf_gpio_pin_read  iic.o
    0x00027e68   0x00027e68   0x00000010   Code   RO         1127    i.nrf_gpio_pin_set  oled.o
    0x00027e78   0x00027e78   0x00000010   Code   RO         2030    i.nrf_gpio_pin_set  iic.o
    0x00027e88   0x00027e88   0x00000010   Code   RO         5581    i.nrf_gpio_pin_set  nrf_drv_spi.o
    0x00027e98   0x00027e98   0x0000000c   Code   RO         5034    i.nrf_gpiote_event_addr_get  nrf_drv_gpiote.o
    0x00027ea4   0x00027ea4   0x0000001c   Code   RO         5035    i.nrf_gpiote_event_clear  nrf_drv_gpiote.o
    0x00027ec0   0x00027ec0   0x00000016   Code   RO         5036    i.nrf_gpiote_event_is_set  nrf_drv_gpiote.o
    0x00027ed6   0x00027ed6   0x00000002   PAD
    0x00027ed8   0x00027ed8   0x0000000c   Code   RO         5037    i.nrf_gpiote_int_enable  nrf_drv_gpiote.o
    0x00027ee4   0x00027ee4   0x0000003c   Code   RO         6020    i.nrf_nvmc_page_erase  nrf_nvmc.o
    0x00027f20   0x00027f20   0x0000004c   Code   RO         6024    i.nrf_nvmc_write_words  nrf_nvmc.o
    0x00027f6c   0x00027f6c   0x00000010   Code   RO         5726    i.nrf_saadc_buffer_init  nrf_drv_saadc.o
    0x00027f7c   0x00027f7c   0x00000070   Code   RO         5864    i.nrf_saadc_channel_init  nrf_saadc.o
    0x00027fec   0x00027fec   0x00000018   Code   RO         5727    i.nrf_saadc_channel_input_set  nrf_drv_saadc.o
    0x00028004   0x00028004   0x00000014   Code   RO         5728    i.nrf_saadc_event_check  nrf_drv_saadc.o
    0x00028018   0x00028018   0x00000018   Code   RO         5729    i.nrf_saadc_event_clear  nrf_drv_saadc.o
    0x00028030   0x00028030   0x0000000c   Code   RO         5730    i.nrf_saadc_int_disable  nrf_drv_saadc.o
    0x0002803c   0x0002803c   0x0000000c   Code   RO         5731    i.nrf_saadc_int_enable  nrf_drv_saadc.o
    0x00028048   0x00028048   0x00000014   Code   RO         5732    i.nrf_saadc_limit_int_get  nrf_drv_saadc.o
    0x0002805c   0x0002805c   0x0000000c   Code   RO         5733    i.nrf_saadc_task_trigger  nrf_drv_saadc.o
    0x00028068   0x00028068   0x0000000e   Code   RO         5582    i.nrf_spim_event_check  nrf_drv_spi.o
    0x00028076   0x00028076   0x0000000e   Code   RO         5583    i.nrf_spim_event_clear  nrf_drv_spi.o
    0x00028084   0x00028084   0x00000006   Code   RO         5584    i.nrf_spim_int_disable  nrf_drv_spi.o
    0x0002808a   0x0002808a   0x00000006   Code   RO         5585    i.nrf_spim_int_enable  nrf_drv_spi.o
    0x00028090   0x00028090   0x00000006   Code   RO         5586    i.nrf_spim_task_trigger  nrf_drv_spi.o
    0x00028096   0x00028096   0x0000000c   Code   RO         5296    i.nrf_uart_errorsrc_get_and_clear  nrf_drv_uart.o
    0x000280a2   0x000280a2   0x0000000e   Code   RO         5297    i.nrf_uart_event_check  nrf_drv_uart.o
    0x000280b0   0x000280b0   0x0000000e   Code   RO         5298    i.nrf_uart_event_clear  nrf_drv_uart.o
    0x000280be   0x000280be   0x00000006   Code   RO         5300    i.nrf_uart_int_disable  nrf_drv_uart.o
    0x000280c4   0x000280c4   0x00000012   Code   RO         5302    i.nrf_uart_int_enable_check  nrf_drv_uart.o
    0x000280d6   0x000280d6   0x00000006   Code   RO         5303    i.nrf_uart_task_trigger  nrf_drv_uart.o
    0x000280dc   0x000280dc   0x0000000c   Code   RO         5305    i.nrf_uarte_errorsrc_get_and_clear  nrf_drv_uart.o
    0x000280e8   0x000280e8   0x0000000e   Code   RO         5306    i.nrf_uarte_event_check  nrf_drv_uart.o
    0x000280f6   0x000280f6   0x0000000e   Code   RO         5307    i.nrf_uarte_event_clear  nrf_drv_uart.o
    0x00028104   0x00028104   0x0000000a   Code   RO         5311    i.nrf_uarte_rx_amount_get  nrf_drv_uart.o
    0x0002810e   0x0002810e   0x00000002   PAD
    0x00028110   0x00028110   0x00000084   Code   RO         2135    i.nus_c_evt_handler  ble_master.o
    0x00028194   0x00028194   0x0000002c   Code   RO         2136    i.nus_c_init        ble_master.o
    0x000281c0   0x000281c0   0x00000012   Code   RO          697    i.nus_data_handler  ble_salve.o
    0x000281d2   0x000281d2   0x00000016   Code   RO         1128    i.oled_pow          oled.o
    0x000281e8   0x000281e8   0x0000002e   Code   RO          698    i.on_adv_evt        ble_salve.o
    0x00028216   0x00028216   0x00000002   PAD
    0x00028218   0x00028218   0x00000148   Code   RO         2137    i.on_ble_central_evt  ble_master.o
    0x00028360   0x00028360   0x000001dc   Code   RO          699    i.on_ble_peripheral_evt  ble_salve.o
    0x0002853c   0x0002853c   0x00000154   Code   RO         2758    i.on_characteristic_discovery_rsp  ble_db_discovery.o
    0x00028690   0x00028690   0x00000018   Code   RO         2499    i.on_conn_params_update  ble_conn_params.o
    0x000286a8   0x000286a8   0x00000038   Code   RO         2500    i.on_connect        ble_conn_params.o
    0x000286e0   0x000286e0   0x00000006   Code   RO         4511    i.on_connect        ble_nus.o
    0x000286e6   0x000286e6   0x00000006   Code   RO         4577    i.on_connect        ble_dfu.o
    0x000286ec   0x000286ec   0x00000014   Code   RO         2359    i.on_connected      ble_advertising.o
    0x00028700   0x00028700   0x0000007a   Code   RO         4578    i.on_ctrlpt_write   ble_dfu.o
    0x0002877a   0x0002877a   0x00000002   PAD
    0x0002877c   0x0002877c   0x000000e0   Code   RO         2759    i.on_descriptor_discovery_rsp  ble_db_discovery.o
    0x0002885c   0x0002885c   0x00000040   Code   RO         2501    i.on_disconnect     ble_conn_params.o
    0x0002889c   0x0002889c   0x00000008   Code   RO         4512    i.on_disconnect     ble_nus.o
    0x000288a4   0x000288a4   0x0000005c   Code   RO         4579    i.on_disconnect     ble_dfu.o
    0x00028900   0x00028900   0x0000003c   Code   RO         2360    i.on_disconnected   ble_advertising.o
    0x0002893c   0x0002893c   0x00000012   Code   RO         2760    i.on_disconnected   ble_db_discovery.o
    0x0002894e   0x0002894e   0x00000034   Code   RO         4689    i.on_hvx            ble_nus_c.o
    0x00028982   0x00028982   0x00000002   PAD
    0x00028984   0x00028984   0x0000002c   Code   RO         7017    i.on_operation_failure  fstorage.o
    0x000289b0   0x000289b0   0x00000078   Code   RO         7018    i.on_operation_success  fstorage.o
    0x00028a28   0x00028a28   0x00000080   Code   RO         2761    i.on_primary_srv_discovery_rsp  ble_db_discovery.o
    0x00028aa8   0x00028aa8   0x0000003e   Code   RO         4580    i.on_rw_authorize_req  ble_dfu.o
    0x00028ae6   0x00028ae6   0x00000002   PAD
    0x00028ae8   0x00028ae8   0x0000009c   Code   RO         2762    i.on_srv_disc_completion  ble_db_discovery.o
    0x00028b84   0x00028b84   0x00000038   Code   RO         2361    i.on_timeout        ble_advertising.o
    0x00028bbc   0x00028bbc   0x0000004c   Code   RO         2502    i.on_write          ble_conn_params.o
    0x00028c08   0x00028c08   0x00000046   Code   RO         4513    i.on_write          ble_nus.o
    0x00028c4e   0x00028c4e   0x00000042   Code   RO         4581    i.on_write          ble_dfu.o
    0x00028c90   0x00028c90   0x00000040   Code   RO         6632    i.page_from_record  fds.o
    0x00028cd0   0x00028cd0   0x00000012   Code   RO         6636    i.page_offsets_update  fds.o
    0x00028ce2   0x00028ce2   0x00000002   PAD
    0x00028ce4   0x00028ce4   0x00000020   Code   RO         6638    i.page_tag_write_data  fds.o
    0x00028d04   0x00028d04   0x00000024   Code   RO         6639    i.page_tag_write_swap  fds.o
    0x00028d28   0x00028d28   0x00000098   Code   RO         1269    i.peakValleyThread  stepcounter.o
    0x00028dc0   0x00028dc0   0x0000003c   Code   RO         2763    i.pending_user_evts_send  ble_db_discovery.o
    0x00028dfc   0x00028dfc   0x00000032   Code   RO          801    i.period_timeout_handler  timer.o
    0x00028e2e   0x00028e2e   0x00000002   PAD
    0x00028e30   0x00028e30   0x0000001c   Code   RO         5040    i.pin_in_use_by_gpiote  nrf_drv_gpiote.o
    0x00028e4c   0x00028e4c   0x00000018   Code   RO         5041    i.pin_in_use_by_port  nrf_drv_gpiote.o
    0x00028e64   0x00028e64   0x00000020   Code   RO         5042    i.pin_in_use_by_te  nrf_drv_gpiote.o
    0x00028e84   0x00028e84   0x0000000c   Code   RO         5043    i.pin_in_use_clear  nrf_drv_gpiote.o
    0x00028e90   0x00028e90   0x0000001a   Code   RO            7    i.power_manage      main.o
    0x00028eaa   0x00028eaa   0x00000002   PAD
    0x00028eac   0x00028eac   0x00000054   Code   RO         6641    i.queue_advance     fds.o
    0x00028f00   0x00028f00   0x00000040   Code   RO         7019    i.queue_advance     fstorage.o
    0x00028f40   0x00028f40   0x00000078   Code   RO         7020    i.queue_get_next_free  fstorage.o
    0x00028fb8   0x00028fb8   0x000000a4   Code   RO         6642    i.queue_process     fds.o
    0x0002905c   0x0002905c   0x00000070   Code   RO         7021    i.queue_process     fstorage.o
    0x000290cc   0x000290cc   0x0000002c   Code   RO         7022    i.queue_start       fstorage.o
    0x000290f8   0x000290f8   0x0000004c   Code   RO         2601    i.record_activate   ble_conn_state.o
    0x00029144   0x00029144   0x00000088   Code   RO         6644    i.record_find       fds.o
    0x000291cc   0x000291cc   0x00000048   Code   RO         6645    i.record_find_and_delete  fds.o
    0x00029214   0x00029214   0x0000007c   Code   RO         6646    i.record_find_by_desc  fds.o
    0x00029290   0x00029290   0x00000060   Code   RO         6647    i.record_find_next  fds.o
    0x000292f0   0x000292f0   0x00000028   Code   RO         6648    i.record_header_flag_dirty  fds.o
    0x00029318   0x00029318   0x0000002c   Code   RO         6649    i.record_header_write_begin  fds.o
    0x00029344   0x00029344   0x00000038   Code   RO         6650    i.record_header_write_finalize  fds.o
    0x0002937c   0x0002937c   0x00000038   Code   RO         6651    i.record_header_write_id  fds.o
    0x000293b4   0x000293b4   0x0000001c   Code   RO         2602    i.record_invalidate  ble_conn_state.o
    0x000293d0   0x000293d0   0x00000044   Code   RO         2603    i.record_purge_disconnected  ble_conn_state.o
    0x00029414   0x00029414   0x00000018   Code   RO         2604    i.record_set_disconnected  ble_conn_state.o
    0x0002942c   0x0002942c   0x00000050   Code   RO         6653    i.record_write_chunk  fds.o
    0x0002947c   0x0002947c   0x00000040   Code   RO         2764    i.registered_handler_get  ble_db_discovery.o
    0x000294bc   0x000294bc   0x00000044   Code   RO         2765    i.registered_handler_set  ble_db_discovery.o
    0x00029500   0x00029500   0x0000004c   Code   RO         4582    i.resp_send         ble_dfu.o
    0x0002954c   0x0002954c   0x0000000c   Code   RO         6308    i.rtc1_compare0_set  app_timer.o
    0x00029558   0x00029558   0x0000000c   Code   RO         6309    i.rtc1_counter_get  app_timer.o
    0x00029564   0x00029564   0x00000018   Code   RO         6310    i.rtc1_init         app_timer.o
    0x0002957c   0x0002957c   0x0000003c   Code   RO         6311    i.rtc1_start        app_timer.o
    0x000295b8   0x000295b8   0x00000058   Code   RO         6312    i.rtc1_stop         app_timer.o
    0x00029610   0x00029610   0x0000003e   Code   RO         5315    i.rx_byte           nrf_drv_uart.o
    0x0002964e   0x0002964e   0x00000136   Code   RO         4514    i.rx_char_add       ble_nus.o
    0x00029784   0x00029784   0x00000142   Code   RO         4583    i.rx_char_add       ble_dfu.o
    0x000298c6   0x000298c6   0x0000001e   Code   RO         5316    i.rx_done_event     nrf_drv_uart.o
    0x000298e4   0x000298e4   0x0000006c   Code   RO          938    i.saadc_callback    adc.o
    0x00029950   0x00029950   0x00000024   Code   RO          939    i.saadc_close       adc.o
    0x00029974   0x00029974   0x000000ac   Code   RO          940    i.saddc_init        adc.o
    0x00029a20   0x00029a20   0x00000028   Code   RO         2138    i.scan_start        ble_master.o
    0x00029a48   0x00029a48   0x0000008c   Code   RO         7296    i.sd_nvic_EnableIRQ  softdevice_handler.o
    0x00029ad4   0x00029ad4   0x00000068   Code   RO         6510    i.sd_nvic_critical_region_enter  app_util_platform.o
    0x00029b3c   0x00029b3c   0x00000076   Code   RO         7157    i.sdk_mapped_flags_bulk_update_by_key  sdk_mapped_flags.o
    0x00029bb2   0x00029bb2   0x00000024   Code   RO         7158    i.sdk_mapped_flags_first_key_index_get  sdk_mapped_flags.o
    0x00029bd6   0x00029bd6   0x00000012   Code   RO         7159    i.sdk_mapped_flags_get_by_index  sdk_mapped_flags.o
    0x00029be8   0x00029be8   0x0000002e   Code   RO         7160    i.sdk_mapped_flags_get_by_key  sdk_mapped_flags.o
    0x00029c16   0x00029c16   0x00000042   Code   RO         7161    i.sdk_mapped_flags_key_list_get  sdk_mapped_flags.o
    0x00029c58   0x00029c58   0x00000020   Code   RO         7162    i.sdk_mapped_flags_n_flags_set  sdk_mapped_flags.o
    0x00029c78   0x00029c78   0x0000001a   Code   RO         7163    i.sdk_mapped_flags_update_by_key  sdk_mapped_flags.o
    0x00029c92   0x00029c92   0x00000002   PAD
    0x00029c94   0x00029c94   0x00000170   Code   RO         1016    i.seconds_To_UTC    utc.o
    0x00029e04   0x00029e04   0x0000005c   Code   RO         7023    i.send_event        fstorage.o
    0x00029e60   0x00029e60   0x00000096   Code   RO         2209    i.service_data_encode  ble_advdata.o
    0x00029ef6   0x00029ef6   0x00000002   PAD
    0x00029ef8   0x00029ef8   0x00000038   Code   RO          700    i.service_nus_init  ble_salve.o
    0x00029f30   0x00029f30   0x00000040   Code   RO          701    i.services_init     ble_salve.o
    0x00029f70   0x00029f70   0x00000020   Code   RO         2362    i.set_adv_mode_directed  ble_advertising.o
    0x00029f90   0x00029f90   0x0000002c   Code   RO         2363    i.set_adv_mode_directed_slow  ble_advertising.o
    0x00029fbc   0x00029fbc   0x00000060   Code   RO         2364    i.set_adv_mode_fast  ble_advertising.o
    0x0002a01c   0x0002a01c   0x00000060   Code   RO         2365    i.set_adv_mode_slow  ble_advertising.o
    0x0002a07c   0x0002a07c   0x00000018   Code   RO         7297    i.softdevice_ble_evt_handler_set  softdevice_handler.o
    0x0002a094   0x0002a094   0x00000028   Code   RO         7298    i.softdevice_enable  softdevice_handler.o
    0x0002a0bc   0x0002a0bc   0x0000002c   Code   RO         7299    i.softdevice_enable_get_default_config  softdevice_handler.o
    0x0002a0e8   0x0002a0e8   0x00000014   Code   RO         7300    i.softdevice_fault_handler  softdevice_handler.o
    0x0002a0fc   0x0002a0fc   0x0000009c   Code   RO         7301    i.softdevice_handler_init  softdevice_handler.o
    0x0002a198   0x0002a198   0x0000000c   Code   RO         7302    i.softdevice_handler_is_enabled  softdevice_handler.o
    0x0002a1a4   0x0002a1a4   0x00000018   Code   RO         7307    i.softdevice_sys_evt_handler_set  softdevice_handler.o
    0x0002a1bc   0x0002a1bc   0x0000000c   Code   RO         1841    i.spi_event_handler  spi.o
    0x0002a1c8   0x0002a1c8   0x000000fa   Code   RO         5587    i.spim_xfer         nrf_drv_spi.o
    0x0002a2c2   0x0002a2c2   0x0000000e   Code   RO         2210    i.srdata_check      ble_advdata.o
    0x0002a2d0   0x0002a2d0   0x00000050   Code   RO          941    i.start_adc_convert  adc.o
    0x0002a320   0x0002a320   0x00000010   Code   RO          802    i.step_10ms_handler  timer.o
    0x0002a330   0x0002a330   0x0000003c   Code   RO          803    i.step_50ms_handler  timer.o
    0x0002a36c   0x0002a36c   0x00000032   Code   RO         7024    i.store_execute     fstorage.o
    0x0002a39e   0x0002a39e   0x00000012   Code   RO          643    i.sys_evt_dispatch  ble_config.o
    0x0002a3b0   0x0002a3b0   0x0000000a   Code   RO         6313    i.ticks_diff_get    app_timer.o
    0x0002a3ba   0x0002a3ba   0x00000002   PAD
    0x0002a3bc   0x0002a3bc   0x00000038   Code   RO         6314    i.timeout_handler_exec  app_timer.o
    0x0002a3f4   0x0002a3f4   0x00000054   Code   RO         6315    i.timer_list_handler  app_timer.o
    0x0002a448   0x0002a448   0x0000000a   Code   RO         6316    i.timer_list_handler_sched  app_timer.o
    0x0002a452   0x0002a452   0x00000002   PAD
    0x0002a454   0x0002a454   0x00000068   Code   RO         6317    i.timer_list_insert  app_timer.o
    0x0002a4bc   0x0002a4bc   0x0000006c   Code   RO         6318    i.timer_list_remove  app_timer.o
    0x0002a528   0x0002a528   0x0000005e   Code   RO         6319    i.timer_start_op_schedule  app_timer.o
    0x0002a586   0x0002a586   0x00000042   Code   RO         6320    i.timer_stop_op_schedule  app_timer.o
    0x0002a5c8   0x0002a5c8   0x000000e8   Code   RO          804    i.timer_task_create  timer.o
    0x0002a6b0   0x0002a6b0   0x00000098   Code   RO         6321    i.timer_timeouts_check  app_timer.o
    0x0002a748   0x0002a748   0x0000000a   Code   RO         6322    i.timer_timeouts_check_sched  app_timer.o
    0x0002a752   0x0002a752   0x00000002   PAD
    0x0002a754   0x0002a754   0x0000002c   Code   RO          805    i.timers_init       timer.o
    0x0002a780   0x0002a780   0x000000c4   Code   RO          806    i.timers_start      timer.o
    0x0002a844   0x0002a844   0x00000070   Code   RO          807    i.timers_start_Max30102_timer  timer.o
    0x0002a8b4   0x0002a8b4   0x0000002c   Code   RO          808    i.timers_start_adc_timer  timer.o
    0x0002a8e0   0x0002a8e0   0x00000064   Code   RO          809    i.timers_stop_Max30102_timer  timer.o
    0x0002a944   0x0002a944   0x00000026   Code   RO         5318    i.tx_byte           nrf_drv_uart.o
    0x0002a96a   0x0002a96a   0x000000ec   Code   RO         4515    i.tx_char_add       ble_nus.o
    0x0002aa56   0x0002aa56   0x00000022   Code   RO         5319    i.tx_done_event     nrf_drv_uart.o
    0x0002aa78   0x0002aa78   0x00000036   Code   RO         2211    i.tx_power_level_encode  ble_advdata.o
    0x0002aaae   0x0002aaae   0x00000142   Code   RO         5320    i.uart_irq_handler  nrf_drv_uart.o
    0x0002abf0   0x0002abf0   0x0000010c   Code   RO         5321    i.uarte_irq_handler  nrf_drv_uart.o
    0x0002acfc   0x0002acfc   0x0000000c   Code   RO         2884    i.uint16_decode     ble_srv_common.o
    0x0002ad08   0x0002ad08   0x0000000c   Code   RO         2212    i.uint16_encode     ble_advdata.o
    0x0002ad14   0x0002ad14   0x00000090   Code   RO         2503    i.update_timeout_handler  ble_conn_params.o
    0x0002ada4   0x0002ada4   0x0000003c   Code   RO         6323    i.user_op_alloc     app_timer.o
    0x0002ade0   0x0002ade0   0x0000000c   Code   RO         6324    i.user_op_enque     app_timer.o
    0x0002adec   0x0002adec   0x0000004e   Code   RO         2213    i.uuid_list_encode  ble_advdata.o
    0x0002ae3a   0x0002ae3a   0x000000dc   Code   RO         2214    i.uuid_list_sized_encode  ble_advdata.o
    0x0002af16   0x0002af16   0x00000002   PAD
    0x0002af18   0x0002af18   0x0000000c   Code   RO         2366    i.whitelist_has_entries  ble_advertising.o
    0x0002af24   0x0002af24   0x000000b8   Code   RO         6655    i.write_execute     fds.o
    0x0002afdc   0x0002afdc   0x00000004   Data   RO          344    .constdata          app_gpio.o
    0x0002afe0   0x0002afe0   0x00000004   Data   RO          645    .constdata          ble_config.o
    0x0002afe4   0x0002afe4   0x00000018   Data   RO          811    .constdata          timer.o
    0x0002affc   0x0002affc   0x0000000d   Data   RO          943    .constdata          adc.o
    0x0002b009   0x0002b009   0x00000003   PAD
    0x0002b00c   0x0002b00c   0x00000008   Data   RO         1072    .constdata          key.o
    0x0002b014   0x0002b014   0x00000954   Data   RO         1353    .constdata          oled_app.o
    0x0002b968   0x0002b968   0x00000018   Data   RO         1842    .constdata          spi.o
    0x0002b980   0x0002b980   0x000000f6   Data   RO         1912    .constdata          max3010x.o
    0x0002ba76   0x0002ba76   0x00000008   Data   RO         2140    .constdata          ble_master.o
    0x0002ba7e   0x0002ba7e   0x00000002   PAD
    0x0002ba80   0x0002ba80   0x00000004   Data   RO         2505    .constdata          ble_conn_params.o
    0x0002ba84   0x0002ba84   0x00000010   Data   RO         4516    .constdata          ble_nus.o
    0x0002ba94   0x0002ba94   0x00000010   Data   RO         4584    .constdata          ble_dfu.o
    0x0002baa4   0x0002baa4   0x00000028   Data   RO         4690    .constdata          ble_nus_c.o
    0x0002bacc   0x0002bacc   0x00000004   Data   RO         5735    .constdata          nrf_drv_saadc.o
    0x0002bad0   0x0002bad0   0x00000010   Data   RO         5954    .constdata          nrf_dfu_flash.o
    0x0002bae0   0x0002bae0   0x00000008   Data   RO         6075    .constdata          app_button.o
    0x0002bae8   0x0002bae8   0x00000014   Data   RO         6659    .constdata          fds.o
    0x0002bafc   0x0002bafc   0x00000020   Data   RO         8074    Region$$Table       anon$$obj.o


    Execution Region RW_IRAM1 (Exec base: 0x200027a8, Load base: 0x0002bb1c, Size: 0x0000a108, Max: 0x0000d858, ABSOLUTE, COMPRESSED[0x00001424])

    Exec Addr    Load Addr    Size         Type   Attr      Idx    E Section Name        Object

    0x200027a8   COMPRESSED   0x00000016   Data   RW            8    .data               main.o
    0x200027be   COMPRESSED   0x00000001   Data   RW          528    .data               app_fds.o
    0x200027bf   COMPRESSED   0x00000001   PAD
    0x200027c0   COMPRESSED   0x0000000a   Data   RW          703    .data               ble_salve.o
    0x200027ca   COMPRESSED   0x00000004   Data   RW          812    .data               timer.o
    0x200027ce   COMPRESSED   0x00000008   Data   RW          944    .data               adc.o
    0x200027d6   COMPRESSED   0x00000002   PAD
    0x200027d8   COMPRESSED   0x00000004   Data   RW         1017    .data               utc.o
    0x200027dc   COMPRESSED   0x000021bc   Data   RW         1130    .data               oled.o
    0x20004998   COMPRESSED   0x0000005c   Data   RW         1272    .data               stepcounter.o
    0x200049f4   COMPRESSED   0x000021c6   Data   RW         1354    .data               oled_app.o
    0x20006bba   COMPRESSED   0x00000001   Data   RW         1552    .data               lis3dh_driver.o
    0x20006bbb   COMPRESSED   0x00000013   Data   RW         1843    .data               spi.o
    0x20006bce   COMPRESSED   0x00000002   PAD
    0x20006bd0   COMPRESSED   0x0000000c   Data   RW         1913    .data               max3010x.o
    0x20006bdc   COMPRESSED   0x00000004   Data   RW         2141    .data               ble_master.o
    0x20006be0   COMPRESSED   0x0000001f   Data   RW         2368    .data               ble_advertising.o
    0x20006bff   COMPRESSED   0x00000001   PAD
    0x20006c00   COMPRESSED   0x00000015   Data   RW         2506    .data               ble_conn_params.o
    0x20006c15   COMPRESSED   0x00000003   PAD
    0x20006c18   COMPRESSED   0x0000000d   Data   RW         2767    .data               ble_db_discovery.o
    0x20006c25   COMPRESSED   0x00000003   PAD
    0x20006c28   COMPRESSED   0x00000004   Data   RW         4585    .data               ble_dfu.o
    0x20006c2c   COMPRESSED   0x00000008   Data   RW         5905    .data               nrf_dfu_settings.o
    0x20006c34   COMPRESSED   0x00000004   Data   RW         5955    .data               nrf_dfu_flash.o
    0x20006c38   COMPRESSED   0x00000014   Data   RW         6076    .data               app_button.o
    0x20006c4c   COMPRESSED   0x00000022   Data   RW         6325    .data               app_timer.o
    0x20006c6e   COMPRESSED   0x00000002   PAD
    0x20006c70   COMPRESSED   0x0000001c   Data   RW         6660    .data               fds.o
    0x20006c8c   COMPRESSED   0x00000002   Data   RW         7026    .data               fstorage.o
    0x20006c8e   COMPRESSED   0x00000002   PAD
    0x20006c90   COMPRESSED   0x00000018   Data   RW         7308    .data               softdevice_handler.o
    0x20006ca8   COMPRESSED   0x00000004   Data   RW         7616    .data               system_nrf52.o
    0x20006cac   COMPRESSED   0x00000004   Data   RW         8049    .data               mc_w.l(errno.o)
    0x20006cb0   COMPRESSED   0x00000010   Data   RW          529    fs_data             app_fds.o
    0x20006cc0   COMPRESSED   0x00000010   Data   RW         5956    fs_data             nrf_dfu_flash.o
    0x20006cd0   COMPRESSED   0x00000010   Data   RW         6661    fs_data             fds.o
    0x20006ce0        -       0x00000020   Zero   RW          343    .bss                app_gpio.o
    0x20006d00        -       0x00000050   Zero   RW          644    .bss                ble_config.o
    0x20006d50        -       0x00000034   Zero   RW          702    .bss                ble_salve.o
    0x20006d84        -       0x00000240   Zero   RW          810    .bss                timer.o
    0x20006fc4        -       0x00000014   Zero   RW          942    .bss                adc.o
    0x20006fd8        -       0x00000180   Zero   RW         1129    .bss                oled.o
    0x20007158        -       0x0000001c   Zero   RW         1271    .bss                stepcounter.o
    0x20007174        -       0x0000000c   Zero   RW         1352    .bss                oled_app.o
    0x20007180        -       0x00002724   Zero   RW         1911    .bss                max3010x.o
    0x200098a4        -       0x00000390   Zero   RW         2139    .bss                ble_master.o
    0x20009c34        -       0x000000af   Zero   RW         2367    .bss                ble_advertising.o
    0x20009ce3   COMPRESSED   0x00000001   PAD
    0x20009ce4        -       0x0000003c   Zero   RW         2504    .bss                ble_conn_params.o
    0x20009d20        -       0x00000034   Zero   RW         2607    .bss                ble_conn_state.o
    0x20009d54        -       0x000001f8   Zero   RW         2766    .bss                ble_db_discovery.o
    0x20009f4c        -       0x00000014   Zero   RW         4791    .bss                nrf_drv_clock.o
    0x20009f60        -       0x00000058   Zero   RW         5044    .bss                nrf_drv_gpiote.o
    0x20009fb8        -       0x00000020   Zero   RW         5322    .bss                nrf_drv_uart.o
    0x20009fd8        -       0x00000020   Zero   RW         5588    .bss                nrf_drv_spi.o
    0x20009ff8        -       0x00000030   Zero   RW         5734    .bss                nrf_drv_saadc.o
    0x2000a028        -       0x000002b8   Zero   RW         5904    .bss                nrf_dfu_settings.o
    0x2000a2e0        -       0x00000020   Zero   RW         6074    .bss                app_button.o
    0x2000a300        -       0x0000000c   Zero   RW         6511    .bss                app_util_platform.o
    0x2000a30c        -       0x00000418   Zero   RW         6658    .bss                fds.o
    0x2000a724        -       0x00000188   Zero   RW         7025    .bss                fstorage.o
    0x2000a8ac   COMPRESSED   0x00000004   PAD
    0x2000a8b0        -       0x00002000   Zero   RW         7593    STACK               arm_startup_nrf52.o



  Load Region LR$$.ARM.__AT_0x0007E000 (Base: 0x0007e000, Size: 0x00000000, Max: 0x00001000, ABSOLUTE)

    Execution Region ER$$.ARM.__AT_0x0007E000 (Exec base: 0x0007e000, Load base: 0x0007e000, Size: 0x00001000, Max: 0x00001000, ABSOLUTE, UNINIT)

    Exec Addr    Load Addr    Size         Type   Attr      Idx    E Section Name        Object

    0x0007e000        -       0x00001000   Zero   RW         5901    .ARM.__AT_0x0007E000  nrf_dfu_settings.o



  Load Region LR$$.ARM.__AT_0x0007F000 (Base: 0x0007f000, Size: 0x00000000, Max: 0x00001000, ABSOLUTE)

    Execution Region ER$$.ARM.__AT_0x0007F000 (Exec base: 0x0007f000, Load base: 0x0007f000, Size: 0x00001000, Max: 0x00001000, ABSOLUTE, UNINIT)

    Exec Addr    Load Addr    Size         Type   Attr      Idx    E Section Name        Object

    0x0007f000        -       0x00001000   Zero   RW         5902    .ARM.__AT_0x0007F000  nrf_dfu_settings.o



  Load Region LR$$.ARM.__AT_0x10001018 (Base: 0x10001018, Size: 0x00000004, Max: 0x00000004, ABSOLUTE)

    Execution Region ER$$.ARM.__AT_0x10001018 (Exec base: 0x10001018, Load base: 0x10001018, Size: 0x00000004, Max: 0x00000004, ABSOLUTE, UNINIT)

    Exec Addr    Load Addr    Size         Type   Attr      Idx    E Section Name        Object

    0x10001018   0x10001018   0x00000004   Data   RW         5903    .ARM.__AT_0x10001018  nrf_dfu_settings.o


==============================================================================

Image component sizes


      Code (inc. data)   RO Data    RW Data    ZI Data      Debug   Object Name

      1384         84         13          8         20      18527   adc.o
       480         80          8         20         32      14630   app_button.o
        28          0          0          0          0       2321   app_error.o
        68          8          0          0          0        874   app_error_weak.o
        16          6          0         17          0       1532   app_fds.o
       236         30          4          0         32       8436   app_gpio.o
         0          0          0          0          0       5456   app_scheduler.o
      2320        264          0         34          0      55487   app_timer.o
       200         24          0          0         12      10614   app_util_platform.o
        36          8        512          0       8192        948   arm_startup_nrf52.o
      1818          0          0          0          0      64120   ble_advdata.o
      1432        222          0         31        175      24549   ble_advertising.o
       462         46          4          0         80       5778   ble_config.o
       706        120          4         21         60      11224   ble_conn_params.o
       432         34          0          0         52       7726   ble_conn_state.o
      2078        120          0         13        504      20775   ble_db_discovery.o
      1072         28         16          4          0      44358   ble_dfu.o
      1268         72          8          4        912       7551   ble_master.o
       930          4         16          0          0       8870   ble_nus.o
       524         10         40          0          0      18058   ble_nus_c.o
      1264         70          0         10         52      11745   ble_salve.o
        30          0          0          0          0       6214   ble_srv_common.o
      1004         30          0          0          0       3815   comm_protocol.o
        76          6          0          0          0       1508   crc32.o
      2856        326         20         44       1048      36884   fds.o
      1120         70          0          2        392      14248   fstorage.o
       774         34          0          0          0      13916   iic.o
       544         32          8          0          0       3763   key.o
       610          4          0          1          0       7717   lis3dh_driver.o
       266         18          0         22          0     141434   main.o
      2882        104        246         12      10020      16447   max3010x.o
       136          6          0          0          0       2063   misc.o
       484         38         16         20          0       7293   nrf_dfu_flash.o
       264         54          0         12       8888       4530   nrf_dfu_settings.o
       318         32          0          0         20      42175   nrf_drv_clock.o
        96         12          0          0          0      29119   nrf_drv_common.o
      1414        132          0          0         88      28248   nrf_drv_gpiote.o
      1516         96          4          0         48      22964   nrf_drv_saadc.o
      1074         50          0          0         32      28549   nrf_drv_spi.o
       910          8          0          0         32      26318   nrf_drv_uart.o
       136         20          0          0          0       2185   nrf_nvmc.o
       112          4          0          0          0       6793   nrf_saadc.o
      1952         68          0       8636        384      17766   oled.o
      3356        354       2388       8646         12      17533   oled_app.o
         0          0          0          0          0       2408   peer_data.o
       342          0          0          0          0       7495   sdk_mapped_flags.o
       794         98          0         24          0      42856   softdevice_handler.o
       416         76         24         19          0       8509   spi.o
      1816        198          0         92         28       8733   stepcounter.o
      1352        144          0          4          0       8883   system_nrf52.o
      1578        192         24          4        576      29920   timer.o
       676         22          0          4          0       6378   utc.o

    ----------------------------------------------------------------------
     45744       3458       3392      17720      31696     940243   Object Totals
         0          0         32          0          0          0   (incl. Generated)
        86          0          5         16          5          0   (incl. Padding)

    ----------------------------------------------------------------------

      Code (inc. data)   RO Data    RW Data    ZI Data      Debug   Library Member Name

       122          0          0          0          0        148   sqrt.o
        94          0          0          0          0          0   __dclz77c.o
         0          0          0          0          0          0   entry.o
         0          0          0          0          0          0   entry10a.o
         0          0          0          0          0          0   entry11a.o
         8          4          0          0          0          0   entry2.o
         4          0          0          0          0          0   entry5.o
         0          0          0          0          0          0   entry7b.o
         0          0          0          0          0          0   entry8b.o
         8          4          0          0          0          0   entry9a.o
        12          6          0          4          0         68   errno.o
        30          0          0          0          0          0   handlers.o
        36          8          0          0          0         68   init.o
         0          0          0          0          0          0   iusefp.o
        30          0          0          0          0         68   llshl.o
        32          0          0          0          0         68   llushr.o
        36          0          0          0          0         68   memcpya.o
        36          0          0          0          0        108   memseta.o
      1172         50          0          0          0        420   printf8.o
        98          0          0          0          0         92   uldiv.o
        56          0          0          0          0         88   d2f.o
       222          0          0          0          0        100   ddiv.o
       186          0          0          0          0        176   depilogue.o
        62          0          0          0          0         80   dfixi.o
        50          0          0          0          0         76   dfixui.o
        26          0          0          0          0         76   dfltui.o
       228          0          0          0          0         96   dmul.o
       162          0          0          0          0        100   dsqrt.o
        38          0          0          0          0         68   f2d.o
       110          0          0          0          0        168   fepilogue.o

    ----------------------------------------------------------------------
      2860         72          0          4          0       2136   Library Totals
         2          0          0          0          0          0   (incl. Padding)

    ----------------------------------------------------------------------

      Code (inc. data)   RO Data    RW Data    ZI Data      Debug   Library Name

       122          0          0          0          0        148   m_wm.l
      1596         72          0          4          0        960   mc_w.l
      1140          0          0          0          0       1028   mf_w.l

    ----------------------------------------------------------------------
      2860         72          0          4          0       2136   Library Totals

    ----------------------------------------------------------------------

==============================================================================


      Code (inc. data)   RO Data    RW Data    ZI Data      Debug   

     48604       3530       3392      17724      31696     894075   Grand Totals
     48604       3530       3392       5160      31696     894075   ELF Image Totals (compressed)
     48604       3530       3392       5160          0          0   ROM Totals

==============================================================================

    Total RO  Size (Code + RO Data)                51996 (  50.78kB)
    Total RW  Size (RW Data + ZI Data)             49420 (  48.26kB)
    Total ROM Size (Code + RO Data + RW Data)      57156 (  55.82kB)

==============================================================================

