Component: ARM Compiler 5.06 update 6 (build 750) Tool: armlink [4d35ed]

==============================================================================

Section Cross References

    main.o(i.assert_nrf_callback) refers to app_error.o(i.app_error_handler) for app_error_handler
    main.o(i.main) refers to nrf_log_frontend.o(i.nrf_log_init) for nrf_log_init
    main.o(i.main) refers to app_error.o(i.app_error_handler_bare) for app_error_handler_bare
    main.o(i.main) refers to timer.o(i.timers_init) for timers_init
    main.o(i.main) refers to ble_config.o(i.ble_stack_init) for ble_stack_init
    main.o(i.main) refers to ble_salve.o(i.gap_params_init) for gap_params_init
    main.o(i.main) refers to ble_salve.o(i.conn_params_init) for conn_params_init
    main.o(i.main) refers to ble_salve.o(i.services_init) for services_init
    main.o(i.main) refers to ble_salve.o(i.advertising_init) for advertising_init
    main.o(i.main) refers to key.o(i.buttons_init) for buttons_init
    main.o(i.main) refers to max3010x.o(i.MAX3010x_Init) for MAX3010x_Init
    main.o(i.main) refers to timer.o(i.timer_task_create) for timer_task_create
    main.o(i.main) refers to utc.o(i.SetClock_UTC) for SetClock_UTC
    main.o(i.main) refers to ble_config.o(i.adv_scan_start) for adv_scan_start
    main.o(i.main) refers to timer.o(i.timers_start) for timers_start
    main.o(i.main) refers to main.o(i.power_manage) for power_manage
    main.o(i.power_manage) refers to app_error.o(i.app_error_handler_bare) for app_error_handler_bare
    app_gpio.o(i.GPIO_Init) refers to app_gpio.o(i.nrf_gpio_cfg_output) for nrf_gpio_cfg_output
    app_gpio.o(i.GPIO_Init) refers to app_gpio.o(i.nrf_gpio_pin_clear) for nrf_gpio_pin_clear
    app_gpio.o(i.GPIO_Init) refers to app_gpio.o(i.nrf_gpio_cfg) for nrf_gpio_cfg
    app_gpio.o(i.GPIO_Init) refers to app_timer.o(i.app_timer_create) for app_timer_create
    app_gpio.o(i.GPIO_Init) refers to app_error.o(i.app_error_handler_bare) for app_error_handler_bare
    app_gpio.o(i.GPIO_Init) refers to app_gpio.o(i.Motor_handler) for Motor_handler
    app_gpio.o(i.GPIO_Init) refers to app_gpio.o(.constdata) for m_Motor_Timer_id
    app_gpio.o(i.Motor_Drive) refers to app_gpio.o(i.nrf_gpio_cfg_output) for nrf_gpio_cfg_output
    app_gpio.o(i.Motor_Drive) refers to app_timer.o(i.app_timer_start) for app_timer_start
    app_gpio.o(i.Motor_Drive) refers to app_gpio.o(.constdata) for m_Motor_Timer_id
    app_gpio.o(i.Motor_handler) refers to app_gpio.o(i.nrf_gpio_pin_clear) for nrf_gpio_pin_clear
    app_gpio.o(i.Motor_handler) refers to app_gpio.o(i.nrf_gpio_cfg) for nrf_gpio_cfg
    app_gpio.o(i.nrf_gpio_cfg_output) refers to app_gpio.o(i.nrf_gpio_cfg) for nrf_gpio_cfg
    app_gpio.o(.constdata) refers to app_gpio.o(.bss) for m_Motor_Timer_id_data
    nrf_nvmc.o(i.nrf_nvmc_write_bytes) refers to nrf_nvmc.o(i.nrf_nvmc_write_byte) for nrf_nvmc_write_byte
    app_fds.o(i.Flash_Erase_Page) refers to nrf_log_frontend.o(i.nrf_log_frontend_std_0) for nrf_log_frontend_std_0
    app_fds.o(i.Flash_Erase_Page) refers to nrf_log_frontend.o(i.nrf_log_frontend_std_1) for nrf_log_frontend_std_1
    app_fds.o(i.Flash_Erase_Page) refers to fstorage.o(i.fs_erase) for fs_erase
    app_fds.o(i.Flash_Erase_Page) refers to app_fds.o(i.nrf_delay_ms) for nrf_delay_ms
    app_fds.o(i.Flash_Erase_Page) refers to app_fds.o(fs_data) for fs_config
    app_fds.o(i.Flash_Erase_Page) refers to app_fds.o(.data) for fs_callback_flag
    app_fds.o(i.Flash_Init) refers to fstorage.o(i.fs_init) for fs_init
    app_fds.o(i.Flash_Init) refers to nrf_log_frontend.o(i.nrf_log_frontend_std_0) for nrf_log_frontend_std_0
    app_fds.o(i.Flash_Init) refers to nrf_log_frontend.o(i.nrf_log_frontend_std_1) for nrf_log_frontend_std_1
    app_fds.o(i.Flash_Init) refers to app_fds.o(fs_data) for fs_config
    app_fds.o(i.Flash_Read) refers to nrf_log_frontend.o(i.nrf_log_frontend_std_0) for nrf_log_frontend_std_0
    app_fds.o(i.Flash_Read) refers to nrf_log_frontend.o(i.nrf_log_frontend_std_1) for nrf_log_frontend_std_1
    app_fds.o(i.Flash_Read) refers to app_fds.o(fs_data) for fs_config
    app_fds.o(i.Flash_Write) refers to nrf_log_frontend.o(i.nrf_log_frontend_std_0) for nrf_log_frontend_std_0
    app_fds.o(i.Flash_Write) refers to nrf_log_frontend.o(i.nrf_log_frontend_std_1) for nrf_log_frontend_std_1
    app_fds.o(i.Flash_Write) refers to nrf_log_frontend.o(i.nrf_log_frontend_std_2) for nrf_log_frontend_std_2
    app_fds.o(i.Flash_Write) refers to memseta.o(.text) for __aeabi_memclr4
    app_fds.o(i.Flash_Write) refers to app_fds.o(i.Flash_Read) for Flash_Read
    app_fds.o(i.Flash_Write) refers to app_fds.o(i.Flash_Erase_Page) for Flash_Erase_Page
    app_fds.o(i.Flash_Write) refers to fstorage.o(i.fs_store) for fs_store
    app_fds.o(i.Flash_Write) refers to app_fds.o(i.nrf_delay_ms) for nrf_delay_ms
    app_fds.o(i.Flash_Write) refers to app_fds.o(fs_data) for fs_config
    app_fds.o(i.Flash_Write) refers to app_fds.o(.data) for fs_callback_flag
[...]
    LIS3DH_WriteReg                          0x000207f1   Thumb Code    18  lis3dh_driver.o(i.LIS3DH_WriteReg)
    MAX3010x_FIFO_Read                       0x000208e5   Thumb Code   186  max3010x.o(i.MAX3010x_FIFO_Read)
    MAX3010x_Get_DIETemp                     0x000209bd   Thumb Code   102  max3010x.o(i.MAX3010x_Get_DIETemp)
    MAX3010x_Init                            0x00020a41   Thumb Code   218  max3010x.o(i.MAX3010x_Init)
    Motor_Drive                              0x00020b25   Thumb Code    36  app_gpio.o(i.Motor_Drive)
    OLEDE_dispaly_Calorie                    0x00020bed   Thumb Code   168  oled_app.o(i.OLEDE_dispaly_Calorie)
    OLEDE_dispaly_Distance                   0x00020ca9   Thumb Code   122  oled_app.o(i.OLEDE_dispaly_Distance)
    OLEDE_dispaly_HeartRate                  0x00020d35   Thumb Code   354  oled_app.o(i.OLEDE_dispaly_HeartRate)
    OLEDE_dispaly_Oxygen                     0x00020eb1   Thumb Code   308  oled_app.o(i.OLEDE_dispaly_Oxygen)
    OLEDE_dispaly_Phone_Collect              0x00021001   Thumb Code   234  oled_app.o(i.OLEDE_dispaly_Phone_Collect)
    OLEDE_dispaly_Temperature                0x00021105   Thumb Code   252  oled_app.o(i.OLEDE_dispaly_Temperature)
    OLEDE_dispaly_alarm                      0x0002121d   Thumb Code    36  oled_app.o(i.OLEDE_dispaly_alarm)
    OLEDE_dispaly_date                       0x00021245   Thumb Code   308  oled_app.o(i.OLEDE_dispaly_date)
    OLEDE_dispaly_mac                        0x000213b5   Thumb Code   188  oled_app.o(i.OLEDE_dispaly_mac)
    OLEDE_dispaly_step                       0x0002148d   Thumb Code   148  oled_app.o(i.OLEDE_dispaly_step)
    OLED_Clear                               0x00021525   Thumb Code    14  oled.o(i.OLED_Clear)
    OLED_Display_Off                         0x00021539   Thumb Code    58  oled.o(i.OLED_Display_Off)
    OLED_Display_On                          0x00021573   Thumb Code    32  oled.o(i.OLED_Display_On)
    OLED_DrawBMP                             0x00021593   Thumb Code   128  oled.o(i.OLED_DrawBMP)
    OLED_Init                                0x00021613   Thumb Code   308  oled.o(i.OLED_Init)
    OLED_Refresh_Gram                        0x00021749   Thumb Code    78  oled.o(i.OLED_Refresh_Gram)
    OLED_ShowChar                            0x000218f9   Thumb Code   194  oled.o(i.OLED_ShowChar)
    OLED_ShowNum                             0x00021a41   Thumb Code   148  oled.o(i.OLED_ShowNum)
    OLED_ShowString                          0x00021ad5   Thumb Code   100  oled.o(i.OLED_ShowString)
    POWER_CLOCK_IRQHandler                   0x00021b95   Thumb Code    74  nrf_drv_clock.o(i.POWER_CLOCK_IRQHandler)
    RTC1_IRQHandler                          0x00021be5   Thumb Code    44  app_timer.o(i.RTC1_IRQHandler)
    SAADC_IRQHandler                         0x00021c19   Thumb Code   508  nrf_drv_saadc.o(i.SAADC_IRQHandler)
    SEGGER_RTT_ConfigUpBuffer                0x00021e19   Thumb Code   142  segger_rtt.o(i.SEGGER_RTT_ConfigUpBuffer)
    SEGGER_RTT_WriteNoLock                   0x00021ead   Thumb Code   126  segger_rtt.o(i.SEGGER_RTT_WriteNoLock)
    SPIM0_SPIS0_TWIM0_TWIS0_SPI0_TWI0_IRQHandler 0x00021f31   Thumb Code    14  nrf_drv_spi.o(i.SPIM0_SPIS0_TWIM0_TWIS0_SPI0_TWI0_IRQHandler)
    SPI_Init                                 0x00021f49   Thumb Code    64  spi.o(i.SPI_Init)
    SPI_ReadReg                              0x00021f95   Thumb Code   104  spi.o(i.SPI_ReadReg)
    SPI_UnInit                               0x00022015   Thumb Code    34  spi.o(i.SPI_UnInit)
    SPI_WriteReg                             0x0002203d   Thumb Code    92  spi.o(i.SPI_WriteReg)
    SWI0_EGU0_IRQHandler                     0x000220b1   Thumb Code     8  app_timer.o(i.SWI0_EGU0_IRQHandler)
    SWI2_EGU2_IRQHandler                     0x000220b9   Thumb Code    42  softdevice_handler.o(i.SWI2_EGU2_IRQHandler)
    SetClock_UTC                             0x000220e9   Thumb Code    16  utc.o(i.SetClock_UTC)
    SystemCoreClockUpdate                    0x000220fd   Thumb Code     8  system_nrf52.o(i.SystemCoreClockUpdate)
    SystemInit                               0x0002210d   Thumb Code   574  system_nrf52.o(i.SystemInit)
    Time_Run                                 0x00022391   Thumb Code    12  utc.o(i.Time_Run)
    UARTE0_UART0_IRQHandler                  0x000223a1   Thumb Code    28  nrf_drv_uart.o(i.UARTE0_UART0_IRQHandler)
    UTC_To_seconds                           0x000223c5   Thumb Code   206  utc.o(i.UTC_To_seconds)
    __0sprintf$8                             0x000225e1   Thumb Code    34  printf8.o(i.__0sprintf$8)
    __1sprintf$8                             0x000225e1   Thumb Code     0  printf8.o(i.__0sprintf$8)
    __2sprintf                               0x000225e1   Thumb Code     0  printf8.o(i.__0sprintf$8)
    __hardfp_sqrt                            0x00022609   Thumb Code   122  sqrt.o(i.__hardfp_sqrt)
    __scatterload_copy                       0x00022683   Thumb Code    14  handlers.o(i.__scatterload_copy)
    __scatterload_null                       0x00022691   Thumb Code     2  handlers.o(i.__scatterload_null)
    __scatterload_zeroinit                   0x00022693   Thumb Code    14  handlers.o(i.__scatterload_zeroinit)
    __set_errno                              0x000226e5   Thumb Code     6  errno.o(i.__set_errno)
    adv_data_encode                          0x00022ba1   Thumb Code   364  ble_advdata.o(i.adv_data_encode)
    adv_scan_start                           0x00022d7f   Thumb Code    60  ble_config.o(i.adv_scan_start)
    advertising_init                         0x00022dcd   Thumb Code   256  ble_salve.o(i.advertising_init)
    app_button_enable                        0x00022ee1   Thumb Code    34  app_button.o(i.app_button_enable)
    app_button_init                          0x00022f0d   Thumb Code   132  app_button.o(i.app_button_init)
    app_error_fault_handler                  0x00022fb5   Thumb Code    68  app_error_weak.o(i.app_error_fault_handler)
    app_error_handler_bare                   0x00023019   Thumb Code    28  app_error.o(i.app_error_handler_bare)
    app_timer_create                         0x00023035   Thumb Code    56  app_timer.o(i.app_timer_create)
    app_timer_init                           0x00023071   Thumb Code   114  app_timer.o(i.app_timer_init)
    app_timer_start                          0x000230fd   Thumb Code    78  app_timer.o(i.app_timer_start)
    app_timer_stop                           0x00023151   Thumb Code    44  app_timer.o(i.app_timer_stop)
    app_util_critical_region_enter           0x00023181   Thumb Code    12  app_util_platform.o(i.app_util_critical_region_enter)
    app_util_critical_region_exit            0x0002318d   Thumb Code    62  app_util_platform.o(i.app_util_critical_region_exit)
    ble_advdata_set                          0x0002330d   Thumb Code   148  ble_advdata.o(i.ble_advdata_set)
    ble_advertising_init                     0x000233a1   Thumb Code   318  ble_advertising.o(i.ble_advertising_init)
    ble_advertising_on_ble_evt               0x00023515   Thumb Code    50  ble_advertising.o(i.ble_advertising_on_ble_evt)
    ble_advertising_on_sys_evt               0x00023549   Thumb Code    62  ble_advertising.o(i.ble_advertising_on_sys_evt)
    ble_advertising_start                    0x00023595   Thumb Code   314  ble_advertising.o(i.ble_advertising_start)
    ble_conn_params_init                     0x000236fd   Thumb Code    84  ble_conn_params.o(i.ble_conn_params_init)
    ble_conn_params_on_ble_evt               0x0002376d   Thumb Code    62  ble_conn_params.o(i.ble_conn_params_on_ble_evt)
    ble_conn_state_on_ble_evt                0x000237ad   Thumb Code   152  ble_conn_state.o(i.ble_conn_state_on_ble_evt)
    ble_conn_state_role                      0x00023849   Thumb Code    50  ble_conn_state.o(i.ble_conn_state_role)
    ble_dfu_init                             0x000238f9   Thumb Code   152  ble_dfu.o(i.ble_dfu_init)
    ble_nus_init                             0x000239d1   Thumb Code   144  ble_nus.o(i.ble_nus_init)
    ble_nus_on_ble_evt                       0x00023a65   Thumb Code    66  ble_nus.o(i.ble_nus_on_ble_evt)
    ble_nus_string_send                      0x00023aa7   Thumb Code    86  ble_nus.o(i.ble_nus_string_send)
    ble_srv_is_notification_enabled          0x00023afd   Thumb Code    18  ble_srv_common.o(i.ble_srv_is_notification_enabled)
    ble_stack_init                           0x00023b11   Thumb Code   170  ble_config.o(i.ble_stack_init)
    buttons_init                             0x00023ecd   Thumb Code    28  key.o(i.buttons_init)
    conn_params_init                         0x00024201   Thumb Code    86  ble_salve.o(i.conn_params_init)
    crc32_compute                            0x0002455d   Thumb Code    70  crc32.o(i.crc32_compute)
    fs_erase                                 0x00024d61   Thumb Code   124  fstorage.o(i.fs_erase)
    fs_fake_init                             0x00024e61   Thumb Code    16  fstorage.o(i.fs_fake_init)
    fs_queued_op_count_get                   0x00024e75   Thumb Code    20  fstorage.o(i.fs_queued_op_count_get)
    fs_store                                 0x00024e8d   Thumb Code   142  fstorage.o(i.fs_store)
    fs_sys_event_handler                     0x00024f21   Thumb Code   104  fstorage.o(i.fs_sys_event_handler)
    gap_params_init                          0x00024f91   Thumb Code   116  ble_salve.o(i.gap_params_init)
    get_Gsenson_Value                        0x000252f9   Thumb Code   216  stepcounter.o(i.get_Gsenson_Value)
    get_mac_addr                             0x000253e1   Thumb Code   130  misc.o(i.get_mac_addr)
    intern_softdevice_events_execute         0x00025619   Thumb Code   158  softdevice_handler.o(i.intern_softdevice_events_execute)
    main                                     0x000258a9   Thumb Code   182  main.o(i.main)
    maxim_find_peaks                         0x00025a11   Thumb Code    66  max3010x.o(i.maxim_find_peaks)
    maxim_heart_rate_and_oxygen_saturation   0x00025a55   Thumb Code  1250  max3010x.o(i.maxim_heart_rate_and_oxygen_saturation)
    maxim_peaks_above_min_height             0x00025f41   Thumb Code   122  max3010x.o(i.maxim_peaks_above_min_height)
    maxim_remove_close_peaks                 0x00025fbb   Thumb Code   114  max3010x.o(i.maxim_remove_close_peaks)
    maxim_sort_ascend                        0x0002602d   Thumb Code    54  max3010x.o(i.maxim_sort_ascend)
    maxim_sort_indices_descend               0x00026063   Thumb Code    64  max3010x.o(i.maxim_sort_indices_descend)
    nrf_dfu_flash_erase                      0x0002656d   Thumb Code   208  nrf_dfu_flash.o(i.nrf_dfu_flash_erase)
    nrf_dfu_flash_init                       0x000266a9   Thumb Code    76  nrf_dfu_flash.o(i.nrf_dfu_flash_init)
    nrf_dfu_flash_store                      0x00026761   Thumb Code   198  nrf_dfu_flash.o(i.nrf_dfu_flash_store)
    nrf_dfu_settings_calculate_crc           0x00026881   Thumb Code    14  nrf_dfu_settings.o(i.nrf_dfu_settings_calculate_crc)
    nrf_dfu_settings_init                    0x00026895   Thumb Code    86  nrf_dfu_settings.o(i.nrf_dfu_settings_init)
    nrf_dfu_settings_write                   0x00026955   Thumb Code   148  nrf_dfu_settings.o(i.nrf_dfu_settings_write)
    nrf_drv_clock_init                       0x00026ad1   Thumb Code    56  nrf_drv_clock.o(i.nrf_drv_clock_init)
    nrf_drv_clock_on_sd_enable               0x00026b11   Thumb Code    46  nrf_drv_clock.o(i.nrf_drv_clock_on_sd_enable)
    nrf_drv_clock_on_soc_event               0x00026b45   Thumb Code    14  nrf_drv_clock.o(i.nrf_drv_clock_on_soc_event)
    nrf_drv_common_irq_enable                0x00026b55   Thumb Code    84  nrf_drv_common.o(i.nrf_drv_common_irq_enable)
    nrf_drv_gpiote_in_event_enable           0x00026bb5   Thumb Code   170  nrf_drv_gpiote.o(i.nrf_drv_gpiote_in_event_enable)
    nrf_drv_gpiote_in_init                   0x00026c6d   Thumb Code   198  nrf_drv_gpiote.o(i.nrf_drv_gpiote_in_init)
    nrf_drv_gpiote_in_is_set                 0x00026d45   Thumb Code    24  nrf_drv_gpiote.o(i.nrf_drv_gpiote_in_is_set)
    nrf_drv_gpiote_init                      0x00026d61   Thumb Code    86  nrf_drv_gpiote.o(i.nrf_drv_gpiote_init)
    nrf_drv_gpiote_is_init                   0x00026dbd   Thumb Code    16  nrf_drv_gpiote.o(i.nrf_drv_gpiote_is_init)
    nrf_drv_saadc_buffer_convert             0x00026de5   Thumb Code   184  nrf_drv_saadc.o(i.nrf_drv_saadc_buffer_convert)
    nrf_drv_saadc_channel_init               0x00026ea1   Thumb Code    82  nrf_drv_saadc.o(i.nrf_drv_saadc_channel_init)
    nrf_drv_saadc_channel_uninit             0x00026ef9   Thumb Code    82  nrf_drv_saadc.o(i.nrf_drv_saadc_channel_uninit)
    nrf_drv_saadc_init                       0x00026f75   Thumb Code   138  nrf_drv_saadc.o(i.nrf_drv_saadc_init)
    nrf_drv_saadc_limits_set                 0x0002700d   Thumb Code   168  nrf_drv_saadc.o(i.nrf_drv_saadc_limits_set)
    nrf_drv_saadc_sample                     0x000270bd   Thumb Code    44  nrf_drv_saadc.o(i.nrf_drv_saadc_sample)
    nrf_drv_saadc_uninit                     0x000270ed   Thumb Code   112  nrf_drv_saadc.o(i.nrf_drv_saadc_uninit)
    nrf_drv_spi_init                         0x00027169   Thumb Code   308  nrf_drv_spi.o(i.nrf_drv_spi_init)
    nrf_drv_spi_transfer                     0x000272a5   Thumb Code    44  nrf_drv_spi.o(i.nrf_drv_spi_transfer)
    nrf_drv_spi_uninit                       0x000272d1   Thumb Code   106  nrf_drv_spi.o(i.nrf_drv_spi_uninit)
    nrf_drv_spi_xfer                         0x00027345   Thumb Code    96  nrf_drv_spi.o(i.nrf_drv_spi_xfer)
    nrf_log_backend_hexdump_handler_get      0x00027625   Thumb Code     4  nrf_log_backend_serial.o(i.nrf_log_backend_hexdump_handler_get)
    nrf_log_backend_init                     0x0002762d   Thumb Code    60  nrf_log_backend_serial.o(i.nrf_log_backend_init)
    nrf_log_backend_std_handler_get          0x00027919   Thumb Code     4  nrf_log_backend_serial.o(i.nrf_log_backend_std_handler_get)
    nrf_log_frontend_hexdump                 0x0002794d   Thumb Code    56  nrf_log_frontend.o(i.nrf_log_frontend_hexdump)
    nrf_log_frontend_init                    0x00027989   Thumb Code    18  nrf_log_frontend.o(i.nrf_log_frontend_init)
    nrf_log_frontend_std_0                   0x0002799b   Thumb Code    20  nrf_log_frontend.o(i.nrf_log_frontend_std_0)
    nrf_log_frontend_std_1                   0x000279af   Thumb Code    24  nrf_log_frontend.o(i.nrf_log_frontend_std_1)
    nrf_log_frontend_std_2                   0x000279c7   Thumb Code    32  nrf_log_frontend.o(i.nrf_log_frontend_std_2)
    nrf_log_frontend_std_6                   0x000279e7   Thumb Code    60  nrf_log_frontend.o(i.nrf_log_frontend_std_6)
    nrf_log_handlers_set                     0x00027a25   Thumb Code     8  nrf_log_frontend.o(i.nrf_log_handlers_set)
    nrf_log_init                             0x00027a31   Thumb Code    44  nrf_log_frontend.o(i.nrf_log_init)
    nrf_nvmc_page_erase                      0x00027a5d   Thumb Code    50  nrf_nvmc.o(i.nrf_nvmc_page_erase)
    nrf_nvmc_write_words                     0x00027a99   Thumb Code    66  nrf_nvmc.o(i.nrf_nvmc_write_words)
    nrf_saadc_channel_init                   0x00027af5   Thumb Code   108  nrf_saadc.o(i.nrf_saadc_channel_init)
    on_ble_peripheral_evt                    0x00027cf1   Thumb Code   502  ble_salve.o(i.on_ble_peripheral_evt)
    saadc_callback                           0x000291ad   Thumb Code   100  adc.o(i.saadc_callback)
    saadc_close                              0x00029219   Thumb Code    30  adc.o(i.saadc_close)
    saddc_init                               0x0002923d   Thumb Code   158  adc.o(i.saddc_init)
    sdk_mapped_flags_bulk_update_by_key      0x000293dd   Thumb Code   118  sdk_mapped_flags.o(i.sdk_mapped_flags_bulk_update_by_key)
    sdk_mapped_flags_first_key_index_get     0x00029453   Thumb Code    36  sdk_mapped_flags.o(i.sdk_mapped_flags_first_key_index_get)
    sdk_mapped_flags_get_by_key              0x00029489   Thumb Code    46  sdk_mapped_flags.o(i.sdk_mapped_flags_get_by_key)
    sdk_mapped_flags_key_list_get            0x000294b7   Thumb Code    66  sdk_mapped_flags.o(i.sdk_mapped_flags_key_list_get)
    sdk_mapped_flags_update_by_key           0x000294f9   Thumb Code    26  sdk_mapped_flags.o(i.sdk_mapped_flags_update_by_key)
    seconds_To_UTC                           0x00029515   Thumb Code   364  utc.o(i.seconds_To_UTC)
    services_init                            0x000297f9   Thumb Code    56  ble_salve.o(i.services_init)
    softdevice_ble_evt_handler_set           0x00029945   Thumb Code    20  softdevice_handler.o(i.softdevice_ble_evt_handler_set)
    softdevice_enable                        0x0002995d   Thumb Code    84  softdevice_handler.o(i.softdevice_enable)
    softdevice_enable_get_default_config     0x00029a3d   Thumb Code    44  softdevice_handler.o(i.softdevice_enable_get_default_config)
    softdevice_fault_handler                 0x00029a69   Thumb Code    20  softdevice_handler.o(i.softdevice_fault_handler)
    softdevice_handler_init                  0x00029a7d   Thumb Code   134  softdevice_handler.o(i.softdevice_handler_init)
    softdevice_handler_is_enabled            0x00029b19   Thumb Code     6  softdevice_handler.o(i.softdevice_handler_is_enabled)
    softdevice_sys_evt_handler_set           0x00029b25   Thumb Code    20  softdevice_handler.o(i.softdevice_sys_evt_handler_set)
    spi_event_handler                        0x00029b3d   Thumb Code     8  spi.o(i.spi_event_handler)
    start_adc_convert                        0x00029c51   Thumb Code    74  adc.o(i.start_adc_convert)
    timer_task_create                        0x00029f49   Thumb Code   184  timer.o(i.timer_task_create)
    timers_init                              0x0002a0d5   Thumb Code    40  timer.o(i.timers_init)
    timers_start                             0x0002a101   Thumb Code   140  timer.o(i.timers_start)
    timers_start_Max30102_timer              0x0002a19d   Thumb Code    78  timer.o(i.timers_start_Max30102_timer)
    timers_start_adc_timer                   0x0002a1f9   Thumb Code    38  timer.o(i.timers_start_adc_timer)
    timers_stop_Max30102_timer               0x0002a225   Thumb Code    56  timer.o(i.timers_stop_Max30102_timer)
    auw_hamm                                 0x0002a98c   Data          62  max3010x.o(.constdata)
    uch_spo2_table                           0x0002a9ca   Data         184  max3010x.o(.constdata)
    Region$$Table$$Base                      0x0002ab1c   Number         0  anon$$obj.o(Region$$Table)
    Region$$Table$$Limit                     0x0002ab3c   Number         0  anon$$obj.o(Region$$Table)
    m_mbr_params_page                        0x0007e000   Data        4096  nrf_dfu_settings.o(.ARM.__AT_0x0007E000)
    m_dfu_settings_buffer                    0x0007f000   Data        4096  nrf_dfu_settings.o(.ARM.__AT_0x0007F000)
    m_uicr_mbr_params_page_address           0x10001018   Data           4  nrf_dfu_settings.o(.ARM.__AT_0x10001018)
    Image$$RW_IRAM1$$Base                    0x20002138   Number         0  anon$$obj.o ABSOLUTE
    save_param                               0x200028f8   Data          10  main.o(.data)
    sys_state                                0x20002902   Data           4  main.o(.data)
    collect_interval                         0x20003894   Data           2  timer.o(.data)
    adc_buffer                               0x20004060   Data           4  adc.o(.data)
    movement                                 0x20006228   Data           8  stepcounter.o(.data)
    StepDetector_tick                        0x20006230   Data           4  stepcounter.o(.data)
    ValueNum                                 0x20006234   Data           4  stepcounter.o(.data)
    tempCount                                0x20006238   Data           4  stepcounter.o(.data)
    isDirectionUp                            0x2000623c   Data           1  stepcounter.o(.data)
    continueUpCount                          0x20006240   Data           4  stepcounter.o(.data)
    continueUpFormerCount                    0x20006244   Data           4  stepcounter.o(.data)
    lastStatus                               0x20006248   Data           1  stepcounter.o(.data)
    peakOfWave                               0x2000624c   Data           4  stepcounter.o(.data)
    valleyOfWave                             0x20006250   Data           4  stepcounter.o(.data)
    timeOfThisPeak                           0x20006254   Data           4  stepcounter.o(.data)
    timeOfLastPeak                           0x20006258   Data           4  stepcounter.o(.data)
    timeOfNow                                0x2000625c   Data           4  stepcounter.o(.data)
    gravityNew                               0x20006260   Data           4  stepcounter.o(.data)
    gravityOld                               0x20006264   Data           4  stepcounter.o(.data)
    InitialValue                             0x20006268   Data           4  stepcounter.o(.data)
    ThreadValue                              0x2000626c   Data           4  stepcounter.o(.data)
    TimeInterval                             0x20006270   Data           4  stepcounter.o(.data)
    OLED_ctrl                                0x20008bfc   Data           2  oled_app.o(.data)
    p_m_dfu                                  0x20008c60   Data           4  ble_dfu.o(.data)
    SystemCoreClock                          0x20008ce4   Data           4  system_nrf52.o(.data)
    fs_data$$Base                            0x20008cec   Number         0  app_fds.o(fs_data)
    fs_data$$Limit                           0x20008d1c   Number         0  fds.o(fs_data)
    m_nus                                    0x20008d8c   Data          28  ble_salve.o(.bss)
    m_dfus                                   0x20008da8   Data          24  ble_salve.o(.bss)
    oriValues                                0x2000911c   Data          12  stepcounter.o(.bss)
    tempValue                                0x20009128   Data          16  stepcounter.o(.bss)
    Save_heart_sensor_data                   0x20009138   Data          12  oled_app.o(.bss)
    max30102_data                            0x20009784   Data          12  max3010x.o(.bss)
    s_dfu_settings                           0x2000a2fc   Data         348  nrf_dfu_settings.o(.bss)
    nrf_nvic_state                           0x2000a5d4   Data          12  app_util_platform.o(.bss)
    _SEGGER_RTT                              0x2000b0ac   Data         120  segger_rtt.o(.bss)
    __initial_sp                             0x2000d128   Data           0  arm_startup_nrf52.o(STACK)



==============================================================================

Memory Map of the image

  Image Entry point : 0x0001f201

  Load Region LR_IROM1 (Base: 0x0001f000, Size: 0x00012720, Max: 0x00061000, ABSOLUTE, COMPRESSED[0x0000d38c])

    Execution Region ER_IROM1 (Exec base: 0x0001f000, Load base: 0x0001f000, Size: 0x0000bb3c, Max: 0x00061000, ABSOLUTE)

    Exec Addr    Load Addr    Size         Type   Attr      Idx    E Section Name        Object

    0x0001f000   0x0001f000   0x00000200   Data   RO         7372    RESET               arm_startup_nrf52.o
    0x0001f200   0x0001f200   0x00000000   Code   RO         7480  * .ARM.Collect$$$$00000000  mc_w.l(entry.o)
    0x0001f200   0x0001f200   0x00000004   Code   RO         7802    .ARM.Collect$$$$00000001  mc_w.l(entry2.o)
    0x0001f204   0x0001f204   0x00000004   Code   RO         7805    .ARM.Collect$$$$00000004  mc_w.l(entry5.o)
    0x0001f208   0x0001f208   0x00000000   Code   RO         7807    .ARM.Collect$$$$00000008  mc_w.l(entry7b.o)
    0x0001f208   0x0001f208   0x00000000   Code   RO         7809    .ARM.Collect$$$$0000000A  mc_w.l(entry8b.o)
    0x0001f208   0x0001f208   0x00000008   Code   RO         7810    .ARM.Collect$$$$0000000B  mc_w.l(entry9a.o)
    0x0001f210   0x0001f210   0x00000000   Code   RO         7812    .ARM.Collect$$$$0000000D  mc_w.l(entry10a.o)
    0x0001f210   0x0001f210   0x00000000   Code   RO         7814    .ARM.Collect$$$$0000000F  mc_w.l(entry11a.o)
    0x0001f210   0x0001f210   0x00000004   Code   RO         7803    .ARM.Collect$$$$00002712  mc_w.l(entry2.o)
    0x0001f214   0x0001f214   0x00000024   Code   RO         7373    .text               arm_startup_nrf52.o
    0x0001f238   0x0001f238   0x0000001e   Code   RO         7483    .text               mc_w.l(llshl.o)
    0x0001f256   0x0001f256   0x00000020   Code   RO         7485    .text               mc_w.l(llushr.o)
    0x0001f276   0x0001f276   0x00000024   Code   RO         7515    .text               mc_w.l(memcpya.o)
    0x0001f29a   0x0001f29a   0x00000024   Code   RO         7517    .text               mc_w.l(memseta.o)
    0x0001f2be   0x0001f2be   0x0000000e   Code   RO         7519    .text               mc_w.l(strlen.o)
    0x0001f2cc   0x0001f2cc   0x00000012   Code   RO         7523    .text               mc_w.l(strcpy.o)
    0x0001f2de   0x0001f2de   0x000000e4   Code   RO         7788    .text               mf_w.l(dmul.o)
    0x0001f3c2   0x0001f3c2   0x000000de   Code   RO         7790    .text               mf_w.l(ddiv.o)
    0x0001f4a0   0x0001f4a0   0x0000001a   Code   RO         7792    .text               mf_w.l(dfltui.o)
    0x0001f4ba   0x0001f4ba   0x0000003e   Code   RO         7794    .text               mf_w.l(dfixi.o)
    0x0001f4f8   0x0001f4f8   0x00000032   Code   RO         7796    .text               mf_w.l(dfixui.o)
    0x0001f52a   0x0001f52a   0x00000026   Code   RO         7798    .text               mf_w.l(f2d.o)
    0x0001f550   0x0001f550   0x00000038   Code   RO         7800    .text               mf_w.l(d2f.o)
    0x0001f588   0x0001f588   0x00000062   Code   RO         7821    .text               mc_w.l(uldiv.o)
    0x0001f5ea   0x0001f5ea   0x00000000   Code   RO         7830    .text               mc_w.l(iusefp.o)
    0x0001f5ea   0x0001f5ea   0x0000006e   Code   RO         7831    .text               mf_w.l(fepilogue.o)
    0x0001f658   0x0001f658   0x000000ba   Code   RO         7833    .text               mf_w.l(depilogue.o)
    0x0001f712   0x0001f712   0x000000a2   Code   RO         7837    .text               mf_w.l(dsqrt.o)
    0x0001f7b4   0x0001f7b4   0x00000024   Code   RO         7845    .text               mc_w.l(init.o)
    0x0001f7d8   0x0001f7d8   0x0000005e   Code   RO         7859    .text               mc_w.l(__dclz77c.o)
    0x0001f836   0x0001f836   0x00000002   PAD
    0x0001f838   0x0001f838   0x00000268   Code   RO          872    i.ADC_Data_Dispose  adc.o
    0x0001faa0   0x0001faa0   0x00000028   Code   RO          742    i.ADC_timeout_handler  timer.o
    0x0001fac8   0x0001fac8   0x000003f4   Code   RO         1359    i.BLE_Data_analysis  comm_protocol.o
    0x0001febc   0x0001febc   0x00000048   Code   RO          649    i.BLE_Salve_SendData  ble_salve.o
    0x0001ff04   0x0001ff04   0x0000001c   Code   RO            4    i.FPU_IRQHandler    main.o
    0x0001ff20   0x0001ff20   0x00000030   Code   RO         1785    i.First_Sampling    max3010x.o
    0x0001ff50   0x0001ff50   0x000001bc   Code   RO         4653    i.GPIOTE_IRQHandler  nrf_drv_gpiote.o
    0x0002010c   0x0002010c   0x00000038   Code   RO          743    i.GapData_handler   timer.o
    0x00020144   0x00020144   0x00000014   Code   RO          936    i.GetClock_UTC      utc.o
    0x00020158   0x00020158   0x000001f8   Code   RO         1786    i.Get_Heart_Oxygen  max3010x.o
    0x00020350   0x00020350   0x00000098   Code   RO         1787    i.Get_SensorData    max3010x.o
    0x000203e8   0x000203e8   0x0000002e   Code   RO         1912    i.IIC_ACK           iic.o
    0x00020416   0x00020416   0x00000016   Code   RO         1913    i.IIC_Init          iic.o
    0x0002042c   0x0002042c   0x0000002e   Code   RO         1914    i.IIC_NACK          iic.o
    0x0002045a   0x0002045a   0x00000046   Code   RO         1915    i.IIC_ReadByte      iic.o
    0x000204a0   0x000204a0   0x00000052   Code   RO         1916    i.IIC_SendByte      iic.o
    0x000204f2   0x000204f2   0x0000002e   Code   RO         1917    i.IIC_Start         iic.o
    0x00020520   0x00020520   0x0000002e   Code   RO         1918    i.IIC_Stop          iic.o
    0x0002054e   0x0002054e   0x00000050   Code   RO         1919    i.IIC_WaitACK       iic.o
    0x0002059e   0x0002059e   0x00000072   Code   RO         1393    i.LIS3DH_GetAccAxesRaw  lis3dh_driver.o
    0x00020610   0x00020610   0x00000016   Code   RO         1406    i.LIS3DH_GetWHO_AM_I  lis3dh_driver.o
    0x00020626   0x00020626   0x0000002e   Code   RO         1410    i.LIS3DH_Init       lis3dh_driver.o
    0x00020654   0x00020654   0x00000012   Code   RO         1412    i.LIS3DH_ReadReg    lis3dh_driver.o
    0x00020666   0x00020666   0x0000003c   Code   RO         1415    i.LIS3DH_SetAxis    lis3dh_driver.o
    0x000206a2   0x000206a2   0x0000003c   Code   RO         1424    i.LIS3DH_SetFullScale  lis3dh_driver.o
    0x000206de   0x000206de   0x00000002   PAD
    0x000206e0   0x000206e0   0x000000d4   Code   RO         1434    i.LIS3DH_SetMode    lis3dh_driver.o
    0x000207b4   0x000207b4   0x0000003c   Code   RO         1435    i.LIS3DH_SetODR     lis3dh_driver.o
    0x000207f0   0x000207f0   0x00000012   Code   RO         1441    i.LIS3DH_WriteReg   lis3dh_driver.o
    0x00020802   0x00020802   0x00000002   PAD
    0x00020804   0x00020804   0x00000078   Code   RO         1788    i.MAX3010x_Bus_Read  max3010x.o
    0x0002087c   0x0002087c   0x00000068   Code   RO         1789    i.MAX3010x_Bus_Write  max3010x.o
    0x000208e4   0x000208e4   0x000000d8   Code   RO         1790    i.MAX3010x_FIFO_Read  max3010x.o
    0x000209bc   0x000209bc   0x00000084   Code   RO         1791    i.MAX3010x_Get_DIETemp  max3010x.o
    0x00020a40   0x00020a40   0x000000e4   Code   RO         1793    i.MAX3010x_Init     max3010x.o
    0x00020b24   0x00020b24   0x0000002c   Code   RO          325    i.Motor_Drive       app_gpio.o
    0x00020b50   0x00020b50   0x00000018   Code   RO         5863    i.NVIC_ClearPendingIRQ  app_timer.o
    0x00020b68   0x00020b68   0x00000018   Code   RO         6858    i.NVIC_DisableIRQ   softdevice_handler.o
    0x00020b80   0x00020b80   0x00000016   Code   RO         5864    i.NVIC_EnableIRQ    app_timer.o
    0x00020b96   0x00020b96   0x00000016   Code   RO         6859    i.NVIC_EnableIRQ    softdevice_handler.o
    0x00020bac   0x00020bac   0x00000018   Code   RO         5865    i.NVIC_SetPendingIRQ  app_timer.o
    0x00020bc4   0x00020bc4   0x00000028   Code   RO         5866    i.NVIC_SetPriority  app_timer.o
    0x00020bec   0x00020bec   0x000000bc   Code   RO         1258    i.OLEDE_dispaly_Calorie  oled_app.o
    0x00020ca8   0x00020ca8   0x0000008c   Code   RO         1259    i.OLEDE_dispaly_Distance  oled_app.o
    0x00020d34   0x00020d34   0x0000017c   Code   RO         1260    i.OLEDE_dispaly_HeartRate  oled_app.o
    0x00020eb0   0x00020eb0   0x00000150   Code   RO         1261    i.OLEDE_dispaly_Oxygen  oled_app.o
    0x00021000   0x00021000   0x00000104   Code   RO         1262    i.OLEDE_dispaly_Phone_Collect  oled_app.o
    0x00021104   0x00021104   0x00000118   Code   RO         1263    i.OLEDE_dispaly_Temperature  oled_app.o
    0x0002121c   0x0002121c   0x00000028   Code   RO         1264    i.OLEDE_dispaly_alarm  oled_app.o
    0x00021244   0x00021244   0x00000170   Code   RO         1265    i.OLEDE_dispaly_date  oled_app.o
    0x000213b4   0x000213b4   0x000000d8   Code   RO         1266    i.OLEDE_dispaly_mac  oled_app.o
    0x0002148c   0x0002148c   0x00000098   Code   RO         1267    i.OLEDE_dispaly_step  oled_app.o
    0x00021524   0x00021524   0x00000014   Code   RO         1032    i.OLED_Clear        oled.o
    0x00021538   0x00021538   0x0000003a   Code   RO         1033    i.OLED_Display_Off  oled.o
    0x00021572   0x00021572   0x00000020   Code   RO         1034    i.OLED_Display_On   oled.o
    0x00021592   0x00021592   0x00000080   Code   RO         1035    i.OLED_DrawBMP      oled.o
    0x00021612   0x00021612   0x00000134   Code   RO         1037    i.OLED_Init         oled.o
    0x00021746   0x00021746   0x00000002   PAD
    0x00021748   0x00021748   0x00000054   Code   RO         1038    i.OLED_Refresh_Gram  oled.o
    0x0002179c   0x0002179c   0x00000128   Code   RO         1039    i.OLED_Reverse      oled.o
    0x000218c4   0x000218c4   0x00000034   Code   RO         1040    i.OLED_Set_Pos      oled.o
    0x000218f8   0x000218f8   0x000000d4   Code   RO         1042    i.OLED_ShowChar     oled.o
    0x000219cc   0x000219cc   0x00000074   Code   RO         1043    i.OLED_ShowDot      oled.o
    0x00021a40   0x00021a40   0x00000094   Code   RO         1044    i.OLED_ShowNum      oled.o
    0x00021ad4   0x00021ad4   0x00000064   Code   RO         1045    i.OLED_ShowString   oled.o
    0x00021b38   0x00021b38   0x0000005a   Code   RO         1046    i.OLED_WR_Byte      oled.o
    0x00021b92   0x00021b92   0x00000002   PAD
    0x00021b94   0x00021b94   0x00000050   Code   RO         4426    i.POWER_CLOCK_IRQHandler  nrf_drv_clock.o
    0x00021be4   0x00021be4   0x00000034   Code   RO         5867    i.RTC1_IRQHandler   app_timer.o
    0x00021c18   0x00021c18   0x00000200   Code   RO         5356    i.SAADC_IRQHandler  nrf_drv_saadc.o
    0x00021e18   0x00021e18   0x00000094   Code   RO         7228    i.SEGGER_RTT_ConfigUpBuffer  segger_rtt.o
    0x00021eac   0x00021eac   0x00000084   Code   RO         7241    i.SEGGER_RTT_WriteNoLock  segger_rtt.o
    0x00021f30   0x00021f30   0x00000018   Code   RO         5217    i.SPIM0_SPIS0_TWIM0_TWIS0_SPI0_TWI0_IRQHandler  nrf_drv_spi.o
    0x00021f48   0x00021f48   0x0000004c   Code   RO         1726    i.SPI_Init          spi.o
    0x00021f94   0x00021f94   0x00000080   Code   RO         1727    i.SPI_ReadReg       spi.o
    0x00022014   0x00022014   0x00000028   Code   RO         1728    i.SPI_UnInit        spi.o
    0x0002203c   0x0002203c   0x00000074   Code   RO         1729    i.SPI_WriteReg      spi.o
    0x000220b0   0x000220b0   0x00000008   Code   RO         5868    i.SWI0_EGU0_IRQHandler  app_timer.o
    0x000220b8   0x000220b8   0x00000030   Code   RO         6860    i.SWI2_EGU2_IRQHandler  softdevice_handler.o
    0x000220e8   0x000220e8   0x00000014   Code   RO          938    i.SetClock_UTC      utc.o
    0x000220fc   0x000220fc   0x00000010   Code   RO         7380    i.SystemCoreClockUpdate  system_nrf52.o
    0x0002210c   0x0002210c   0x00000284   Code   RO         7381    i.SystemInit        system_nrf52.o
    0x00022390   0x00022390   0x00000010   Code   RO          940    i.Time_Run          utc.o
    0x000223a0   0x000223a0   0x00000024   Code   RO         4921    i.UARTE0_UART0_IRQHandler  nrf_drv_uart.o
    0x000223c4   0x000223c4   0x000000ce   Code   RO          941    i.UTC_To_seconds    utc.o
    0x00022492   0x00022492   0x00000002   PAD
    0x00022494   0x00022494   0x00000070   Code   RO         7244    i._DoInit           segger_rtt.o
    0x00022504   0x00022504   0x0000001c   Code   RO         7245    i._GetAvailWriteSpace  segger_rtt.o
    0x00022520   0x00022520   0x00000072   Code   RO         7247    i._WriteBlocking    segger_rtt.o
    0x00022592   0x00022592   0x0000004c   Code   RO         7248    i._WriteNoCheck     segger_rtt.o
    0x000225de   0x000225de   0x00000002   PAD
    0x000225e0   0x000225e0   0x00000028   Code   RO         7736    i.__0sprintf$8      mc_w.l(printf8.o)
    0x00022608   0x00022608   0x0000007a   Code   RO         7468    i.__hardfp_sqrt     m_wm.l(sqrt.o)
    0x00022682   0x00022682   0x0000000e   Code   RO         7853    i.__scatterload_copy  mc_w.l(handlers.o)
    0x00022690   0x00022690   0x00000002   Code   RO         7854    i.__scatterload_null  mc_w.l(handlers.o)
    0x00022692   0x00022692   0x0000000e   Code   RO         7855    i.__scatterload_zeroinit  mc_w.l(handlers.o)
    0x000226a0   0x000226a0   0x00000038   Code   RO         6861    i.__sd_nvic_app_accessible_irq  softdevice_handler.o
    0x000226d8   0x000226d8   0x0000000c   Code   RO         6080    i.__sd_nvic_irq_disable  app_util_platform.o
    0x000226e4   0x000226e4   0x0000000c   Code   RO         7825    i.__set_errno       mc_w.l(errno.o)
    0x000226f0   0x000226f0   0x00000410   Code   RO         7741    i._printf_core      mc_w.l(printf8.o)
    0x00022b00   0x00022b00   0x00000024   Code   RO         7742    i._printf_post_padding  mc_w.l(printf8.o)
    0x00022b24   0x00022b24   0x0000002e   Code   RO         7743    i._printf_pre_padding  mc_w.l(printf8.o)
    0x00022b52   0x00022b52   0x0000000a   Code   RO         7745    i._sputc            mc_w.l(printf8.o)
    0x00022b5c   0x00022b5c   0x00000018   Code   RO         2149    i.addr_is_valid     ble_advertising.o
    0x00022b74   0x00022b74   0x0000002c   Code   RO         6157    i.address_is_valid  fds.o
    0x00022ba0   0x00022ba0   0x0000016c   Code   RO         2030    i.adv_data_encode   ble_advdata.o
    0x00022d0c   0x00022d0c   0x00000060   Code   RO         2150    i.adv_mode_next_avail_get  ble_advertising.o
    0x00022d6c   0x00022d6c   0x00000012   Code   RO         2151    i.adv_mode_next_get  ble_advertising.o
    0x00022d7e   0x00022d7e   0x0000003c   Code   RO          589    i.adv_scan_start    ble_config.o
    0x00022dba   0x00022dba   0x00000012   Code   RO         2031    i.advdata_check     ble_advdata.o
    0x00022dcc   0x00022dcc   0x00000114   Code   RO          650    i.advertising_init  ble_salve.o
    0x00022ee0   0x00022ee0   0x0000002c   Code   RO         5661    i.app_button_enable  app_button.o
    0x00022f0c   0x00022f0c   0x000000a8   Code   RO         5662    i.app_button_init   app_button.o
    0x00022fb4   0x00022fb4   0x00000064   Code   RO         5756    i.app_error_fault_handler  app_error_weak.o
    0x00023018   0x00023018   0x0000001c   Code   RO         5717    i.app_error_handler_bare  app_error.o
    0x00023034   0x00023034   0x0000003c   Code   RO         5871    i.app_timer_create  app_timer.o
    0x00023070   0x00023070   0x0000008c   Code   RO         5872    i.app_timer_init    app_timer.o
    0x000230fc   0x000230fc   0x00000054   Code   RO         5873    i.app_timer_start   app_timer.o
    0x00023150   0x00023150   0x00000030   Code   RO         5874    i.app_timer_stop    app_timer.o
    0x00023180   0x00023180   0x0000000c   Code   RO         6081    i.app_util_critical_region_enter  app_util_platform.o
    0x0002318c   0x0002318c   0x00000048   Code   RO         6082    i.app_util_critical_region_exit  app_util_platform.o
    0x000231d4   0x000231d4   0x00000052   Code   RO         2032    i.appearance_encode  ble_advdata.o
    0x00023226   0x00023226   0x00000002   PAD
    0x00023228   0x00023228   0x000000e4   Code   RO         1192    i.averageValue      stepcounter.o
    0x0002330c   0x0002330c   0x00000094   Code   RO         2033    i.ble_advdata_set   ble_advdata.o
    0x000233a0   0x000233a0   0x00000174   Code   RO         2152    i.ble_advertising_init  ble_advertising.o
    0x00023514   0x00023514   0x00000032   Code   RO         2153    i.ble_advertising_on_ble_evt  ble_advertising.o
    0x00023546   0x00023546   0x00000002   PAD
    0x00023548   0x00023548   0x0000004c   Code   RO         2154    i.ble_advertising_on_sys_evt  ble_advertising.o
    0x00023594   0x00023594   0x00000168   Code   RO         2157    i.ble_advertising_start  ble_advertising.o
    0x000236fc   0x000236fc   0x00000070   Code   RO         2273    i.ble_conn_params_init  ble_conn_params.o
    0x0002376c   0x0002376c   0x0000003e   Code   RO         2274    i.ble_conn_params_on_ble_evt  ble_conn_params.o
    0x000237aa   0x000237aa   0x00000002   PAD
    0x000237ac   0x000237ac   0x0000009c   Code   RO         2362    i.ble_conn_state_on_ble_evt  ble_conn_state.o
    0x00023848   0x00023848   0x00000038   Code   RO         2364    i.ble_conn_state_role  ble_conn_state.o
    0x00023880   0x00023880   0x00000076   Code   RO         2034    i.ble_device_addr_encode  ble_advdata.o
    0x000238f6   0x000238f6   0x00000002   Code   RO          651    i.ble_dfu_evt_handler  ble_salve.o
    0x000238f8   0x000238f8   0x000000a0   Code   RO         4326    i.ble_dfu_init      ble_dfu.o
    0x00023998   0x00023998   0x00000038   Code   RO          590    i.ble_evt_dispatch  ble_config.o
    0x000239d0   0x000239d0   0x00000094   Code   RO         4264    i.ble_nus_init      ble_nus.o
    0x00023a64   0x00023a64   0x00000042   Code   RO         4265    i.ble_nus_on_ble_evt  ble_nus.o
    0x00023aa6   0x00023aa6   0x00000056   Code   RO         4266    i.ble_nus_string_send  ble_nus.o
    0x00023afc   0x00023afc   0x00000012   Code   RO         2638    i.ble_srv_is_notification_enabled  ble_srv_common.o
    0x00023b0e   0x00023b0e   0x00000002   PAD
    0x00023b10   0x00023b10   0x000000bc   Code   RO          591    i.ble_stack_init    ble_config.o
    0x00023bcc   0x00023bcc   0x000002ec   Code   RO          994    i.bsp_button_event_handler  key.o
    0x00023eb8   0x00023eb8   0x00000014   Code   RO         7006    i.buf_len_update    nrf_log_backend_serial.o
    0x00023ecc   0x00023ecc   0x00000020   Code   RO          995    i.buttons_init      key.o
    0x00023eec   0x00023eec   0x00000032   Code   RO         7007    i.byte2hex          nrf_log_backend_serial.o
    0x00023f1e   0x00023f1e   0x00000002   PAD
    0x00023f20   0x00023f20   0x00000020   Code   RO         4654    i.channel_free      nrf_drv_gpiote.o
    0x00023f40   0x00023f40   0x00000010   Code   RO         4655    i.channel_handler_get  nrf_drv_gpiote.o
    0x00023f50   0x00023f50   0x00000080   Code   RO         4656    i.channel_port_alloc  nrf_drv_gpiote.o
    0x00023fd0   0x00023fd0   0x0000000c   Code   RO         4657    i.channel_port_get  nrf_drv_gpiote.o
    0x00023fdc   0x00023fdc   0x00000012   Code   RO         7008    i.char2readablechar  nrf_log_backend_serial.o
    0x00023fee   0x00023fee   0x00000002   PAD
    0x00023ff0   0x00023ff0   0x00000020   Code   RO         6583    i.check_config      fstorage.o
    0x00024010   0x00024010   0x00000030   Code   RO         6159    i.chunk_queue_get_and_advance  fds.o
    0x00024040   0x00024040   0x0000002c   Code   RO         6161    i.chunk_queue_skip  fds.o
    0x0002406c   0x0002406c   0x00000030   Code   RO         4427    i.clock_clk_started_notify  nrf_drv_clock.o
    0x0002409c   0x0002409c   0x00000090   Code   RO         5876    i.compare_reg_update  app_timer.o
    0x0002412c   0x0002412c   0x0000005a   Code   RO         2035    i.conn_int_check    ble_advdata.o
    0x00024186   0x00024186   0x00000068   Code   RO         2036    i.conn_int_encode   ble_advdata.o
    0x000241ee   0x000241ee   0x00000010   Code   RO          652    i.conn_params_error_handler  ble_salve.o
    0x000241fe   0x000241fe   0x00000002   PAD
    0x00024200   0x00024200   0x0000005c   Code   RO          653    i.conn_params_init  ble_salve.o
    0x0002425c   0x0002425c   0x00000084   Code   RO         2276    i.conn_params_negotiation  ble_conn_params.o
    0x000242e0   0x000242e0   0x0000027c   Code   RO         1193    i.countStep         stepcounter.o
    0x0002455c   0x0002455c   0x0000004c   Code   RO          393    i.crc32_compute     crc32.o
    0x000245a8   0x000245a8   0x0000004a   Code   RO         6162    i.delete_execute    fds.o
    0x000245f2   0x000245f2   0x00000002   PAD
    0x000245f4   0x000245f4   0x0000008c   Code   RO         5664    i.detection_delay_timeout_handler  app_button.o
    0x00024680   0x00024680   0x0000010c   Code   RO         1194    i.detectorNewStep   stepcounter.o
    0x0002478c   0x0002478c   0x000000ac   Code   RO         1195    i.detectorPeak      stepcounter.o
    0x00024838   0x00024838   0x00000028   Code   RO         5609    i.dfu_settings_write_callback  nrf_dfu_settings.o
    0x00024860   0x00024860   0x00000064   Code   RO         5877    i.elapsed_ticks_acquire  app_timer.o
    0x000248c4   0x000248c4   0x0000000a   Code   RO         6584    i.erase_execute     fstorage.o
    0x000248ce   0x000248ce   0x00000002   PAD
    0x000248d0   0x000248d0   0x00000054   Code   RO         7382    i.errata_108        system_nrf52.o
    0x00024924   0x00024924   0x00000054   Code   RO         7383    i.errata_12         system_nrf52.o
    0x00024978   0x00024978   0x00000054   Code   RO         7384    i.errata_136        system_nrf52.o
    0x000249cc   0x000249cc   0x00000030   Code   RO         7385    i.errata_16         system_nrf52.o
    0x000249fc   0x000249fc   0x00000020   Code   RO         7386    i.errata_182        system_nrf52.o
    0x00024a1c   0x00024a1c   0x00000054   Code   RO         7387    i.errata_31         system_nrf52.o
    0x00024a70   0x00024a70   0x00000030   Code   RO         7388    i.errata_32         system_nrf52.o
    0x00024aa0   0x00024aa0   0x00000054   Code   RO         7389    i.errata_36         system_nrf52.o
    0x00024af4   0x00024af4   0x00000030   Code   RO         7390    i.errata_37         system_nrf52.o
    0x00024b24   0x00024b24   0x00000030   Code   RO         7391    i.errata_57         system_nrf52.o
    0x00024b54   0x00024b54   0x00000030   Code   RO         7392    i.errata_66         system_nrf52.o
    0x00024b84   0x00024b84   0x00000076   Code   RO         6164    i.event_prepare     fds.o
    0x00024bfa   0x00024bfa   0x00000002   PAD
    0x00024bfc   0x00024bfc   0x00000028   Code   RO         6165    i.event_send        fds.o
    0x00024c24   0x00024c24   0x00000058   Code   RO         5878    i.expired_timers_handler  app_timer.o
    0x00024c7c   0x00024c7c   0x00000040   Code   RO         6185    i.file_find_and_delete  fds.o
    0x00024cbc   0x00024cbc   0x0000001e   Code   RO         5218    i.finish_transfer   nrf_drv_spi.o
    0x00024cda   0x00024cda   0x00000002   PAD
    0x00024cdc   0x00024cdc   0x00000010   Code   RO         6186    i.flag_clear        fds.o
    0x00024cec   0x00024cec   0x00000018   Code   RO         6187    i.flag_is_set       fds.o
    0x00024d04   0x00024d04   0x00000010   Code   RO         6188    i.flag_set          fds.o
    0x00024d14   0x00024d14   0x00000036   Code   RO         2037    i.flags_encode      ble_advdata.o
    0x00024d4a   0x00024d4a   0x00000014   Code   RO         2159    i.flash_access_in_progress  ble_advertising.o
    0x00024d5e   0x00024d5e   0x00000002   PAD
    0x00024d60   0x00024d60   0x00000080   Code   RO         6585    i.fs_erase          fstorage.o
    0x00024de0   0x00024de0   0x0000000e   Code   RO         6189    i.fs_event_handler  fds.o
    0x00024dee   0x00024dee   0x00000002   PAD
    0x00024df0   0x00024df0   0x00000010   Code   RO          475    i.fs_evt_handler    app_fds.o
    0x00024e00   0x00024e00   0x00000060   Code   RO         5540    i.fs_evt_handler    nrf_dfu_flash.o
    0x00024e60   0x00024e60   0x00000014   Code   RO         6586    i.fs_fake_init      fstorage.o
    0x00024e74   0x00024e74   0x00000018   Code   RO         6589    i.fs_queued_op_count_get  fstorage.o
    0x00024e8c   0x00024e8c   0x00000094   Code   RO         6590    i.fs_store          fstorage.o
    0x00024f20   0x00024f20   0x00000070   Code   RO         6591    i.fs_sys_event_handler  fstorage.o
    0x00024f90   0x00024f90   0x0000007c   Code   RO          654    i.gap_params_init   ble_salve.o
    0x0002500c   0x0002500c   0x00000074   Code   RO         6190    i.gc_execute        fds.o
    0x00025080   0x00025080   0x00000040   Code   RO         6191    i.gc_init           fds.o
    0x000250c0   0x000250c0   0x00000028   Code   RO         6192    i.gc_next_page      fds.o
    0x000250e8   0x000250e8   0x00000044   Code   RO         6193    i.gc_page_erase     fds.o
    0x0002512c   0x0002512c   0x00000048   Code   RO         6194    i.gc_page_next      fds.o
    0x00025174   0x00025174   0x00000040   Code   RO         6195    i.gc_record_copy    fds.o
    0x000251b4   0x000251b4   0x00000024   Code   RO         6196    i.gc_record_find_next  fds.o
    0x000251d8   0x000251d8   0x00000058   Code   RO         6197    i.gc_state_advance  fds.o
    0x00025230   0x00025230   0x0000002c   Code   RO         6198    i.gc_swap_erase     fds.o
    0x0002525c   0x0002525c   0x00000044   Code   RO         6199    i.gc_swap_pages     fds.o
    0x000252a0   0x000252a0   0x00000020   Code   RO         6200    i.gc_swap_promote   fds.o
    0x000252c0   0x000252c0   0x00000018   Code   RO         6201    i.gc_tag_new_swap   fds.o
    0x000252d8   0x000252d8   0x00000020   Code   RO         6202    i.gc_update_swap_offset  fds.o
    0x000252f8   0x000252f8   0x000000e8   Code   RO         1196    i.get_Gsenson_Value  stepcounter.o
    0x000253e0   0x000253e0   0x00000088   Code   RO          553    i.get_mac_addr      misc.o
    0x00025468   0x00025468   0x00000080   Code   RO         5665    i.gpiote_event_handler  app_button.o
    0x000254e8   0x000254e8   0x00000018   Code   RO         6203    i.header_is_valid   fds.o
    0x00025500   0x00025500   0x00000118   Code   RO         6204    i.init_execute      fds.o
    0x00025618   0x00025618   0x000000b8   Code   RO         6862    i.intern_softdevice_events_execute  softdevice_handler.o
    0x000256d0   0x000256d0   0x00000024   Code   RO         5219    i.irq_handler_spim  nrf_drv_spi.o
    0x000256f4   0x000256f4   0x00000024   Code   RO         2277    i.is_conn_params_ok  ble_conn_params.o
    0x00025718   0x00025718   0x00000010   Code   RO         6205    i.is_word_aligned   fds.o
    0x00025728   0x00025728   0x0000000c   Code   RO         4430    i.item_dequeue      nrf_drv_clock.o
    0x00025734   0x00025734   0x0000007c   Code   RO         5879    i.list_deletions_handler  app_timer.o
    0x000257b0   0x000257b0   0x000000f8   Code   RO         5880    i.list_insertions_handler  app_timer.o
    0x000258a8   0x000258a8   0x000000c0   Code   RO            6    i.main              main.o
    0x00025968   0x00025968   0x00000076   Code   RO         2038    i.manuf_specific_data_encode  ble_advdata.o
    0x000259de   0x000259de   0x00000002   PAD
    0x000259e0   0x000259e0   0x00000030   Code   RO          744    i.max30102_10ms_handler  timer.o
    0x00025a10   0x00025a10   0x00000042   Code   RO         1794    i.maxim_find_peaks  max3010x.o
    0x00025a52   0x00025a52   0x00000002   PAD
    0x00025a54   0x00025a54   0x000004ec   Code   RO         1795    i.maxim_heart_rate_and_oxygen_saturation  max3010x.o
    0x00025f40   0x00025f40   0x0000007a   Code   RO         1796    i.maxim_peaks_above_min_height  max3010x.o
    0x00025fba   0x00025fba   0x00000072   Code   RO         1797    i.maxim_remove_close_peaks  max3010x.o
    0x0002602c   0x0002602c   0x00000036   Code   RO         1798    i.maxim_sort_ascend  max3010x.o
    0x00026062   0x00026062   0x00000040   Code   RO         1799    i.maxim_sort_indices_descend  max3010x.o
    0x000260a2   0x000260a2   0x00000022   Code   RO          942    i.monthLength       utc.o
    0x000260c4   0x000260c4   0x000000c2   Code   RO         2039    i.name_encode       ble_advdata.o
    0x00026186   0x00026186   0x00000012   Code   RO         4434    i.nrf_clock_event_check  nrf_drv_clock.o
    0x00026198   0x00026198   0x00000012   Code   RO         4435    i.nrf_clock_event_clear  nrf_drv_clock.o
    0x000261aa   0x000261aa   0x00000002   PAD
    0x000261ac   0x000261ac   0x0000000c   Code   RO         4437    i.nrf_clock_int_disable  nrf_drv_clock.o
    0x000261b8   0x000261b8   0x00000012   Code   RO         1047    i.nrf_delay_ms      oled.o
    0x000261ca   0x000261ca   0x00000012   Code   RO         1800    i.nrf_delay_ms      max3010x.o
    0x000261dc   0x000261dc   0x00000098   Code   RO          745    i.nrf_delay_us      timer.o
    0x00026274   0x00026274   0x00000098   Code   RO         1048    i.nrf_delay_us      oled.o
    0x0002630c   0x0002630c   0x00000098   Code   RO         1360    i.nrf_delay_us      comm_protocol.o
    0x000263a4   0x000263a4   0x00000098   Code   RO         1801    i.nrf_delay_us      max3010x.o
    0x0002643c   0x0002643c   0x00000098   Code   RO         1921    i.nrf_delay_us      iic.o
    0x000264d4   0x000264d4   0x00000098   Code   RO         5881    i.nrf_delay_us      app_timer.o
    0x0002656c   0x0002656c   0x0000013c   Code   RO         5541    i.nrf_dfu_flash_erase  nrf_dfu_flash.o
    0x000266a8   0x000266a8   0x000000b8   Code   RO         5543    i.nrf_dfu_flash_init  nrf_dfu_flash.o
    0x00026760   0x00026760   0x00000120   Code   RO         5544    i.nrf_dfu_flash_store  nrf_dfu_flash.o
    0x00026880   0x00026880   0x00000014   Code   RO         5610    i.nrf_dfu_settings_calculate_crc  nrf_dfu_settings.o
    0x00026894   0x00026894   0x000000c0   Code   RO         5611    i.nrf_dfu_settings_init  nrf_dfu_settings.o
    0x00026954   0x00026954   0x0000017c   Code   RO         5612    i.nrf_dfu_settings_write  nrf_dfu_settings.o
    0x00026ad0   0x00026ad0   0x00000040   Code   RO         4446    i.nrf_drv_clock_init  nrf_drv_clock.o
    0x00026b10   0x00026b10   0x00000034   Code   RO         4452    i.nrf_drv_clock_on_sd_enable  nrf_drv_clock.o
    0x00026b44   0x00026b44   0x0000000e   Code   RO         4453    i.nrf_drv_clock_on_soc_event  nrf_drv_clock.o
    0x00026b52   0x00026b52   0x00000002   PAD
    0x00026b54   0x00026b54   0x00000060   Code   RO         4622    i.nrf_drv_common_irq_enable  nrf_drv_common.o
    0x00026bb4   0x00026bb4   0x000000b8   Code   RO         4662    i.nrf_drv_gpiote_in_event_enable  nrf_drv_gpiote.o
    0x00026c6c   0x00026c6c   0x000000d8   Code   RO         4663    i.nrf_drv_gpiote_in_init  nrf_drv_gpiote.o
    0x00026d44   0x00026d44   0x0000001c   Code   RO         4664    i.nrf_drv_gpiote_in_is_set  nrf_drv_gpiote.o
    0x00026d60   0x00026d60   0x0000005c   Code   RO         4666    i.nrf_drv_gpiote_init  nrf_drv_gpiote.o
    0x00026dbc   0x00026dbc   0x00000014   Code   RO         4667    i.nrf_drv_gpiote_is_init  nrf_drv_gpiote.o
    0x00026dd0   0x00026dd0   0x00000014   Code   RO         5220    i.nrf_drv_is_in_RAM  nrf_drv_spi.o
    0x00026de4   0x00026de4   0x000000bc   Code   RO         5358    i.nrf_drv_saadc_buffer_convert  nrf_drv_saadc.o
    0x00026ea0   0x00026ea0   0x00000058   Code   RO         5360    i.nrf_drv_saadc_channel_init  nrf_drv_saadc.o
    0x00026ef8   0x00026ef8   0x00000058   Code   RO         5361    i.nrf_drv_saadc_channel_uninit  nrf_drv_saadc.o
    0x00026f50   0x00026f50   0x00000024   Code   RO          873    i.nrf_drv_saadc_gpio_to_ain  adc.o
    0x00026f74   0x00026f74   0x00000098   Code   RO         5362    i.nrf_drv_saadc_init  nrf_drv_saadc.o
    0x0002700c   0x0002700c   0x000000b0   Code   RO         5364    i.nrf_drv_saadc_limits_set  nrf_drv_saadc.o
    0x000270bc   0x000270bc   0x00000030   Code   RO         5365    i.nrf_drv_saadc_sample  nrf_drv_saadc.o
    0x000270ec   0x000270ec   0x0000007c   Code   RO         5368    i.nrf_drv_saadc_uninit  nrf_drv_saadc.o
    0x00027168   0x00027168   0x0000013c   Code   RO         5222    i.nrf_drv_spi_init  nrf_drv_spi.o
    0x000272a4   0x000272a4   0x0000002c   Code   RO         5224    i.nrf_drv_spi_transfer  nrf_drv_spi.o
    0x000272d0   0x000272d0   0x00000074   Code   RO         5225    i.nrf_drv_spi_uninit  nrf_drv_spi.o
    0x00027344   0x00027344   0x00000064   Code   RO         5226    i.nrf_drv_spi_xfer  nrf_drv_spi.o
    0x000273a8   0x000273a8   0x00000024   Code   RO          327    i.nrf_gpio_cfg      app_gpio.o
    0x000273cc   0x000273cc   0x00000024   Code   RO         1049    i.nrf_gpio_cfg      oled.o
    0x000273f0   0x000273f0   0x00000024   Code   RO         1922    i.nrf_gpio_cfg      iic.o
    0x00027414   0x00027414   0x00000024   Code   RO         4681    i.nrf_gpio_cfg      nrf_drv_gpiote.o
    0x00027438   0x00027438   0x00000024   Code   RO         5227    i.nrf_gpio_cfg      nrf_drv_spi.o
    0x0002745c   0x0002745c   0x00000018   Code   RO         1050    i.nrf_gpio_cfg_default  oled.o
    0x00027474   0x00027474   0x0000002c   Code   RO         1730    i.nrf_gpio_cfg_default  spi.o
    0x000274a0   0x000274a0   0x0000001a   Code   RO         1924    i.nrf_gpio_cfg_input  iic.o
    0x000274ba   0x000274ba   0x00000018   Code   RO          328    i.nrf_gpio_cfg_output  app_gpio.o
    0x000274d2   0x000274d2   0x00000018   Code   RO         1051    i.nrf_gpio_cfg_output  oled.o
    0x000274ea   0x000274ea   0x00000018   Code   RO         1925    i.nrf_gpio_cfg_output  iic.o
    0x00027502   0x00027502   0x00000018   Code   RO         5228    i.nrf_gpio_cfg_output  nrf_drv_spi.o
    0x0002751a   0x0002751a   0x00000002   PAD
    0x0002751c   0x0002751c   0x00000024   Code   RO         4683    i.nrf_gpio_cfg_sense_set  nrf_drv_gpiote.o
    0x00027540   0x00027540   0x00000010   Code   RO         1052    i.nrf_gpio_pin_clear  oled.o
    0x00027550   0x00027550   0x00000010   Code   RO         1268    i.nrf_gpio_pin_clear  oled_app.o
    0x00027560   0x00027560   0x00000010   Code   RO         1926    i.nrf_gpio_pin_clear  iic.o
    0x00027570   0x00027570   0x00000010   Code   RO         5229    i.nrf_gpio_pin_clear  nrf_drv_spi.o
    0x00027580   0x00027580   0x00000014   Code   RO          746    i.nrf_gpio_pin_read  timer.o
    0x00027594   0x00027594   0x00000014   Code   RO         1927    i.nrf_gpio_pin_read  iic.o
    0x000275a8   0x000275a8   0x00000010   Code   RO         1053    i.nrf_gpio_pin_set  oled.o
    0x000275b8   0x000275b8   0x00000010   Code   RO         1928    i.nrf_gpio_pin_set  iic.o
    0x000275c8   0x000275c8   0x00000010   Code   RO         5230    i.nrf_gpio_pin_set  nrf_drv_spi.o
    0x000275d8   0x000275d8   0x0000000c   Code   RO         4686    i.nrf_gpiote_event_addr_get  nrf_drv_gpiote.o
    0x000275e4   0x000275e4   0x0000001c   Code   RO         4687    i.nrf_gpiote_event_clear  nrf_drv_gpiote.o
    0x00027600   0x00027600   0x00000016   Code   RO         4688    i.nrf_gpiote_event_is_set  nrf_drv_gpiote.o
    0x00027616   0x00027616   0x00000002   PAD
    0x00027618   0x00027618   0x0000000c   Code   RO         4689    i.nrf_gpiote_int_enable  nrf_drv_gpiote.o
    0x00027624   0x00027624   0x00000008   Code   RO         7010    i.nrf_log_backend_hexdump_handler_get  nrf_log_backend_serial.o
    0x0002762c   0x0002762c   0x00000050   Code   RO         7011    i.nrf_log_backend_init  nrf_log_backend_serial.o
    0x0002767c   0x0002767c   0x0000014e   Code   RO         7012    i.nrf_log_backend_serial_hexdump_handler  nrf_log_backend_serial.o
    0x000277ca   0x000277ca   0x0000014e   Code   RO         7013    i.nrf_log_backend_serial_std_handler  nrf_log_backend_serial.o
    0x00027918   0x00027918   0x00000008   Code   RO         7014    i.nrf_log_backend_std_handler_get  nrf_log_backend_serial.o
    0x00027920   0x00027920   0x0000002c   Code   RO         7108    i.nrf_log_direct_feed  nrf_log_frontend.o
    0x0002794c   0x0002794c   0x0000003c   Code   RO         7110    i.nrf_log_frontend_hexdump  nrf_log_frontend.o
    0x00027988   0x00027988   0x00000012   Code   RO         7111    i.nrf_log_frontend_init  nrf_log_frontend.o
    0x0002799a   0x0002799a   0x00000014   Code   RO         7112    i.nrf_log_frontend_std_0  nrf_log_frontend.o
    0x000279ae   0x000279ae   0x00000018   Code   RO         7113    i.nrf_log_frontend_std_1  nrf_log_frontend.o
    0x000279c6   0x000279c6   0x00000020   Code   RO         7114    i.nrf_log_frontend_std_2  nrf_log_frontend.o
    0x000279e6   0x000279e6   0x0000003c   Code   RO         7118    i.nrf_log_frontend_std_6  nrf_log_frontend.o
    0x00027a22   0x00027a22   0x00000002   PAD
    0x00027a24   0x00027a24   0x0000000c   Code   RO         7120    i.nrf_log_handlers_set  nrf_log_frontend.o
    0x00027a30   0x00027a30   0x0000002c   Code   RO         7121    i.nrf_log_init      nrf_log_frontend.o
    0x00027a5c   0x00027a5c   0x0000003c   Code   RO          420    i.nrf_nvmc_page_erase  nrf_nvmc.o
    0x00027a98   0x00027a98   0x0000004c   Code   RO          424    i.nrf_nvmc_write_words  nrf_nvmc.o
    0x00027ae4   0x00027ae4   0x00000010   Code   RO         5369    i.nrf_saadc_buffer_init  nrf_drv_saadc.o
    0x00027af4   0x00027af4   0x00000070   Code   RO         5507    i.nrf_saadc_channel_init  nrf_saadc.o
    0x00027b64   0x00027b64   0x00000018   Code   RO         5370    i.nrf_saadc_channel_input_set  nrf_drv_saadc.o
    0x00027b7c   0x00027b7c   0x00000014   Code   RO         5371    i.nrf_saadc_event_check  nrf_drv_saadc.o
    0x00027b90   0x00027b90   0x00000018   Code   RO         5372    i.nrf_saadc_event_clear  nrf_drv_saadc.o
    0x00027ba8   0x00027ba8   0x0000000c   Code   RO         5373    i.nrf_saadc_int_disable  nrf_drv_saadc.o
    0x00027bb4   0x00027bb4   0x0000000c   Code   RO         5374    i.nrf_saadc_int_enable  nrf_drv_saadc.o
    0x00027bc0   0x00027bc0   0x00000014   Code   RO         5375    i.nrf_saadc_limit_int_get  nrf_drv_saadc.o
    0x00027bd4   0x00027bd4   0x0000000c   Code   RO         5376    i.nrf_saadc_task_trigger  nrf_drv_saadc.o
    0x00027be0   0x00027be0   0x0000000e   Code   RO         5231    i.nrf_spim_event_check  nrf_drv_spi.o
    0x00027bee   0x00027bee   0x0000000e   Code   RO         5232    i.nrf_spim_event_clear  nrf_drv_spi.o
    0x00027bfc   0x00027bfc   0x00000006   Code   RO         5233    i.nrf_spim_int_disable  nrf_drv_spi.o
    0x00027c02   0x00027c02   0x00000006   Code   RO         5234    i.nrf_spim_int_enable  nrf_drv_spi.o
    0x00027c08   0x00027c08   0x00000006   Code   RO         5235    i.nrf_spim_task_trigger  nrf_drv_spi.o
    0x00027c0e   0x00027c0e   0x0000000c   Code   RO         4945    i.nrf_uart_errorsrc_get_and_clear  nrf_drv_uart.o
    0x00027c1a   0x00027c1a   0x0000000e   Code   RO         4946    i.nrf_uart_event_check  nrf_drv_uart.o
    0x00027c28   0x00027c28   0x0000000e   Code   RO         4947    i.nrf_uart_event_clear  nrf_drv_uart.o
    0x00027c36   0x00027c36   0x00000006   Code   RO         4949    i.nrf_uart_int_disable  nrf_drv_uart.o
    0x00027c3c   0x00027c3c   0x00000012   Code   RO         4951    i.nrf_uart_int_enable_check  nrf_drv_uart.o
    0x00027c4e   0x00027c4e   0x00000006   Code   RO         4952    i.nrf_uart_task_trigger  nrf_drv_uart.o
    0x00027c54   0x00027c54   0x0000000c   Code   RO         4954    i.nrf_uarte_errorsrc_get_and_clear  nrf_drv_uart.o
    0x00027c60   0x00027c60   0x0000000e   Code   RO         4955    i.nrf_uarte_event_check  nrf_drv_uart.o
    0x00027c6e   0x00027c6e   0x0000000e   Code   RO         4956    i.nrf_uarte_event_clear  nrf_drv_uart.o
    0x00027c7c   0x00027c7c   0x0000000a   Code   RO         4960    i.nrf_uarte_rx_amount_get  nrf_drv_uart.o
    0x00027c86   0x00027c86   0x00000002   PAD
    0x00027c88   0x00027c88   0x00000024   Code   RO          655    i.nus_data_handler  ble_salve.o
    0x00027cac   0x00027cac   0x00000016   Code   RO         1054    i.oled_pow          oled.o
    0x00027cc2   0x00027cc2   0x0000002e   Code   RO          656    i.on_adv_evt        ble_salve.o
    0x00027cf0   0x00027cf0   0x00000264   Code   RO          657    i.on_ble_peripheral_evt  ble_salve.o
    0x00027f54   0x00027f54   0x00000018   Code   RO         2278    i.on_conn_params_update  ble_conn_params.o
    0x00027f6c   0x00027f6c   0x00000038   Code   RO         2279    i.on_connect        ble_conn_params.o
    0x00027fa4   0x00027fa4   0x00000006   Code   RO         4267    i.on_connect        ble_nus.o
    0x00027faa   0x00027faa   0x00000002   PAD
    0x00027fac   0x00027fac   0x00000014   Code   RO         2160    i.on_connected      ble_advertising.o
    0x00027fc0   0x00027fc0   0x00000040   Code   RO         2280    i.on_disconnect     ble_conn_params.o
    0x00028000   0x00028000   0x00000008   Code   RO         4268    i.on_disconnect     ble_nus.o
    0x00028008   0x00028008   0x0000003c   Code   RO         2161    i.on_disconnected   ble_advertising.o
    0x00028044   0x00028044   0x0000002c   Code   RO         6592    i.on_operation_failure  fstorage.o
    0x00028070   0x00028070   0x00000078   Code   RO         6593    i.on_operation_success  fstorage.o
    0x000280e8   0x000280e8   0x00000038   Code   RO         2162    i.on_timeout        ble_advertising.o
    0x00028120   0x00028120   0x0000004c   Code   RO         2281    i.on_write          ble_conn_params.o
    0x0002816c   0x0002816c   0x00000046   Code   RO         4269    i.on_write          ble_nus.o
    0x000281b2   0x000281b2   0x00000002   PAD
    0x000281b4   0x000281b4   0x00000040   Code   RO         6207    i.page_from_record  fds.o
    0x000281f4   0x000281f4   0x00000012   Code   RO         6211    i.page_offsets_update  fds.o
    0x00028206   0x00028206   0x00000002   PAD
    0x00028208   0x00028208   0x00000020   Code   RO         6213    i.page_tag_write_data  fds.o
    0x00028228   0x00028228   0x00000024   Code   RO         6214    i.page_tag_write_swap  fds.o
    0x0002824c   0x0002824c   0x00000098   Code   RO         1197    i.peakValleyThread  stepcounter.o
    0x000282e4   0x000282e4   0x000004dc   Code   RO          747    i.period_timeout_handler  timer.o
    0x000287c0   0x000287c0   0x0000001c   Code   RO         4692    i.pin_in_use_by_gpiote  nrf_drv_gpiote.o
    0x000287dc   0x000287dc   0x00000018   Code   RO         4693    i.pin_in_use_by_port  nrf_drv_gpiote.o
    0x000287f4   0x000287f4   0x00000020   Code   RO         4694    i.pin_in_use_by_te  nrf_drv_gpiote.o
    0x00028814   0x00028814   0x0000000c   Code   RO         4695    i.pin_in_use_clear  nrf_drv_gpiote.o
    0x00028820   0x00028820   0x0000001a   Code   RO            7    i.power_manage      main.o
    0x0002883a   0x0002883a   0x00000002   PAD
    0x0002883c   0x0002883c   0x00000054   Code   RO         6216    i.queue_advance     fds.o
    0x00028890   0x00028890   0x00000040   Code   RO         6594    i.queue_advance     fstorage.o
    0x000288d0   0x000288d0   0x00000078   Code   RO         6595    i.queue_get_next_free  fstorage.o
    0x00028948   0x00028948   0x000000a4   Code   RO         6217    i.queue_process     fds.o
    0x000289ec   0x000289ec   0x00000070   Code   RO         6596    i.queue_process     fstorage.o
    0x00028a5c   0x00028a5c   0x0000002c   Code   RO         6597    i.queue_start       fstorage.o
    0x00028a88   0x00028a88   0x00000014   Code   RO         6863    i.ram_end_address_get  softdevice_handler.o
    0x00028a9c   0x00028a9c   0x0000004c   Code   RO         2371    i.record_activate   ble_conn_state.o
    0x00028ae8   0x00028ae8   0x00000088   Code   RO         6219    i.record_find       fds.o
    0x00028b70   0x00028b70   0x00000048   Code   RO         6220    i.record_find_and_delete  fds.o
    0x00028bb8   0x00028bb8   0x0000007c   Code   RO         6221    i.record_find_by_desc  fds.o
    0x00028c34   0x00028c34   0x00000060   Code   RO         6222    i.record_find_next  fds.o
    0x00028c94   0x00028c94   0x00000028   Code   RO         6223    i.record_header_flag_dirty  fds.o
    0x00028cbc   0x00028cbc   0x0000002c   Code   RO         6224    i.record_header_write_begin  fds.o
    0x00028ce8   0x00028ce8   0x00000038   Code   RO         6225    i.record_header_write_finalize  fds.o
    0x00028d20   0x00028d20   0x00000038   Code   RO         6226    i.record_header_write_id  fds.o
    0x00028d58   0x00028d58   0x0000001c   Code   RO         2372    i.record_invalidate  ble_conn_state.o
    0x00028d74   0x00028d74   0x00000044   Code   RO         2373    i.record_purge_disconnected  ble_conn_state.o
    0x00028db8   0x00028db8   0x00000018   Code   RO         2374    i.record_set_disconnected  ble_conn_state.o
    0x00028dd0   0x00028dd0   0x00000050   Code   RO         6228    i.record_write_chunk  fds.o
    0x00028e20   0x00028e20   0x0000000c   Code   RO         5882    i.rtc1_compare0_set  app_timer.o
    0x00028e2c   0x00028e2c   0x0000000c   Code   RO         5883    i.rtc1_counter_get  app_timer.o
    0x00028e38   0x00028e38   0x00000018   Code   RO         5884    i.rtc1_init         app_timer.o
    0x00028e50   0x00028e50   0x0000003c   Code   RO         5885    i.rtc1_start        app_timer.o
    0x00028e8c   0x00028e8c   0x00000058   Code   RO         5886    i.rtc1_stop         app_timer.o
    0x00028ee4   0x00028ee4   0x0000003e   Code   RO         4964    i.rx_byte           nrf_drv_uart.o
    0x00028f22   0x00028f22   0x00000136   Code   RO         4270    i.rx_char_add       ble_nus.o
    0x00029058   0x00029058   0x00000134   Code   RO         4336    i.rx_char_add       ble_dfu.o
    0x0002918c   0x0002918c   0x0000001e   Code   RO         4965    i.rx_done_event     nrf_drv_uart.o
    0x000291aa   0x000291aa   0x00000002   PAD
    0x000291ac   0x000291ac   0x0000006c   Code   RO          874    i.saadc_callback    adc.o
    0x00029218   0x00029218   0x00000024   Code   RO          875    i.saadc_close       adc.o
    0x0002923c   0x0002923c   0x000000ac   Code   RO          876    i.saddc_init        adc.o
    0x000292e8   0x000292e8   0x0000008c   Code   RO         6865    i.sd_nvic_EnableIRQ  softdevice_handler.o
    0x00029374   0x00029374   0x00000068   Code   RO         6085    i.sd_nvic_critical_region_enter  app_util_platform.o
    0x000293dc   0x000293dc   0x00000076   Code   RO         6728    i.sdk_mapped_flags_bulk_update_by_key  sdk_mapped_flags.o
    0x00029452   0x00029452   0x00000024   Code   RO         6729    i.sdk_mapped_flags_first_key_index_get  sdk_mapped_flags.o
    0x00029476   0x00029476   0x00000012   Code   RO         6730    i.sdk_mapped_flags_get_by_index  sdk_mapped_flags.o
    0x00029488   0x00029488   0x0000002e   Code   RO         6731    i.sdk_mapped_flags_get_by_key  sdk_mapped_flags.o
    0x000294b6   0x000294b6   0x00000042   Code   RO         6732    i.sdk_mapped_flags_key_list_get  sdk_mapped_flags.o
    0x000294f8   0x000294f8   0x0000001a   Code   RO         6734    i.sdk_mapped_flags_update_by_key  sdk_mapped_flags.o
    0x00029512   0x00029512   0x00000002   PAD
    0x00029514   0x00029514   0x00000170   Code   RO          943    i.seconds_To_UTC    utc.o
    0x00029684   0x00029684   0x0000005c   Code   RO         6598    i.send_event        fstorage.o
    0x000296e0   0x000296e0   0x00000004   Code   RO         7016    i.serial_is_busy    nrf_log_backend_serial.o
    0x000296e4   0x000296e4   0x00000044   Code   RO         7017    i.serial_tx         nrf_log_backend_serial.o
    0x00029728   0x00029728   0x00000096   Code   RO         2040    i.service_data_encode  ble_advdata.o
    0x000297be   0x000297be   0x00000002   PAD
    0x000297c0   0x000297c0   0x00000038   Code   RO          658    i.service_nus_init  ble_salve.o
    0x000297f8   0x000297f8   0x00000040   Code   RO          659    i.services_init     ble_salve.o
    0x00029838   0x00029838   0x00000020   Code   RO         2163    i.set_adv_mode_directed  ble_advertising.o
    0x00029858   0x00029858   0x0000002c   Code   RO         2164    i.set_adv_mode_directed_slow  ble_advertising.o
    0x00029884   0x00029884   0x00000060   Code   RO         2165    i.set_adv_mode_fast  ble_advertising.o
    0x000298e4   0x000298e4   0x00000060   Code   RO         2166    i.set_adv_mode_slow  ble_advertising.o
    0x00029944   0x00029944   0x00000018   Code   RO         6866    i.softdevice_ble_evt_handler_set  softdevice_handler.o
    0x0002995c   0x0002995c   0x000000e0   Code   RO         6867    i.softdevice_enable  softdevice_handler.o
    0x00029a3c   0x00029a3c   0x0000002c   Code   RO         6868    i.softdevice_enable_get_default_config  softdevice_handler.o
    0x00029a68   0x00029a68   0x00000014   Code   RO         6869    i.softdevice_fault_handler  softdevice_handler.o
    0x00029a7c   0x00029a7c   0x0000009c   Code   RO         6870    i.softdevice_handler_init  softdevice_handler.o
    0x00029b18   0x00029b18   0x0000000c   Code   RO         6871    i.softdevice_handler_is_enabled  softdevice_handler.o
    0x00029b24   0x00029b24   0x00000018   Code   RO         6876    i.softdevice_sys_evt_handler_set  softdevice_handler.o
    0x00029b3c   0x00029b3c   0x0000000c   Code   RO         1731    i.spi_event_handler  spi.o
    0x00029b48   0x00029b48   0x000000fa   Code   RO         5236    i.spim_xfer         nrf_drv_spi.o
    0x00029c42   0x00029c42   0x0000000e   Code   RO         2041    i.srdata_check      ble_advdata.o
    0x00029c50   0x00029c50   0x00000050   Code   RO          877    i.start_adc_convert  adc.o
    0x00029ca0   0x00029ca0   0x00000010   Code   RO          748    i.step_10ms_handler  timer.o
    0x00029cb0   0x00029cb0   0x0000003c   Code   RO          749    i.step_50ms_handler  timer.o
    0x00029cec   0x00029cec   0x00000032   Code   RO         6599    i.store_execute     fstorage.o
    0x00029d1e   0x00029d1e   0x00000012   Code   RO          594    i.sys_evt_dispatch  ble_config.o
    0x00029d30   0x00029d30   0x0000000a   Code   RO         5887    i.ticks_diff_get    app_timer.o
    0x00029d3a   0x00029d3a   0x00000002   PAD
    0x00029d3c   0x00029d3c   0x00000038   Code   RO         5888    i.timeout_handler_exec  app_timer.o
    0x00029d74   0x00029d74   0x00000054   Code   RO         5889    i.timer_list_handler  app_timer.o
    0x00029dc8   0x00029dc8   0x0000000a   Code   RO         5890    i.timer_list_handler_sched  app_timer.o
    0x00029dd2   0x00029dd2   0x00000002   PAD
    0x00029dd4   0x00029dd4   0x00000068   Code   RO         5891    i.timer_list_insert  app_timer.o
    0x00029e3c   0x00029e3c   0x0000006c   Code   RO         5892    i.timer_list_remove  app_timer.o
    0x00029ea8   0x00029ea8   0x0000005e   Code   RO         5893    i.timer_start_op_schedule  app_timer.o
    0x00029f06   0x00029f06   0x00000042   Code   RO         5894    i.timer_stop_op_schedule  app_timer.o
    0x00029f48   0x00029f48   0x000000e8   Code   RO          750    i.timer_task_create  timer.o
    0x0002a030   0x0002a030   0x00000098   Code   RO         5895    i.timer_timeouts_check  app_timer.o
    0x0002a0c8   0x0002a0c8   0x0000000a   Code   RO         5896    i.timer_timeouts_check_sched  app_timer.o
    0x0002a0d2   0x0002a0d2   0x00000002   PAD
    0x0002a0d4   0x0002a0d4   0x0000002c   Code   RO          751    i.timers_init       timer.o
    0x0002a100   0x0002a100   0x0000009c   Code   RO          752    i.timers_start      timer.o
    0x0002a19c   0x0002a19c   0x0000005c   Code   RO          753    i.timers_start_Max30102_timer  timer.o
    0x0002a1f8   0x0002a1f8   0x0000002c   Code   RO          754    i.timers_start_adc_timer  timer.o
    0x0002a224   0x0002a224   0x00000044   Code   RO          755    i.timers_stop_Max30102_timer  timer.o
    0x0002a268   0x0002a268   0x0000003c   Code   RO         7018    i.timestamp_process  nrf_log_backend_serial.o
    0x0002a2a4   0x0002a2a4   0x00000026   Code   RO         4967    i.tx_byte           nrf_drv_uart.o
    0x0002a2ca   0x0002a2ca   0x000000ec   Code   RO         4271    i.tx_char_add       ble_nus.o
    0x0002a3b6   0x0002a3b6   0x00000022   Code   RO         4968    i.tx_done_event     nrf_drv_uart.o
    0x0002a3d8   0x0002a3d8   0x00000036   Code   RO         2042    i.tx_power_level_encode  ble_advdata.o
    0x0002a40e   0x0002a40e   0x00000142   Code   RO         4969    i.uart_irq_handler  nrf_drv_uart.o
    0x0002a550   0x0002a550   0x0000010c   Code   RO         4970    i.uarte_irq_handler  nrf_drv_uart.o
    0x0002a65c   0x0002a65c   0x0000000c   Code   RO         2643    i.uint16_decode     ble_srv_common.o
    0x0002a668   0x0002a668   0x0000000c   Code   RO         2043    i.uint16_encode     ble_advdata.o
    0x0002a674   0x0002a674   0x00000090   Code   RO         2282    i.update_timeout_handler  ble_conn_params.o
    0x0002a704   0x0002a704   0x0000003c   Code   RO         5897    i.user_op_alloc     app_timer.o
    0x0002a740   0x0002a740   0x0000000c   Code   RO         5898    i.user_op_enque     app_timer.o
    0x0002a74c   0x0002a74c   0x0000004e   Code   RO         2044    i.uuid_list_encode  ble_advdata.o
    0x0002a79a   0x0002a79a   0x000000dc   Code   RO         2045    i.uuid_list_sized_encode  ble_advdata.o
    0x0002a876   0x0002a876   0x00000002   PAD
    0x0002a878   0x0002a878   0x0000000c   Code   RO         2167    i.whitelist_has_entries  ble_advertising.o
    0x0002a884   0x0002a884   0x000000b8   Code   RO         6230    i.write_execute     fds.o
    0x0002a93c   0x0002a93c   0x00000004   Data   RO          331    .constdata          app_gpio.o
    0x0002a940   0x0002a940   0x00000004   Data   RO          596    .constdata          ble_config.o
    0x0002a944   0x0002a944   0x00000018   Data   RO          757    .constdata          timer.o
    0x0002a95c   0x0002a95c   0x0000000d   Data   RO          879    .constdata          adc.o
    0x0002a969   0x0002a969   0x00000003   PAD
    0x0002a96c   0x0002a96c   0x00000008   Data   RO          996    .constdata          key.o
    0x0002a974   0x0002a974   0x00000018   Data   RO         1732    .constdata          spi.o
    0x0002a98c   0x0002a98c   0x000000f6   Data   RO         1803    .constdata          max3010x.o
    0x0002aa82   0x0002aa82   0x00000002   PAD
    0x0002aa84   0x0002aa84   0x00000004   Data   RO         2284    .constdata          ble_conn_params.o
    0x0002aa88   0x0002aa88   0x00000010   Data   RO         4272    .constdata          ble_nus.o
    0x0002aa98   0x0002aa98   0x00000010   Data   RO         4337    .constdata          ble_dfu.o
    0x0002aaa8   0x0002aaa8   0x00000004   Data   RO         5378    .constdata          nrf_drv_saadc.o
    0x0002aaac   0x0002aaac   0x00000010   Data   RO         5546    .constdata          nrf_dfu_flash.o
    0x0002aabc   0x0002aabc   0x00000008   Data   RO         5667    .constdata          app_button.o
    0x0002aac4   0x0002aac4   0x00000014   Data   RO         6234    .constdata          fds.o
    0x0002aad8   0x0002aad8   0x00000044   Data   RO         6877    .conststring        softdevice_handler.o
    0x0002ab1c   0x0002ab1c   0x00000020   Data   RO         7851    Region$$Table       anon$$obj.o


    Execution Region RW_IRAM1 (Exec base: 0x20002138, Load base: 0x0002ab3c, Size: 0x0000aff0, Max: 0x0000dec8, ABSOLUTE, COMPRESSED[0x00001850])

    Exec Addr    Load Addr    Size         Type   Attr      Idx    E Section Name        Object

    0x20002138   COMPRESSED   0x000007ce   Data   RW            8    .data               main.o
    0x20002906   COMPRESSED   0x00000001   Data   RW          479    .data               app_fds.o
    0x20002907   COMPRESSED   0x00000001   PAD
    0x20002908   COMPRESSED   0x000007ca   Data   RW          661    .data               ble_salve.o
    0x200030d2   COMPRESSED   0x00000002   PAD
    0x200030d4   COMPRESSED   0x000007cb   Data   RW          758    .data               timer.o
    0x2000389f   COMPRESSED   0x00000001   PAD
    0x200038a0   COMPRESSED   0x000007c6   Data   RW          880    .data               adc.o
    0x20004066   COMPRESSED   0x00000002   PAD
    0x20004068   COMPRESSED   0x00000004   Data   RW          944    .data               utc.o
    0x2000406c   COMPRESSED   0x000021bc   Data   RW         1056    .data               oled.o
    0x20006228   COMPRESSED   0x00000058   Data   RW         1200    .data               stepcounter.o
    0x20006280   COMPRESSED   0x00002982   Data   RW         1270    .data               oled_app.o
    0x20008c02   COMPRESSED   0x00000001   Data   RW         1442    .data               lis3dh_driver.o
    0x20008c03   COMPRESSED   0x00000013   Data   RW         1733    .data               spi.o
    0x20008c16   COMPRESSED   0x00000002   PAD
    0x20008c18   COMPRESSED   0x00000010   Data   RW         1804    .data               max3010x.o
    0x20008c28   COMPRESSED   0x0000001f   Data   RW         2169    .data               ble_advertising.o
    0x20008c47   COMPRESSED   0x00000001   PAD
    0x20008c48   COMPRESSED   0x00000015   Data   RW         2285    .data               ble_conn_params.o
    0x20008c5d   COMPRESSED   0x00000003   PAD
    0x20008c60   COMPRESSED   0x00000004   Data   RW         4338    .data               ble_dfu.o
    0x20008c64   COMPRESSED   0x00000004   Data   RW         5547    .data               nrf_dfu_flash.o
    0x20008c68   COMPRESSED   0x00000008   Data   RW         5617    .data               nrf_dfu_settings.o
    0x20008c70   COMPRESSED   0x00000014   Data   RW         5668    .data               app_button.o
    0x20008c84   COMPRESSED   0x00000022   Data   RW         5899    .data               app_timer.o
    0x20008ca6   COMPRESSED   0x00000002   PAD
    0x20008ca8   COMPRESSED   0x0000001c   Data   RW         6235    .data               fds.o
    0x20008cc4   COMPRESSED   0x00000002   Data   RW         6601    .data               fstorage.o
    0x20008cc6   COMPRESSED   0x00000002   PAD
    0x20008cc8   COMPRESSED   0x00000018   Data   RW         6878    .data               softdevice_handler.o
    0x20008ce0   COMPRESSED   0x00000002   Data   RW         7020    .data               nrf_log_backend_serial.o
    0x20008ce2   COMPRESSED   0x00000002   PAD
    0x20008ce4   COMPRESSED   0x00000004   Data   RW         7393    .data               system_nrf52.o
    0x20008ce8   COMPRESSED   0x00000004   Data   RW         7826    .data               mc_w.l(errno.o)
    0x20008cec   COMPRESSED   0x00000010   Data   RW          480    fs_data             app_fds.o
    0x20008cfc   COMPRESSED   0x00000010   Data   RW         5548    fs_data             nrf_dfu_flash.o
    0x20008d0c   COMPRESSED   0x00000010   Data   RW         6236    fs_data             fds.o
    0x20008d1c        -       0x00000020   Zero   RW          330    .bss                app_gpio.o
    0x20008d3c        -       0x00000050   Zero   RW          595    .bss                ble_config.o
    0x20008d8c        -       0x00000034   Zero   RW          660    .bss                ble_salve.o
    0x20008dc0        -       0x000001c8   Zero   RW          756    .bss                timer.o
    0x20008f88        -       0x00000014   Zero   RW          878    .bss                adc.o
    0x20008f9c        -       0x00000180   Zero   RW         1055    .bss                oled.o
    0x2000911c        -       0x0000001c   Zero   RW         1199    .bss                stepcounter.o
    0x20009138        -       0x0000000c   Zero   RW         1269    .bss                oled_app.o
    0x20009144        -       0x00000fbc   Zero   RW         1802    .bss                max3010x.o
    0x2000a100        -       0x000000af   Zero   RW         2168    .bss                ble_advertising.o
    0x2000a1af   COMPRESSED   0x00000001   PAD
    0x2000a1b0        -       0x0000003c   Zero   RW         2283    .bss                ble_conn_params.o
    0x2000a1ec        -       0x00000034   Zero   RW         2377    .bss                ble_conn_state.o
    0x2000a220        -       0x00000014   Zero   RW         4455    .bss                nrf_drv_clock.o
    0x2000a234        -       0x00000058   Zero   RW         4696    .bss                nrf_drv_gpiote.o
    0x2000a28c        -       0x00000020   Zero   RW         4971    .bss                nrf_drv_uart.o
    0x2000a2ac        -       0x00000020   Zero   RW         5237    .bss                nrf_drv_spi.o
    0x2000a2cc        -       0x00000030   Zero   RW         5377    .bss                nrf_drv_saadc.o
    0x2000a2fc        -       0x000002b8   Zero   RW         5616    .bss                nrf_dfu_settings.o
    0x2000a5b4        -       0x00000020   Zero   RW         5666    .bss                app_button.o
    0x2000a5d4        -       0x0000000c   Zero   RW         6086    .bss                app_util_platform.o
    0x2000a5e0        -       0x00000418   Zero   RW         6233    .bss                fds.o
    0x2000a9f8        -       0x00000188   Zero   RW         6600    .bss                fstorage.o
    0x2000ab80        -       0x00000100   Zero   RW         7019    .bss                nrf_log_backend_serial.o
    0x2000ac80        -       0x0000001c   Zero   RW         7123    .bss                nrf_log_frontend.o
    0x2000ac9c        -       0x00000488   Zero   RW         7249    .bss                segger_rtt.o
    0x2000b124   COMPRESSED   0x00000004   PAD
    0x2000b128        -       0x00002000   Zero   RW         7370    STACK               arm_startup_nrf52.o



  Load Region LR$$.ARM.__AT_0x0007E000 (Base: 0x0007e000, Size: 0x00000000, Max: 0x00001000, ABSOLUTE)

    Execution Region ER$$.ARM.__AT_0x0007E000 (Exec base: 0x0007e000, Load base: 0x0007e000, Size: 0x00001000, Max: 0x00001000, ABSOLUTE, UNINIT)

    Exec Addr    Load Addr    Size         Type   Attr      Idx    E Section Name        Object

    0x0007e000        -       0x00001000   Zero   RW         5613    .ARM.__AT_0x0007E000  nrf_dfu_settings.o



  Load Region LR$$.ARM.__AT_0x0007F000 (Base: 0x0007f000, Size: 0x00000000, Max: 0x00001000, ABSOLUTE)

    Execution Region ER$$.ARM.__AT_0x0007F000 (Exec base: 0x0007f000, Load base: 0x0007f000, Size: 0x00001000, Max: 0x00001000, ABSOLUTE, UNINIT)

    Exec Addr    Load Addr    Size         Type   Attr      Idx    E Section Name        Object

    0x0007f000        -       0x00001000   Zero   RW         5614    .ARM.__AT_0x0007F000  nrf_dfu_settings.o



  Load Region LR$$.ARM.__AT_0x10001018 (Base: 0x10001018, Size: 0x00000004, Max: 0x00000004, ABSOLUTE)

    Execution Region ER$$.ARM.__AT_0x10001018 (Exec base: 0x10001018, Load base: 0x10001018, Size: 0x00000004, Max: 0x00000004, ABSOLUTE, UNINIT)

    Exec Addr    Load Addr    Size         Type   Attr      Idx    E Section Name        Object

    0x10001018   0x10001018   0x00000004   Data   RW         5615    .ARM.__AT_0x10001018  nrf_dfu_settings.o


==============================================================================

Image component sizes


      Code (inc. data)   RO Data    RW Data    ZI Data      Debug   Object Name

      1048         84         13       1990         20      17628   adc.o
       480         80          8         20         32       4938   app_button.o
        28          0          0          0          0       2325   app_error.o
       100         32          0          0          0        886   app_error_weak.o
        16          6          0         17          0       3115   app_fds.o
       104         14          4          0         32       6506   app_gpio.o
      2320        264          0         34          0      59567   app_timer.o
       200         24          0          0         12      10630   app_util_platform.o
        36          8        512          0       8192        952   arm_startup_nrf52.o
      1818          0          0          0          0      22864   ble_advdata.o
      1432        222          0         31        175      14861   ble_advertising.o
       322         22          4          0         80       4362   ble_config.o
       706        120          4         21         60       8412   ble_conn_params.o
       408         30          0          0         52       6106   ble_conn_state.o
       468          8         16          4          0      32656   ble_dfu.o
       930          4         16          0          0       7870   ble_nus.o
      1396        178          0       1994         52      13509   ble_salve.o
        30          0          0          0          0       6214   ble_srv_common.o
      1164        168          0          0          0       3739   comm_protocol.o
        76          6          0          0          0       1512   crc32.o
      2856        326         20         44       1048      36956   fds.o
      1120         70          0          2        392      12697   fstorage.o
       728         34          0          0          0      12659   iic.o
       780         32          8          0          0       3875   key.o
       610          4          0          1          0       7693   lis3dh_driver.o
       246         14          0       1998          0     149908   main.o
      3354        266        246         16       4028      18556   max3010x.o
       136          6          0          0          0       2063   misc.o
       884        336         16         20          0       7365   nrf_dfu_flash.o
       632        352          0         12       8888       4578   nrf_dfu_settings.o
       318         32          0          0         20      39999   nrf_drv_clock.o
        96         12          0          0          0      29119   nrf_drv_common.o
      1414        132          0          0         88      28284   nrf_drv_gpiote.o
      1516         96          4          0         48      23020   nrf_drv_saadc.o
      1074         50          0          0         32      25109   nrf_drv_spi.o
       910          8          0          0         32      26358   nrf_drv_uart.o
       984         44          0          2        256      11815   nrf_log_backend_serial.o
       314         12          0          0         28      10765   nrf_log_frontend.o
       136         20          0          0          0       2193   nrf_nvmc.o
       112          4          0          0          0       6801   nrf_saadc.o
      1952         68          0       8636        384      20750   oled.o
      2376        254          0      10626         12      14943   oled_app.o
       310          0          0          0          0       6644   sdk_mapped_flags.o
       610         50          0          0       1160       8891   segger_rtt.o
       998        236         68         24          0      43564   softdevice_handler.o
       416         76         24         19          0       8477   spi.o
      1688        190          0         88         28       7679   stepcounter.o
      1352        144          0          4          0       8887   system_nrf52.o
      2272        220         24       1995        456      30786   timer.o
       664         16          0          4          0       4943   utc.o

    ----------------------------------------------------------------------
     44016       4374       1024      27620      25612     844029   Object Totals
         0          0         32          0          0          0   (incl. Generated)
        76          0          5         18          5          0   (incl. Padding)

    ----------------------------------------------------------------------

      Code (inc. data)   RO Data    RW Data    ZI Data      Debug   Library Member Name

       122          0          0          0          0        148   sqrt.o
        94          0          0          0          0          0   __dclz77c.o
         0          0          0          0          0          0   entry.o
         0          0          0          0          0          0   entry10a.o
         0          0          0          0          0          0   entry11a.o
         8          4          0          0          0          0   entry2.o
         4          0          0          0          0          0   entry5.o
         0          0          0          0          0          0   entry7b.o
         0          0          0          0          0          0   entry8b.o
         8          4          0          0          0          0   entry9a.o
        12          6          0          4          0         68   errno.o
        30          0          0          0          0          0   handlers.o
        36          8          0          0          0         68   init.o
         0          0          0          0          0          0   iusefp.o
        30          0          0          0          0         68   llshl.o
        32          0          0          0          0         68   llushr.o
        36          0          0          0          0         68   memcpya.o
        36          0          0          0          0        108   memseta.o
      1172         50          0          0          0        420   printf8.o
        18          0          0          0          0         68   strcpy.o
        14          0          0          0          0         68   strlen.o
        98          0          0          0          0         92   uldiv.o
        56          0          0          0          0         88   d2f.o
       222          0          0          0          0        100   ddiv.o
       186          0          0          0          0        176   depilogue.o
        62          0          0          0          0         80   dfixi.o
        50          0          0          0          0         76   dfixui.o
        26          0          0          0          0         76   dfltui.o
       228          0          0          0          0         96   dmul.o
       162          0          0          0          0        100   dsqrt.o
        38          0          0          0          0         68   f2d.o
       110          0          0          0          0        168   fepilogue.o

    ----------------------------------------------------------------------
      2892         72          0          4          0       2272   Library Totals
         2          0          0          0          0          0   (incl. Padding)

    ----------------------------------------------------------------------

      Code (inc. data)   RO Data    RW Data    ZI Data      Debug   Library Name

       122          0          0          0          0        148   m_wm.l
      1628         72          0          4          0       1096   mc_w.l
      1140          0          0          0          0       1028   mf_w.l

    ----------------------------------------------------------------------
      2892         72          0          4          0       2272   Library Totals

    ----------------------------------------------------------------------

==============================================================================


      Code (inc. data)   RO Data    RW Data    ZI Data      Debug   

     46908       4446       1024      27624      25612     800993   Grand Totals
     46908       4446       1024       6228      25612     800993   ELF Image Totals (compressed)
     46908       4446       1024       6228          0          0   ROM Totals

==============================================================================

    Total RO  Size (Code + RO Data)                47932 (  46.81kB)
    Total RW  Size (RW Data + ZI Data)             53236 (  51.99kB)
    Total ROM Size (Code + RO Data + RW Data)      54160 (  52.89kB)

==============================================================================

