Component: ARM Compiler 5.06 update 6 (build 750) Tool: armlink [4d35ed]

==============================================================================

Section Cross References

    main.o(i.after_read_delay) refers to adafruit_pn532.o(i.adafruit_pn532_field_off) for adafruit_pn532_field_off
    main.o(i.after_read_delay) refers to app_error.o(i.app_error_handler) for app_error_handler
    main.o(i.after_read_delay) refers to main.o(i.nrf_delay_us) for nrf_delay_us
    main.o(i.main) refers to main.o(i.utils_setup) for utils_setup
    main.o(i.main) refers to adafruit_pn532.o(i.adafruit_pn532_init) for adafruit_pn532_init
    main.o(i.main) refers to app_error.o(i.app_error_handler) for app_error_handler
    main.o(i.main) refers to main.o(i.tag_data_read) for tag_data_read
    main.o(i.main) refers to nrf_log_frontend.o(i.nrf_log_frontend_std_0) for nrf_log_frontend_std_0
    main.o(i.main) refers to adafruit_pn532.o(i.adafruit_pn532_field_off) for adafruit_pn532_field_off
    main.o(i.main) refers to nrf_log_frontend.o(i.nrf_log_frontend_dequeue) for nrf_log_frontend_dequeue
    main.o(i.main) refers to main.o(i.tag_data_analyze) for tag_data_analyze
    main.o(i.main) refers to main.o(i.after_read_delay) for after_read_delay
    main.o(i.main) refers to main.o(.bss) for .bss
    main.o(i.ndef_data_analyze) refers to nfc_ndef_msg_parser.o(i.ndef_msg_parser) for ndef_msg_parser
    main.o(i.ndef_data_analyze) refers to nrf_log_frontend.o(i.nrf_log_frontend_std_0) for nrf_log_frontend_std_0
    main.o(i.ndef_data_analyze) refers to nfc_ndef_msg_parser.o(i.ndef_msg_printout) for ndef_msg_printout
    main.o(i.nrf_delay_us) refers to system_nrf52.o(.data) for SystemCoreClock
    main.o(i.tag_data_analyze) refers to nfc_t2t_parser.o(i.type_2_tag_parse) for type_2_tag_parse
    main.o(i.tag_data_analyze) refers to nrf_log_frontend.o(i.nrf_log_frontend_std_0) for nrf_log_frontend_std_0
    main.o(i.tag_data_analyze) refers to nfc_t2t_parser.o(i.type_2_tag_printout) for type_2_tag_printout
    main.o(i.tag_data_analyze) refers to main.o(i.ndef_data_analyze) for ndef_data_analyze
    main.o(i.tag_data_analyze) refers to main.o(.data) for .data
    main.o(i.tag_data_analyze) refers to main.o(.conststring) for .conststring
    main.o(i.tag_data_read) refers to adafruit_pn532.o(i.adafruit_pn532_read_passive_target_id) for adafruit_pn532_read_passive_target_id
    main.o(i.tag_data_read) refers to adafruit_pn532.o(i.adafruit_pn532_ntag2xx_read_page) for adafruit_pn532_ntag2xx_read_page
    main.o(i.tag_data_read) refers to nrf_log_frontend.o(i.nrf_log_frontend_std_1) for nrf_log_frontend_std_1
    main.o(i.utils_setup) refers to nrf_log_frontend.o(i.nrf_log_init) for nrf_log_init
    main.o(i.utils_setup) refers to app_error.o(i.app_error_handler) for app_error_handler
    main.o(.data) refers to main.o(.bss) for test_1_tlv_block_array
    bsp.o(i.bsp_button_event_handler) refers to app_timer.o(i.app_timer_start) for app_timer_start
    bsp.o(i.bsp_button_event_handler) refers to app_timer.o(i.app_timer_stop) for app_timer_stop
    bsp.o(i.bsp_button_event_handler) refers to bsp.o(.constdata) for .constdata
    bsp.o(i.bsp_button_event_handler) refers to bsp.o(.data) for .data
    bsp.o(i.bsp_button_event_handler) refers to bsp.o(.bss) for .bss
    bsp.o(i.bsp_button_is_pressed) refers to bsp.o(.constdata) for .constdata
    bsp.o(i.bsp_buttons_disable) refers to app_button.o(i.app_button_disable) for app_button_disable
    bsp.o(i.bsp_buttons_enable) refers to app_button.o(i.app_button_enable) for app_button_enable
    bsp.o(i.bsp_buttons_state_get) refers to bsp.o(.constdata) for .constdata
    bsp.o(i.bsp_event_to_button_action_assign) refers to bsp.o(.bss) for .bss
    bsp.o(i.bsp_indication_set) refers to bsp.o(i.bsp_led_indication) for bsp_led_indication
    bsp.o(i.bsp_indication_set) refers to bsp.o(.data) for .data
    bsp.o(i.bsp_indication_text_set) refers to bsp.o(i.bsp_indication_set) for bsp_indication_set
    bsp.o(i.bsp_init) refers to bsp.o(i.bsp_event_to_button_action_assign) for bsp_event_to_button_action_assign
    bsp.o(i.bsp_init) refers to app_button.o(i.app_button_init) for app_button_init
    bsp.o(i.bsp_init) refers to app_button.o(i.app_button_enable) for app_button_enable
    bsp.o(i.bsp_init) refers to app_timer.o(i.app_timer_create) for app_timer_create
    bsp.o(i.bsp_init) refers to bsp.o(.data) for .data
    bsp.o(i.bsp_init) refers to bsp.o(.constdata) for .constdata
    bsp.o(i.bsp_init) refers to bsp.o(i.button_timer_handler) for button_timer_handler
    bsp.o(i.bsp_init) refers to bsp.o(i.leds_timer_handler) for leds_timer_handler
    bsp.o(i.bsp_init) refers to bsp.o(i.alert_timer_handler) for alert_timer_handler
    bsp.o(i.bsp_led_indication) refers to app_timer.o(i.app_timer_start) for app_timer_start
    bsp.o(i.bsp_led_indication) refers to app_timer.o(i.app_timer_stop) for app_timer_stop
    bsp.o(i.bsp_led_indication) refers to bsp.o(.data) for .data
[...]
    Removing segger_rtt.o(i.SEGGER_RTT_WriteSkipNoLock), (116 bytes).
    Removing segger_rtt.o(i.SEGGER_RTT_WriteString), (26 bytes).
    Removing segger_rtt.o(i._DoInit), (104 bytes).
    Removing segger_rtt.o(i._GetAvailWriteSpace), (22 bytes).
    Removing segger_rtt.o(i._PostTerminalSwitch), (32 bytes).
    Removing segger_rtt.o(i._WriteBlocking), (90 bytes).
    Removing segger_rtt.o(i._WriteNoCheck), (62 bytes).
    Removing segger_rtt.o(.bss), (1160 bytes).
    Removing segger_rtt.o(.data), (17 bytes).
    Removing arm_startup_nrf52.o(HEAP), (8192 bytes).
    Removing system_nrf52.o(.rev16_text), (4 bytes).
    Removing system_nrf52.o(.revsh_text), (4 bytes).
    Removing system_nrf52.o(.rrx_text), (6 bytes).
    Removing system_nrf52.o(i.SystemCoreClockUpdate), (16 bytes).
    Removing dadd.o(.text), (334 bytes).
    Removing dmul.o(.text), (228 bytes).
    Removing ddiv.o(.text), (222 bytes).
    Removing dfixul.o(.text), (48 bytes).
    Removing cdrcmple.o(.text), (48 bytes).
    Removing depilogue.o(.text), (186 bytes).

227 unused section(s) (total 19693 bytes) removed from the image.

==============================================================================

Image Symbol Table

    Local Symbols

    Symbol Name                              Value     Ov Type        Size  Object(Section)

    RESET                                    0x00000000   Section     1024  arm_startup_nrf52.o(RESET)
    ../clib/microlib/division.c              0x00000000   Number         0  uidiv.o ABSOLUTE
    ../clib/microlib/division.c              0x00000000   Number         0  uldiv.o ABSOLUTE
    ../clib/microlib/init/entry.s            0x00000000   Number         0  entry10a.o ABSOLUTE
    ../clib/microlib/init/entry.s            0x00000000   Number         0  entry11a.o ABSOLUTE
    ../clib/microlib/init/entry.s            0x00000000   Number         0  entry8a.o ABSOLUTE
    ../clib/microlib/init/entry.s            0x00000000   Number         0  entry9a.o ABSOLUTE
    ../clib/microlib/init/entry.s            0x00000000   Number         0  entry11b.o ABSOLUTE
    ../clib/microlib/init/entry.s            0x00000000   Number         0  entry9b.o ABSOLUTE
    ../clib/microlib/init/entry.s            0x00000000   Number         0  entry2.o ABSOLUTE
    ../clib/microlib/init/entry.s            0x00000000   Number         0  entry10b.o ABSOLUTE
    ../clib/microlib/init/entry.s            0x00000000   Number         0  entry8b.o ABSOLUTE
    ../clib/microlib/init/entry.s            0x00000000   Number         0  entry.o ABSOLUTE
    ../clib/microlib/init/entry.s            0x00000000   Number         0  entry7b.o ABSOLUTE
    ../clib/microlib/init/entry.s            0x00000000   Number         0  entry7a.o ABSOLUTE
    ../clib/microlib/init/entry.s            0x00000000   Number         0  entry5.o ABSOLUTE
    ../clib/microlib/longlong.c              0x00000000   Number         0  llshl.o ABSOLUTE
    ../clib/microlib/longlong.c              0x00000000   Number         0  llsshr.o ABSOLUTE
    ../clib/microlib/longlong.c              0x00000000   Number         0  llushr.o ABSOLUTE
    ../clib/microlib/printf/printf.c         0x00000000   Number         0  printf2.o ABSOLUTE
    ../clib/microlib/printf/printf.c         0x00000000   Number         0  printf1.o ABSOLUTE
    ../clib/microlib/printf/printf.c         0x00000000   Number         0  printfa.o ABSOLUTE
    ../clib/microlib/printf/printf.c         0x00000000   Number         0  printfb.o ABSOLUTE
    ../clib/microlib/printf/printf.c         0x00000000   Number         0  printf0.o ABSOLUTE
    ../clib/microlib/printf/printf.c         0x00000000   Number         0  printf3.o ABSOLUTE
    ../clib/microlib/printf/printf.c         0x00000000   Number         0  printf8.o ABSOLUTE
    ../clib/microlib/printf/printf.c         0x00000000   Number         0  printf7.o ABSOLUTE
    ../clib/microlib/printf/printf.c         0x00000000   Number         0  printf6.o ABSOLUTE
    ../clib/microlib/printf/printf.c         0x00000000   Number         0  printf5.o ABSOLUTE
    ../clib/microlib/printf/printf.c         0x00000000   Number         0  printf4.o ABSOLUTE
    ../clib/microlib/printf/stubs.s          0x00000000   Number         0  stubs.o ABSOLUTE
    ../clib/microlib/stdio/fputc.c           0x00000000   Number         0  fputc.o ABSOLUTE
    ../clib/microlib/stdio/semi.s            0x00000000   Number         0  semi.o ABSOLUTE
    ../clib/microlib/stdio/streams.c         0x00000000   Number         0  stdout.o ABSOLUTE
    ../clib/microlib/string/memcmp.c         0x00000000   Number         0  memcmp.o ABSOLUTE
    ../clib/microlib/string/memcpy.c         0x00000000   Number         0  memcpya.o ABSOLUTE
    ../clib/microlib/string/memcpy.c         0x00000000   Number         0  memcpyb.o ABSOLUTE
    ../clib/microlib/string/strcpy.c         0x00000000   Number         0  strcpy.o ABSOLUTE
    ../clib/microlib/string/strlen.c         0x00000000   Number         0  strlen.o ABSOLUTE
    ../clib/microlib/stubs.s                 0x00000000   Number         0  iusefp.o ABSOLUTE
    ../clib/microlib/stubs.s                 0x00000000   Number         0  iusesemip.o ABSOLUTE
    ../fplib/microlib/fpadd.c                0x00000000   Number         0  dadd.o ABSOLUTE
    ../fplib/microlib/fpdiv.c                0x00000000   Number         0  ddiv.o ABSOLUTE
    ../fplib/microlib/fpepilogue.c           0x00000000   Number         0  depilogue.o ABSOLUTE
    ../fplib/microlib/fpfix.c                0x00000000   Number         0  dfixul.o ABSOLUTE
    ../fplib/microlib/fpmul.c                0x00000000   Number         0  dmul.o ABSOLUTE
    ..\..\..\..\..\..\components\drivers_nrf\common\nrf_drv_common.c 0x00000000   Number         0  nrf_drv_common.o ABSOLUTE
    ..\..\..\..\..\..\components\drivers_nrf\gpiote\nrf_drv_gpiote.c 0x00000000   Number         0  nrf_drv_gpiote.o ABSOLUTE
    ..\..\..\..\..\..\components\drivers_nrf\twi_master\nrf_drv_twi.c 0x00000000   Number         0  nrf_drv_twi.o ABSOLUTE
    ..\..\..\..\..\..\components\drivers_nrf\uart\nrf_drv_uart.c 0x00000000   Number         0  nrf_drv_uart.o ABSOLUTE
    ..\..\..\..\..\..\components\libraries\button\app_button.c 0x00000000   Number         0  app_button.o ABSOLUTE
    ..\..\..\..\..\..\components\libraries\fifo\app_fifo.c 0x00000000   Number         0  app_fifo.o ABSOLUTE
    ..\..\..\..\..\..\components\libraries\hardfault\hardfault_implementation.c 0x00000000   Number         0  hardfault_implementation.o ABSOLUTE
    ..\..\..\..\..\..\components\libraries\hardfault\nrf52\handler\hardfault_handler_keil.c 0x00000000   Number         0  hardfault_handler_keil.o ABSOLUTE
    ..\..\..\..\..\..\components\libraries\log\src\nrf_log_backend_serial.c 0x00000000   Number         0  nrf_log_backend_serial.o ABSOLUTE
    ..\..\..\..\..\..\components\libraries\log\src\nrf_log_frontend.c 0x00000000   Number         0  nrf_log_frontend.o ABSOLUTE
    ..\..\..\..\..\..\components\libraries\timer\app_timer.c 0x00000000   Number         0  app_timer.o ABSOLUTE
    ..\..\..\..\..\..\components\libraries\uart\app_uart_fifo.c 0x00000000   Number         0  app_uart_fifo.o ABSOLUTE
    ..\..\..\..\..\..\components\libraries\util\app_error.c 0x00000000   Number         0  app_error.o ABSOLUTE
    ..\..\..\..\..\..\components\libraries\util\app_error_weak.c 0x00000000   Number         0  app_error_weak.o ABSOLUTE
    ..\..\..\..\..\..\components\libraries\util\app_util_platform.c 0x00000000   Number         0  app_util_platform.o ABSOLUTE
    ..\..\..\..\..\..\components\libraries\util\nrf_assert.c 0x00000000   Number         0  nrf_assert.o ABSOLUTE
    ..\..\..\..\..\..\components\nfc\ndef\generic\message\nfc_ndef_msg.c 0x00000000   Number         0  nfc_ndef_msg.o ABSOLUTE
    ..\..\..\..\..\..\components\nfc\ndef\generic\record\nfc_ndef_record.c 0x00000000   Number         0  nfc_ndef_record.o ABSOLUTE
    ..\..\..\..\..\..\components\nfc\ndef\parser\message\nfc_ndef_msg_parser.c 0x00000000   Number         0  nfc_ndef_msg_parser.o ABSOLUTE
    ..\..\..\..\..\..\components\nfc\ndef\parser\message\nfc_ndef_msg_parser_local.c 0x00000000   Number         0  nfc_ndef_msg_parser_local.o ABSOLUTE
    ..\..\..\..\..\..\components\nfc\ndef\parser\record\nfc_ndef_record_parser.c 0x00000000   Number         0  nfc_ndef_record_parser.o ABSOLUTE
    ..\..\..\..\..\..\components\nfc\t2t_parser\nfc_t2t_parser.c 0x00000000   Number         0  nfc_t2t_parser.o ABSOLUTE
    ..\..\..\..\..\..\external\nfc_adafruit_library\adafruit_pn532.c 0x00000000   Number         0  adafruit_pn532.o ABSOLUTE
    ..\..\..\..\..\..\external\segger_rtt\RTT_Syscalls_KEIL.c 0x00000000   Number         0  rtt_syscalls_keil.o ABSOLUTE
    ..\..\..\..\..\..\external\segger_rtt\SEGGER_RTT.c 0x00000000   Number         0  segger_rtt.o ABSOLUTE
    ..\..\..\..\..\..\external\segger_rtt\SEGGER_RTT_printf.c 0x00000000   Number         0  segger_rtt_printf.o ABSOLUTE
    ..\..\..\..\..\bsp\bsp.c                 0x00000000   Number         0  bsp.o ABSOLUTE
    ..\..\..\main.c                          0x00000000   Number         0  main.o ABSOLUTE
    ..\\..\\..\\..\\..\\..\\components\\drivers_nrf\\common\\nrf_drv_common.c 0x00000000   Number         0  nrf_drv_common.o ABSOLUTE
    ..\\..\\..\\..\\..\\..\\components\\drivers_nrf\\gpiote\\nrf_drv_gpiote.c 0x00000000   Number         0  nrf_drv_gpiote.o ABSOLUTE
    ..\\..\\..\\..\\..\\..\\components\\drivers_nrf\\twi_master\\nrf_drv_twi.c 0x00000000   Number         0  nrf_drv_twi.o ABSOLUTE
    ..\\..\\..\\..\\..\\..\\components\\drivers_nrf\\uart\\nrf_drv_uart.c 0x00000000   Number         0  nrf_drv_uart.o ABSOLUTE
    ..\\..\\..\\..\\..\\..\\components\\libraries\\button\\app_button.c 0x00000000   Number         0  app_button.o ABSOLUTE
    ..\\..\\..\\..\\..\\..\\components\\libraries\\fifo\\app_fifo.c 0x00000000   Number         0  app_fifo.o ABSOLUTE
    ..\\..\\..\\..\\..\\..\\components\\libraries\\hardfault\\hardfault_implementation.c 0x00000000   Number         0  hardfault_implementation.o ABSOLUTE
    ..\\..\\..\\..\\..\\..\\components\\libraries\\hardfault\\nrf52\\handler\\hardfault_handler_keil.c 0x00000000   Number         0  hardfault_handler_keil.o ABSOLUTE
    ..\\..\\..\\..\\..\\..\\components\\libraries\\log\\src\\nrf_log_backend_serial.c 0x00000000   Number         0  nrf_log_backend_serial.o ABSOLUTE
    ..\\..\\..\\..\\..\\..\\components\\libraries\\log\\src\\nrf_log_frontend.c 0x00000000   Number         0  nrf_log_frontend.o ABSOLUTE
    ..\\..\\..\\..\\..\\..\\components\\libraries\\timer\\app_timer.c 0x00000000   Number         0  app_timer.o ABSOLUTE
    ..\\..\\..\\..\\..\\..\\components\\libraries\\uart\\app_uart_fifo.c 0x00000000   Number         0  app_uart_fifo.o ABSOLUTE
    ..\\..\\..\\..\\..\\..\\components\\libraries\\util\\app_error.c 0x00000000   Number         0  app_error.o ABSOLUTE
    ..\\..\\..\\..\\..\\..\\components\\libraries\\util\\app_error_weak.c 0x00000000   Number         0  app_error_weak.o ABSOLUTE
    ..\\..\\..\\..\\..\\..\\components\\libraries\\util\\app_util_platform.c 0x00000000   Number         0  app_util_platform.o ABSOLUTE
    ..\\..\\..\\..\\..\\..\\components\\libraries\\util\\nrf_assert.c 0x00000000   Number         0  nrf_assert.o ABSOLUTE
    ..\\..\\..\\..\\..\\..\\components\\nfc\\ndef\\generic\\message\\nfc_ndef_msg.c 0x00000000   Number         0  nfc_ndef_msg.o ABSOLUTE
    ..\\..\\..\\..\\..\\..\\components\\nfc\\ndef\\generic\\record\\nfc_ndef_record.c 0x00000000   Number         0  nfc_ndef_record.o ABSOLUTE
    ..\\..\\..\\..\\..\\..\\components\\nfc\\ndef\\parser\\message\\nfc_ndef_msg_parser.c 0x00000000   Number         0  nfc_ndef_msg_parser.o ABSOLUTE
    ..\\..\\..\\..\\..\\..\\components\\nfc\\ndef\\parser\\message\\nfc_ndef_msg_parser_local.c 0x00000000   Number         0  nfc_ndef_msg_parser_local.o ABSOLUTE
    ..\\..\\..\\..\\..\\..\\components\\nfc\\ndef\\parser\\record\\nfc_ndef_record_parser.c 0x00000000   Number         0  nfc_ndef_record_parser.o ABSOLUTE
    ..\\..\\..\\..\\..\\..\\components\\nfc\\t2t_parser\\nfc_t2t_parser.c 0x00000000   Number         0  nfc_t2t_parser.o ABSOLUTE
    ..\\..\\..\\..\\..\\..\\external\\nfc_adafruit_library\\adafruit_pn532.c 0x00000000   Number         0  adafruit_pn532.o ABSOLUTE
    ..\\..\\..\\..\\..\\bsp\\bsp.c           0x00000000   Number         0  bsp.o ABSOLUTE
    ..\\..\\..\\main.c                       0x00000000   Number         0  main.o ABSOLUTE
    RTE\Device\nRF52832_xxAA\arm_startup_nrf52.s 0x00000000   Number         0  arm_startup_nrf52.o ABSOLUTE
    RTE\Device\nRF52832_xxAA\system_nrf52.c  0x00000000   Number         0  system_nrf52.o ABSOLUTE
    RTE\\Device\\nRF52832_xxAA\\system_nrf52.c 0x00000000   Number         0  system_nrf52.o ABSOLUTE
    cdrcmple.s                               0x00000000   Number         0  cdrcmple.o ABSOLUTE
    dc.s                                     0x00000000   Number         0  dc.o ABSOLUTE
    handlers.s                               0x00000000   Number         0  handlers.o ABSOLUTE
    init.s                                   0x00000000   Number         0  init.o ABSOLUTE
    .ARM.Collect$$$$00000000                 0x00000400   Section        0  entry.o(.ARM.Collect$$$$00000000)
    .ARM.Collect$$$$00000001                 0x00000400   Section        4  entry2.o(.ARM.Collect$$$$00000001)
    .ARM.Collect$$$$00000004                 0x00000404   Section        4  entry5.o(.ARM.Collect$$$$00000004)
    .ARM.Collect$$$$00000008                 0x00000408   Section        0  entry7b.o(.ARM.Collect$$$$00000008)
    .ARM.Collect$$$$0000000A                 0x00000408   Section        0  entry8b.o(.ARM.Collect$$$$0000000A)
    .ARM.Collect$$$$0000000B                 0x00000408   Section        8  entry9a.o(.ARM.Collect$$$$0000000B)
    .ARM.Collect$$$$0000000D                 0x00000410   Section        0  entry10a.o(.ARM.Collect$$$$0000000D)
    .ARM.Collect$$$$0000000F                 0x00000410   Section        0  entry11a.o(.ARM.Collect$$$$0000000F)
    .ARM.Collect$$$$00002712                 0x00000410   Section        4  entry2.o(.ARM.Collect$$$$00002712)
    __lit__00000000                          0x00000410   Data           4  entry2.o(.ARM.Collect$$$$00002712)
    .emb_text                                0x00000414   Section       52  hardfault_handler_keil.o(.emb_text)
    $v0                                      0x00000414   Number         0  hardfault_handler_keil.o(.emb_text)
    .text                                    0x00000448   Section       36  arm_startup_nrf52.o(.text)
    $v0                                      0x00000448   Number         0  arm_startup_nrf52.o(.text)
    .text                                    0x0000046c   Section        0  memcpya.o(.text)
    .text                                    0x00000490   Section        0  strlen.o(.text)
    .text                                    0x0000049e   Section        0  memcmp.o(.text)
    .text                                    0x000004b8   Section        0  uldiv.o(.text)
    .text                                    0x0000051c   Section       36  init.o(.text)
    .text                                    0x00000540   Section        0  llshl.o(.text)
    .text                                    0x0000055e   Section        0  llushr.o(.text)
    i.GPIOTE_IRQHandler                      0x00000580   Section        0  nrf_drv_gpiote.o(i.GPIOTE_IRQHandler)
    i.HardFault_c_handler                    0x000006cc   Section        0  hardfault_implementation.o(i.HardFault_c_handler)
    i.HardFault_process                      0x00000710   Section        0  hardfault_implementation.o(i.HardFault_process)
    i.NVIC_ClearPendingIRQ                   0x00000734   Section        0  app_timer.o(i.NVIC_ClearPendingIRQ)
    NVIC_ClearPendingIRQ                     0x00000735   Thumb Code    22  app_timer.o(i.NVIC_ClearPendingIRQ)
    i.NVIC_EnableIRQ                         0x0000074a   Section        0  app_timer.o(i.NVIC_EnableIRQ)
    NVIC_EnableIRQ                           0x0000074b   Thumb Code    22  app_timer.o(i.NVIC_EnableIRQ)
    i.NVIC_SetPendingIRQ                     0x00000760   Section        0  app_timer.o(i.NVIC_SetPendingIRQ)
    NVIC_SetPendingIRQ                       0x00000761   Thumb Code    22  app_timer.o(i.NVIC_SetPendingIRQ)
    i.RTC1_IRQHandler                        0x00000778   Section        0  app_timer.o(i.RTC1_IRQHandler)
    i.SPIM0_SPIS0_TWIM0_TWIS0_SPI0_TWI0_IRQHandler 0x0000079c   Section        0  nrf_drv_twi.o(i.SPIM0_SPIS0_TWIM0_TWIS0_SPI0_TWI0_IRQHandler)
    i.SWI0_EGU0_IRQHandler                   0x000007ac   Section        0  app_timer.o(i.SWI0_EGU0_IRQHandler)
    i.SystemInit                             0x000007b0   Section        0  system_nrf52.o(i.SystemInit)
    i.UARTE0_UART0_IRQHandler                0x00000a4c   Section        0  nrf_drv_uart.o(i.UARTE0_UART0_IRQHandler)
    i.__0sprintf$8                           0x00000a68   Section        0  printf8.o(i.__0sprintf$8)
    i.__scatterload_copy                     0x00000a90   Section       14  handlers.o(i.__scatterload_copy)
    i.__scatterload_null                     0x00000a9e   Section        2  handlers.o(i.__scatterload_null)
    i.__scatterload_zeroinit                 0x00000aa0   Section       14  handlers.o(i.__scatterload_zeroinit)
    i._printf_core                           0x00000ab0   Section        0  printf8.o(i._printf_core)
    _printf_core                             0x00000ab1   Thumb Code   996  printf8.o(i._printf_core)
    i._printf_post_padding                   0x00000ec0   Section        0  printf8.o(i._printf_post_padding)
    _printf_post_padding                     0x00000ec1   Thumb Code    36  printf8.o(i._printf_post_padding)
    i._printf_pre_padding                    0x00000ee4   Section        0  printf8.o(i._printf_pre_padding)
    _printf_pre_padding                      0x00000ee5   Thumb Code    46  printf8.o(i._printf_pre_padding)
    i._sputc                                 0x00000f12   Section        0  printf8.o(i._sputc)
    _sputc                                   0x00000f13   Thumb Code    10  printf8.o(i._sputc)
    i.adafruit_pn532_create_i2c              0x00000f1c   Section        0  adafruit_pn532.o(i.adafruit_pn532_create_i2c)
    i.adafruit_pn532_field_off               0x00000f58   Section        0  adafruit_pn532.o(i.adafruit_pn532_field_off)
    i.adafruit_pn532_get_firmware_version    0x00000f60   Section        0  adafruit_pn532.o(i.adafruit_pn532_get_firmware_version)
    i.adafruit_pn532_in_data_exchange        0x00000fc0   Section        0  adafruit_pn532.o(i.adafruit_pn532_in_data_exchange)
    i.adafruit_pn532_init                    0x00001080   Section        0  adafruit_pn532.o(i.adafruit_pn532_init)
    i.adafruit_pn532_is_ready                0x000010e0   Section        0  adafruit_pn532.o(i.adafruit_pn532_is_ready)
    i.adafruit_pn532_ntag2xx_read_page       0x00001100   Section        0  adafruit_pn532.o(i.adafruit_pn532_ntag2xx_read_page)
    i.adafruit_pn532_read_ack                0x00001120   Section        0  adafruit_pn532.o(i.adafruit_pn532_read_ack)
    i.adafruit_pn532_read_data               0x00001158   Section        0  adafruit_pn532.o(i.adafruit_pn532_read_data)
    i.adafruit_pn532_read_passive_target_id  0x000011a8   Section        0  adafruit_pn532.o(i.adafruit_pn532_read_passive_target_id)
    i.adafruit_pn532_sam_config              0x0000122c   Section        0  adafruit_pn532.o(i.adafruit_pn532_sam_config)
    i.adafruit_pn532_send_cmd                0x00001280   Section        0  adafruit_pn532.o(i.adafruit_pn532_send_cmd)
    i.adafruit_pn532_set_passive_activation_retries 0x000012a0   Section        0  adafruit_pn532.o(i.adafruit_pn532_set_passive_activation_retries)
    i.adafruit_pn532_switch_field            0x000012c4   Section        0  adafruit_pn532.o(i.adafruit_pn532_switch_field)
    adafruit_pn532_switch_field              0x000012c5   Thumb Code    56  adafruit_pn532.o(i.adafruit_pn532_switch_field)
    i.adafruit_pn532_waitready_ms            0x00001300   Section        0  adafruit_pn532.o(i.adafruit_pn532_waitready_ms)
    i.adafruit_pn532_write_command           0x00001320   Section        0  adafruit_pn532.o(i.adafruit_pn532_write_command)
    i.after_read_delay                       0x000013a4   Section        0  main.o(i.after_read_delay)
    i.app_error_fault_handler                0x000013d4   Section        0  app_error_weak.o(i.app_error_fault_handler)
    i.app_error_handler                      0x00001418   Section        0  app_error.o(i.app_error_handler)
    i.app_error_save_and_stop                0x00001430   Section        0  app_error.o(i.app_error_save_and_stop)
    i.app_util_critical_region_enter         0x00001494   Section        0  app_util_platform.o(i.app_util_critical_region_enter)
    i.app_util_critical_region_exit          0x00001498   Section        0  app_util_platform.o(i.app_util_critical_region_exit)
    i.app_util_disable_irq                   0x0000149c   Section        0  app_util_platform.o(i.app_util_disable_irq)
    i.app_util_enable_irq                    0x000014ac   Section        0  app_util_platform.o(i.app_util_enable_irq)
    i.apply_config                           0x000014c0   Section        0  nrf_drv_uart.o(i.apply_config)
    apply_config                             0x000014c1   Thumb Code   142  nrf_drv_uart.o(i.apply_config)
    i.buf_len_update                         0x00001558   Section        0  nrf_log_backend_serial.o(i.buf_len_update)
    buf_len_update                           0x00001559   Thumb Code    18  nrf_log_backend_serial.o(i.buf_len_update)
    i.buf_prealloc                           0x0000156c   Section        0  nrf_log_frontend.o(i.buf_prealloc)
    buf_prealloc                             0x0000156d   Thumb Code    82  nrf_log_frontend.o(i.buf_prealloc)
    i.buffer_is_empty                        0x000015cc   Section        0  nrf_log_frontend.o(i.buffer_is_empty)
    i.channel_port_get                       0x000015e0   Section        0  nrf_drv_gpiote.o(i.channel_port_get)
    channel_port_get                         0x000015e1   Thumb Code    10  nrf_drv_gpiote.o(i.channel_port_get)
    i.compare_reg_update                     0x000015f0   Section        0  app_timer.o(i.compare_reg_update)
    compare_reg_update                       0x000015f1   Thumb Code   160  app_timer.o(i.compare_reg_update)
    i.elapsed_ticks_acquire                  0x0000169c   Section        0  app_timer.o(i.elapsed_ticks_acquire)
    elapsed_ticks_acquire                    0x0000169d   Thumb Code    58  app_timer.o(i.elapsed_ticks_acquire)
    i.internal_ndef_msg_parser               0x000016dc   Section        0  nfc_ndef_msg_parser_local.o(i.internal_ndef_msg_parser)
    i.interrupts_enable                      0x00001768   Section        0  nrf_drv_uart.o(i.interrupts_enable)
    interrupts_enable                        0x00001769   Thumb Code   106  nrf_drv_uart.o(i.interrupts_enable)
    i.irq_handler_twi                        0x000017e0   Section        0  nrf_drv_twi.o(i.irq_handler_twi)
    irq_handler_twi                          0x000017e1   Thumb Code   182  nrf_drv_twi.o(i.irq_handler_twi)
    i.list_deletions_handler                 0x00001898   Section        0  app_timer.o(i.list_deletions_handler)
    list_deletions_handler                   0x00001899   Thumb Code   158  app_timer.o(i.list_deletions_handler)
    i.list_insertions_handler                0x00001940   Section        0  app_timer.o(i.list_insertions_handler)
    list_insertions_handler                  0x00001941   Thumb Code   174  app_timer.o(i.list_insertions_handler)
    i.main                                   0x000019f8   Section        0  main.o(i.main)
    i.ndef_data_analyze                      0x00001b14   Section        0  main.o(i.ndef_data_analyze)
    i.ndef_msg_parser                        0x00001b78   Section        0  nfc_ndef_msg_parser.o(i.ndef_msg_parser)
    i.ndef_msg_printout                      0x00001b94   Section        0  nfc_ndef_msg_parser.o(i.ndef_msg_printout)
    i.ndef_parser_memo_resolve               0x00001c08   Section        0  nfc_ndef_msg_parser_local.o(i.ndef_parser_memo_resolve)
    i.ndef_record_parser                     0x00001c50   Section        0  nfc_ndef_record_parser.o(i.ndef_record_parser)
    i.ndef_record_printout                   0x00001d08   Section        0  nfc_ndef_record_parser.o(i.ndef_record_printout)
    i.nfc_ndef_bin_payload_memcopy           0x00001eb0   Section        0  nfc_ndef_record.o(i.nfc_ndef_bin_payload_memcopy)
    i.nfc_ndef_msg_record_add                0x00001ed6   Section        0  nfc_ndef_msg.o(i.nfc_ndef_msg_record_add)
    i.nrf_delay_ms                           0x00001ef2   Section        0  adafruit_pn532.o(i.nrf_delay_ms)
    nrf_delay_ms                             0x00001ef3   Thumb Code    10  adafruit_pn532.o(i.nrf_delay_ms)
    i.nrf_delay_us                           0x00001efc   Section        0  main.o(i.nrf_delay_us)
    nrf_delay_us                             0x00001efd   Thumb Code   132  main.o(i.nrf_delay_us)
    i.nrf_delay_us                           0x00001f88   Section        0  adafruit_pn532.o(i.nrf_delay_us)
    nrf_delay_us                             0x00001f89   Thumb Code   132  adafruit_pn532.o(i.nrf_delay_us)
    i.nrf_delay_us                           0x00002014   Section        0  nrf_drv_twi.o(i.nrf_delay_us)
    nrf_delay_us                             0x00002015   Thumb Code   132  nrf_drv_twi.o(i.nrf_delay_us)
    i.nrf_delay_us                           0x000020a0   Section        0  app_timer.o(i.nrf_delay_us)
    nrf_delay_us                             0x000020a1   Thumb Code   132  app_timer.o(i.nrf_delay_us)
    i.nrf_delay_us                           0x0000212c   Section        0  nfc_ndef_msg_parser.o(i.nrf_delay_us)
    nrf_delay_us                             0x0000212d   Thumb Code   132  nfc_ndef_msg_parser.o(i.nrf_delay_us)
    i.nrf_drv_common_irq_disable             0x000021b8   Section        0  nrf_drv_uart.o(i.nrf_drv_common_irq_disable)
    nrf_drv_common_irq_disable               0x000021b9   Thumb Code    22  nrf_drv_uart.o(i.nrf_drv_common_irq_disable)
    i.nrf_drv_common_irq_enable              0x000021ce   Section        0  nrf_drv_common.o(i.nrf_drv_common_irq_enable)
    i.nrf_drv_get_IRQn                       0x00002206   Section        0  nrf_drv_uart.o(i.nrf_drv_get_IRQn)
    nrf_drv_get_IRQn                         0x00002207   Thumb Code     6  nrf_drv_uart.o(i.nrf_drv_get_IRQn)
    i.nrf_drv_twi_disable                    0x0000220c   Section        0  nrf_drv_twi.o(i.nrf_drv_twi_disable)
    i.nrf_drv_twi_enable                     0x0000223c   Section        0  nrf_drv_twi.o(i.nrf_drv_twi_enable)
    i.nrf_drv_twi_init                       0x0000225c   Section        0  nrf_drv_twi.o(i.nrf_drv_twi_init)
    i.nrf_drv_twi_rx                         0x000022e8   Section        0  nrf_drv_twi.o(i.nrf_drv_twi_rx)
    i.nrf_drv_twi_tx                         0x0000230c   Section        0  nrf_drv_twi.o(i.nrf_drv_twi_tx)
    i.nrf_drv_twi_uninit                     0x00002330   Section        0  nrf_drv_twi.o(i.nrf_drv_twi_uninit)
    i.nrf_drv_twi_xfer                       0x0000239c   Section        0  nrf_drv_twi.o(i.nrf_drv_twi_xfer)
    i.nrf_drv_uart_init                      0x000023c8   Section        0  nrf_drv_uart.o(i.nrf_drv_uart_init)
    i.nrf_drv_uart_tx                        0x00002430   Section        0  nrf_drv_uart.o(i.nrf_drv_uart_tx)
    i.nrf_drv_uart_tx_in_progress            0x00002538   Section        0  nrf_drv_uart.o(i.nrf_drv_uart_tx_in_progress)
    i.nrf_drv_uart_uninit                    0x00002550   Section        0  nrf_drv_uart.o(i.nrf_drv_uart_uninit)
    i.nrf_gpio_cfg                           0x000025a4   Section        0  nrf_drv_uart.o(i.nrf_gpio_cfg)
    nrf_gpio_cfg                             0x000025a5   Thumb Code    34  nrf_drv_uart.o(i.nrf_gpio_cfg)
    i.nrf_gpio_cfg_default                   0x000025c6   Section        0  nrf_drv_uart.o(i.nrf_gpio_cfg_default)
    nrf_gpio_cfg_default                     0x000025c7   Thumb Code    18  nrf_drv_uart.o(i.nrf_gpio_cfg_default)
    i.nrf_gpio_cfg_input                     0x000025d8   Section        0  adafruit_pn532.o(i.nrf_gpio_cfg_input)
    nrf_gpio_cfg_input                       0x000025d9   Thumb Code    18  adafruit_pn532.o(i.nrf_gpio_cfg_input)
    i.nrf_gpio_cfg_input                     0x000025ea   Section        0  nrf_drv_uart.o(i.nrf_gpio_cfg_input)
    nrf_gpio_cfg_input                       0x000025eb   Thumb Code    18  nrf_drv_uart.o(i.nrf_gpio_cfg_input)
    i.nrf_gpio_cfg_output                    0x000025fc   Section        0  nrf_drv_uart.o(i.nrf_gpio_cfg_output)
    nrf_gpio_cfg_output                      0x000025fd   Thumb Code    20  nrf_drv_uart.o(i.nrf_gpio_cfg_output)
    i.nrf_gpio_cfg_sense_set                 0x00002610   Section        0  nrf_drv_gpiote.o(i.nrf_gpio_cfg_sense_set)
    nrf_gpio_cfg_sense_set                   0x00002611   Thumb Code    28  nrf_drv_gpiote.o(i.nrf_gpio_cfg_sense_set)
    i.nrf_gpio_pin_set                       0x0000262c   Section        0  nrf_drv_twi.o(i.nrf_gpio_pin_set)
    nrf_gpio_pin_set                         0x0000262d   Thumb Code    10  nrf_drv_twi.o(i.nrf_gpio_pin_set)
    i.nrf_gpiote_event_clear                 0x0000263c   Section        0  nrf_drv_gpiote.o(i.nrf_gpiote_event_clear)
    nrf_gpiote_event_clear                   0x0000263d   Thumb Code    16  nrf_drv_gpiote.o(i.nrf_gpiote_event_clear)
    i.nrf_gpiote_event_is_set                0x00002650   Section        0  nrf_drv_gpiote.o(i.nrf_gpiote_event_is_set)
    nrf_gpiote_event_is_set                  0x00002651   Thumb Code    12  nrf_drv_gpiote.o(i.nrf_gpiote_event_is_set)
    i.nrf_log_backend_hexdump_handler_get    0x00002660   Section        0  nrf_log_backend_serial.o(i.nrf_log_backend_hexdump_handler_get)
    i.nrf_log_backend_init                   0x00002668   Section        0  nrf_log_backend_serial.o(i.nrf_log_backend_init)
    i.nrf_log_backend_serial_hexdump_handler 0x000026d8   Section        0  nrf_log_backend_serial.o(i.nrf_log_backend_serial_hexdump_handler)
    nrf_log_backend_serial_hexdump_handler   0x000026d9   Thumb Code   284  nrf_log_backend_serial.o(i.nrf_log_backend_serial_hexdump_handler)
    i.nrf_log_backend_serial_std_handler     0x000027f4   Section        0  nrf_log_backend_serial.o(i.nrf_log_backend_serial_std_handler)
    nrf_log_backend_serial_std_handler       0x000027f5   Thumb Code   246  nrf_log_backend_serial.o(i.nrf_log_backend_serial_std_handler)
    i.nrf_log_backend_std_handler_get        0x000028ec   Section        0  nrf_log_backend_serial.o(i.nrf_log_backend_std_handler_get)
    i.nrf_log_blocking_backend_set           0x000028f4   Section        0  nrf_log_frontend.o(i.nrf_log_blocking_backend_set)
    i.nrf_log_frontend_dequeue               0x000028fc   Section        0  nrf_log_frontend.o(i.nrf_log_frontend_dequeue)
    i.nrf_log_frontend_hexdump               0x00002a2c   Section        0  nrf_log_frontend.o(i.nrf_log_frontend_hexdump)
    i.nrf_log_frontend_init                  0x00002ac4   Section        0  nrf_log_frontend.o(i.nrf_log_frontend_init)
    i.nrf_log_frontend_std_0                 0x00002ad8   Section        0  nrf_log_frontend.o(i.nrf_log_frontend_std_0)
    i.nrf_log_frontend_std_1                 0x00002b24   Section        0  nrf_log_frontend.o(i.nrf_log_frontend_std_1)
    i.nrf_log_handlers_set                   0x00002b80   Section        0  nrf_log_frontend.o(i.nrf_log_handlers_set)
    i.nrf_log_init                           0x00002b90   Section        0  nrf_log_frontend.o(i.nrf_log_init)
    i.nrf_twi_event_check                    0x00002bb4   Section        0  nrf_drv_twi.o(i.nrf_twi_event_check)
    nrf_twi_event_check                      0x00002bb5   Thumb Code    10  nrf_drv_twi.o(i.nrf_twi_event_check)
    i.nrf_twi_event_clear                    0x00002bbe   Section        0  nrf_drv_twi.o(i.nrf_twi_event_clear)
    nrf_twi_event_clear                      0x00002bbf   Thumb Code    12  nrf_drv_twi.o(i.nrf_twi_event_clear)
    i.nrf_uart_event_check                   0x00002bca   Section        0  nrf_drv_uart.o(i.nrf_uart_event_check)
    nrf_uart_event_check                     0x00002bcb   Thumb Code    10  nrf_drv_uart.o(i.nrf_uart_event_check)
    i.nrf_uart_event_clear                   0x00002bd4   Section        0  nrf_drv_uart.o(i.nrf_uart_event_clear)
    nrf_uart_event_clear                     0x00002bd5   Thumb Code    12  nrf_drv_uart.o(i.nrf_uart_event_clear)
    i.nrf_uart_int_enable_check              0x00002be0   Section        0  nrf_drv_uart.o(i.nrf_uart_int_enable_check)
    nrf_uart_int_enable_check                0x00002be1   Thumb Code    12  nrf_drv_uart.o(i.nrf_uart_int_enable_check)
    i.nrf_uarte_event_check                  0x00002bec   Section        0  nrf_drv_uart.o(i.nrf_uarte_event_check)
    nrf_uarte_event_check                    0x00002bed   Thumb Code    10  nrf_drv_uart.o(i.nrf_uarte_event_check)
    i.nrf_uarte_event_clear                  0x00002bf6   Section        0  nrf_drv_uart.o(i.nrf_uarte_event_clear)
    nrf_uarte_event_clear                    0x00002bf7   Thumb Code    12  nrf_drv_uart.o(i.nrf_uarte_event_clear)
    i.pins_to_default                        0x00002c02   Section        0  nrf_drv_uart.o(i.pins_to_default)
    pins_to_default                          0x00002c03   Thumb Code    82  nrf_drv_uart.o(i.pins_to_default)
    i.rtc1_stop                              0x00002c54   Section        0  app_timer.o(i.rtc1_stop)
    rtc1_stop                                0x00002c55   Thumb Code    52  app_timer.o(i.rtc1_stop)
    i.rx_byte                                0x00002c90   Section        0  nrf_drv_uart.o(i.rx_byte)
    rx_byte                                  0x00002c91   Thumb Code    50  nrf_drv_uart.o(i.rx_byte)
    i.rx_done_event                          0x00002cc2   Section        0  nrf_drv_uart.o(i.rx_done_event)
    rx_done_event                            0x00002cc3   Thumb Code    24  nrf_drv_uart.o(i.rx_done_event)
    i.serial_is_busy                         0x00002cdc   Section        0  nrf_log_backend_serial.o(i.serial_is_busy)
    serial_is_busy                           0x00002cdd   Thumb Code     6  nrf_log_backend_serial.o(i.serial_is_busy)
    i.serial_tx                              0x00002ce8   Section        0  nrf_log_backend_serial.o(i.serial_tx)
    serial_tx                                0x00002ce9   Thumb Code    34  nrf_log_backend_serial.o(i.serial_tx)
    i.tag_data_analyze                       0x00002d14   Section        0  main.o(i.tag_data_analyze)
    i.tag_data_read                          0x00002d5c   Section        0  main.o(i.tag_data_read)
    i.timer_list_handler                     0x00002e18   Section        0  app_timer.o(i.timer_list_handler)
    timer_list_handler                       0x00002e19   Thumb Code   134  app_timer.o(i.timer_list_handler)
    i.timer_list_insert                      0x00002ea4   Section        0  app_timer.o(i.timer_list_insert)
    timer_list_insert                        0x00002ea5   Thumb Code    56  app_timer.o(i.timer_list_insert)
    i.timer_timeouts_check                   0x00002ee0   Section        0  app_timer.o(i.timer_timeouts_check)
    timer_timeouts_check                     0x00002ee1   Thumb Code   130  app_timer.o(i.timer_timeouts_check)
    i.timestamp_process                      0x00002fa8   Section        0  nrf_log_backend_serial.o(i.timestamp_process)
    timestamp_process                        0x00002fa9   Thumb Code    40  nrf_log_backend_serial.o(i.timestamp_process)
    i.twi_clear_bus                          0x00002fd8   Section        0  nrf_drv_twi.o(i.twi_clear_bus)
    twi_clear_bus                            0x00002fd9   Thumb Code   170  nrf_drv_twi.o(i.twi_clear_bus)
    i.twi_process_error                      0x00003088   Section        0  nrf_drv_twi.o(i.twi_process_error)
    twi_process_error                        0x00003089   Thumb Code    30  nrf_drv_twi.o(i.twi_process_error)
    i.twi_rx_start_transfer                  0x000030a6   Section        0  nrf_drv_twi.o(i.twi_rx_start_transfer)
    twi_rx_start_transfer                    0x000030a7   Thumb Code   160  nrf_drv_twi.o(i.twi_rx_start_transfer)
    i.twi_send_byte                          0x00003146   Section        0  nrf_drv_twi.o(i.twi_send_byte)
    twi_send_byte                            0x00003147   Thumb Code    40  nrf_drv_twi.o(i.twi_send_byte)
    i.twi_transfer                           0x0000316e   Section        0  nrf_drv_twi.o(i.twi_transfer)
    twi_transfer                             0x0000316f   Thumb Code   266  nrf_drv_twi.o(i.twi_transfer)
    i.twi_tx_start_transfer                  0x00003278   Section        0  nrf_drv_twi.o(i.twi_tx_start_transfer)
    twi_tx_start_transfer                    0x00003279   Thumb Code   166  nrf_drv_twi.o(i.twi_tx_start_transfer)
    i.twi_xfer                               0x0000331e   Section        0  nrf_drv_twi.o(i.twi_xfer)
    twi_xfer                                 0x0000331f   Thumb Code   140  nrf_drv_twi.o(i.twi_xfer)
    i.tx_byte                                0x000033aa   Section        0  nrf_drv_uart.o(i.tx_byte)
    tx_byte                                  0x000033ab   Thumb Code    32  nrf_drv_uart.o(i.tx_byte)
    i.tx_done_event                          0x000033ca   Section        0  nrf_drv_uart.o(i.tx_done_event)
    tx_done_event                            0x000033cb   Thumb Code    28  nrf_drv_uart.o(i.tx_done_event)
    i.type_2_tag_clear                       0x000033e6   Section        0  nfc_t2t_parser.o(i.type_2_tag_clear)
    i.type_2_tag_internal_parse              0x000033fc   Section        0  nfc_t2t_parser.o(i.type_2_tag_internal_parse)
    type_2_tag_internal_parse                0x000033fd   Thumb Code   100  nfc_t2t_parser.o(i.type_2_tag_internal_parse)
    i.type_2_tag_is_field_within_data_range  0x00003464   Section        0  nfc_t2t_parser.o(i.type_2_tag_is_field_within_data_range)
    type_2_tag_is_field_within_data_range    0x00003465   Thumb Code    26  nfc_t2t_parser.o(i.type_2_tag_is_field_within_data_range)
    i.type_2_tag_parse                       0x0000347e   Section        0  nfc_t2t_parser.o(i.type_2_tag_parse)
    i.type_2_tag_printout                    0x000034f8   Section        0  nfc_t2t_parser.o(i.type_2_tag_printout)
    i.type_2_tag_tlv_block_extract           0x00003b44   Section        0  nfc_t2t_parser.o(i.type_2_tag_tlv_block_extract)
    type_2_tag_tlv_block_extract             0x00003b45   Thumb Code   176  nfc_t2t_parser.o(i.type_2_tag_tlv_block_extract)
    i.type_2_tag_tlv_parse                   0x00003bf4   Section        0  nfc_t2t_parser.o(i.type_2_tag_tlv_parse)
    type_2_tag_tlv_parse                     0x00003bf5   Thumb Code   124  nfc_t2t_parser.o(i.type_2_tag_tlv_parse)
    i.uart_event_handler                     0x00003c74   Section        0  nrf_log_backend_serial.o(i.uart_event_handler)
    uart_event_handler                       0x00003c75   Thumb Code    12  nrf_log_backend_serial.o(i.uart_event_handler)
    i.uart_irq_handler                       0x00003c84   Section        0  nrf_drv_uart.o(i.uart_irq_handler)
    uart_irq_handler                         0x00003c85   Thumb Code   286  nrf_drv_uart.o(i.uart_irq_handler)
    i.uarte_irq_handler                      0x00003da2   Section        0  nrf_drv_uart.o(i.uarte_irq_handler)
    uarte_irq_handler                        0x00003da3   Thumb Code   240  nrf_drv_uart.o(i.uarte_irq_handler)
    i.utils_setup                            0x00003e94   Section        0  main.o(i.utils_setup)
    .constdata                               0x00003ef0   Section       36  adafruit_pn532.o(.constdata)
    pn532_ack                                0x00003ef0   Data           6  adafruit_pn532.o(.constdata)
    pn532_rsp_firmware_ver                   0x00003ef6   Data           6  adafruit_pn532.o(.constdata)
    m_twi_master                             0x00003efc   Data           8  adafruit_pn532.o(.constdata)
    .constdata                               0x00003f14   Section       12  nrf_drv_twi.o(.constdata)
    .constdata                               0x00003f20   Section       32  nrf_log_backend_serial.o(.constdata)
    .constdata                               0x00003f40   Section       36  nrf_log_frontend.o(.constdata)
    .constdata                               0x00003f64   Section       32  nfc_ndef_record_parser.o(.constdata)
    .conststring                             0x00003f84   Section      154  main.o(.conststring)
    .conststring                             0x00004020   Section       11  nrf_log_frontend.o(.conststring)
    .conststring                             0x0000402c   Section      160  nfc_ndef_record_parser.o(.conststring)
    .conststring                             0x000040cc   Section      159  nfc_t2t_parser.o(.conststring)
    .data                                    0x20000000   Section       36  main.o(.data)
    test_1_type_2_tag                        0x20000000   Data          36  main.o(.data)
    .data                                    0x20000024   Section       24  adafruit_pn532.o(.data)
    lib_initialized                          0x20000024   Data           1  adafruit_pn532.o(.data)
    pn532_object                             0x20000025   Data          23  adafruit_pn532.o(.data)
    .data                                    0x2000003c   Section       32  app_timer.o(.data)
    m_ticks_elapsed_q_read_ind               0x2000003c   Data           1  app_timer.o(.data)
    m_ticks_elapsed_q_write_ind              0x2000003d   Data           1  app_timer.o(.data)
    m_rtc1_running                           0x2000003e   Data           1  app_timer.o(.data)
    m_rtc1_reset                             0x2000003f   Data           1  app_timer.o(.data)
    mp_timer_id_head                         0x20000040   Data           4  app_timer.o(.data)
    m_ticks_latest                           0x20000044   Data           4  app_timer.o(.data)
    m_evt_schedule_func                      0x20000048   Data           4  app_timer.o(.data)
    m_op_queue                               0x2000004c   Data           8  app_timer.o(.data)
    m_ticks_elapsed                          0x20000054   Data           8  app_timer.o(.data)
    .data                                    0x2000005c   Section        4  app_util_platform.o(.data)
    m_in_critical_region                     0x2000005c   Data           4  app_util_platform.o(.data)
    .data                                    0x20000060   Section       12  nrf_log_backend_serial.o(.data)
    m_initialized                            0x20000060   Data           1  nrf_log_backend_serial.o(.data)
    m_blocking_mode                          0x20000061   Data           1  nrf_log_backend_serial.o(.data)
    m_rx_done                                0x20000062   Data           1  nrf_log_backend_serial.o(.data)
    m_uart                                   0x20000064   Data           8  nrf_log_backend_serial.o(.data)
    .data                                    0x2000006c   Section        4  nrf_log_frontend.o(.data)
    m_overflow_info                          0x2000006c   Data           4  nrf_log_frontend.o(.data)
    .data                                    0x20000070   Section        4  system_nrf52.o(.data)
    __tagsym$$used                           0x20000070   Number         0  system_nrf52.o(.data)
    .bss                                     0x20000074   Section       80  main.o(.bss)
    test_1_tlv_block_array                   0x20000074   Data          80  main.o(.bss)
    .bss                                     0x200000c4   Section     1024  main.o(.bss)
    tag_data                                 0x200000c4   Data        1024  main.o(.bss)
    .bss                                     0x200004c4   Section      128  adafruit_pn532.o(.bss)
    pn532_packet_buf                         0x200004c4   Data          64  adafruit_pn532.o(.bss)
    pn532_rxtx_buffer                        0x20000504   Data          64  adafruit_pn532.o(.bss)
    .bss                                     0x20000544   Section       88  nrf_drv_gpiote.o(.bss)
    m_cb                                     0x20000544   Data          88  nrf_drv_gpiote.o(.bss)
    .bss                                     0x2000059c   Section       40  nrf_drv_twi.o(.bss)
    m_cb                                     0x2000059c   Data          40  nrf_drv_twi.o(.bss)
    .bss                                     0x200005c4   Section       32  nrf_drv_uart.o(.bss)
    m_cb                                     0x200005c4   Data          32  nrf_drv_uart.o(.bss)
    .bss                                     0x200005e4   Section       32  app_error.o(.bss)
    m_error_data                             0x200005e4   Data          32  app_error.o(.bss)
    .bss                                     0x20000604   Section      256  nrf_log_backend_serial.o(.bss)
    m_uart_buffer                            0x20000604   Data         256  nrf_log_backend_serial.o(.bss)
    .bss                                     0x20000704   Section     1048  nrf_log_frontend.o(.bss)
    m_log_data                               0x20000704   Data        1048  nrf_log_frontend.o(.bss)
    STACK                                    0x20000b20   Section     8192  arm_startup_nrf52.o(STACK)

    Global Symbols

    Symbol Name                              Value     Ov Type        Size  Object(Section)

    BuildAttributes$$THM_ISAv4$E$P$D$K$B$S$7EM$VFPi3$EXTD16$VFPS$VFMA$PE$A:L22UL41UL21$X:L11$S22US41US21$IEEE1$IW$USESV6$~STKCKD$USESV7$~SHL$OSPACE$ROPI$EBA8$MICROLIB$REQ8$PRES8$EABIv2 0x00000000   Number         0  anon$$obj.o ABSOLUTE
    __ARM_use_no_argv                        0x00000000   Number         0  main.o ABSOLUTE
    __Vectors                                0x00000000   Data           4  arm_startup_nrf52.o(RESET)
    _printf_a                                0x00000000   Number         0  stubs.o ABSOLUTE
    _printf_c                                0x00000000   Number         0  stubs.o ABSOLUTE
    _printf_charcount                        0x00000000   Number         0  stubs.o ABSOLUTE
    _printf_d                                0x00000000   Number         0  stubs.o ABSOLUTE
    _printf_e                                0x00000000   Number         0  stubs.o ABSOLUTE
    _printf_f                                0x00000000   Number         0  stubs.o ABSOLUTE
    _printf_flags                            0x00000000   Number         0  stubs.o ABSOLUTE
    _printf_fp_dec                           0x00000000   Number         0  stubs.o ABSOLUTE
    _printf_fp_hex                           0x00000000   Number         0  stubs.o ABSOLUTE
    _printf_g                                0x00000000   Number         0  stubs.o ABSOLUTE
    _printf_i                                0x00000000   Number         0  stubs.o ABSOLUTE
    _printf_int_dec                          0x00000000   Number         0  stubs.o ABSOLUTE
    _printf_l                                0x00000000   Number         0  stubs.o ABSOLUTE
    _printf_lc                               0x00000000   Number         0  stubs.o ABSOLUTE
    _printf_ll                               0x00000000   Number         0  stubs.o ABSOLUTE
    _printf_lld                              0x00000000   Number         0  stubs.o ABSOLUTE
    _printf_lli                              0x00000000   Number         0  stubs.o ABSOLUTE
    _printf_llo                              0x00000000   Number         0  stubs.o ABSOLUTE
    _printf_llu                              0x00000000   Number         0  stubs.o ABSOLUTE
    _printf_llx                              0x00000000   Number         0  stubs.o ABSOLUTE
    _printf_longlong_dec                     0x00000000   Number         0  stubs.o ABSOLUTE
    _printf_longlong_hex                     0x00000000   Number         0  stubs.o ABSOLUTE
    _printf_longlong_oct                     0x00000000   Number         0  stubs.o ABSOLUTE
    _printf_ls                               0x00000000   Number         0  stubs.o ABSOLUTE
    _printf_mbtowc                           0x00000000   Number         0  stubs.o ABSOLUTE
    _printf_n                                0x00000000   Number         0  stubs.o ABSOLUTE
    _printf_o                                0x00000000   Number         0  stubs.o ABSOLUTE
    _printf_p                                0x00000000   Number         0  stubs.o ABSOLUTE
    _printf_percent                          0x00000000   Number         0  stubs.o ABSOLUTE
    _printf_pre_padding                      0x00000000   Number         0  stubs.o ABSOLUTE
    _printf_return_value                     0x00000000   Number         0  stubs.o ABSOLUTE
    _printf_s                                0x00000000   Number         0  stubs.o ABSOLUTE
    _printf_sizespec                         0x00000000   Number         0  stubs.o ABSOLUTE
    _printf_str                              0x00000000   Number         0  stubs.o ABSOLUTE
    _printf_truncate_signed                  0x00000000   Number         0  stubs.o ABSOLUTE
    _printf_truncate_unsigned                0x00000000   Number         0  stubs.o ABSOLUTE
    _printf_u                                0x00000000   Number         0  stubs.o ABSOLUTE
    _printf_wc                               0x00000000   Number         0  stubs.o ABSOLUTE
    _printf_wctomb                           0x00000000   Number         0  stubs.o ABSOLUTE
    _printf_widthprec                        0x00000000   Number         0  stubs.o ABSOLUTE
    _printf_x                                0x00000000   Number         0  stubs.o ABSOLUTE
    __cpp_initialize__aeabi_                  - Undefined Weak Reference
    __cxa_finalize                            - Undefined Weak Reference
    __decompress                              - Undefined Weak Reference
    _clock_init                               - Undefined Weak Reference
    _microlib_exit                            - Undefined Weak Reference
    __Vectors_End                            0x00000400   Data           0  arm_startup_nrf52.o(RESET)
    __Vectors_Size                           0x00000400   Number         0  arm_startup_nrf52.o ABSOLUTE
    __main                                   0x00000401   Thumb Code     0  entry.o(.ARM.Collect$$$$00000000)
    _main_stk                                0x00000401   Thumb Code     0  entry2.o(.ARM.Collect$$$$00000001)
    _main_scatterload                        0x00000405   Thumb Code     0  entry5.o(.ARM.Collect$$$$00000004)
    __main_after_scatterload                 0x00000409   Thumb Code     0  entry5.o(.ARM.Collect$$$$00000004)
    _main_clock                              0x00000409   Thumb Code     0  entry7b.o(.ARM.Collect$$$$00000008)
    _main_cpp_init                           0x00000409   Thumb Code     0  entry8b.o(.ARM.Collect$$$$0000000A)
    _main_init                               0x00000409   Thumb Code     0  entry9a.o(.ARM.Collect$$$$0000000B)
    __rt_final_cpp                           0x00000411   Thumb Code     0  entry10a.o(.ARM.Collect$$$$0000000D)
    __rt_final_exit                          0x00000411   Thumb Code     0  entry11a.o(.ARM.Collect$$$$0000000F)
    HardFault_Handler                        0x00000415   Thumb Code    40  hardfault_handler_keil.o(.emb_text)
    Reset_Handler                            0x00000449   Thumb Code     8  arm_startup_nrf52.o(.text)
    NMI_Handler                              0x00000451   Thumb Code     2  arm_startup_nrf52.o(.text)
    MemoryManagement_Handler                 0x00000455   Thumb Code     2  arm_startup_nrf52.o(.text)
    BusFault_Handler                         0x00000457   Thumb Code     2  arm_startup_nrf52.o(.text)
    UsageFault_Handler                       0x00000459   Thumb Code     2  arm_startup_nrf52.o(.text)
    SVC_Handler                              0x0000045b   Thumb Code     2  arm_startup_nrf52.o(.text)
    DebugMon_Handler                         0x0000045d   Thumb Code     2  arm_startup_nrf52.o(.text)
    PendSV_Handler                           0x0000045f   Thumb Code     2  arm_startup_nrf52.o(.text)
    SysTick_Handler                          0x00000461   Thumb Code     2  arm_startup_nrf52.o(.text)
    CCM_AAR_IRQHandler                       0x00000463   Thumb Code     0  arm_startup_nrf52.o(.text)
    COMP_LPCOMP_IRQHandler                   0x00000463   Thumb Code     0  arm_startup_nrf52.o(.text)
    ECB_IRQHandler                           0x00000463   Thumb Code     0  arm_startup_nrf52.o(.text)
    FPU_IRQHandler                           0x00000463   Thumb Code     0  arm_startup_nrf52.o(.text)
    I2S_IRQHandler                           0x00000463   Thumb Code     0  arm_startup_nrf52.o(.text)
    MWU_IRQHandler                           0x00000463   Thumb Code     0  arm_startup_nrf52.o(.text)
    NFCT_IRQHandler                          0x00000463   Thumb Code     0  arm_startup_nrf52.o(.text)
    PDM_IRQHandler                           0x00000463   Thumb Code     0  arm_startup_nrf52.o(.text)
    POWER_CLOCK_IRQHandler                   0x00000463   Thumb Code     0  arm_startup_nrf52.o(.text)
    PWM0_IRQHandler                          0x00000463   Thumb Code     0  arm_startup_nrf52.o(.text)
    PWM1_IRQHandler                          0x00000463   Thumb Code     0  arm_startup_nrf52.o(.text)
    PWM2_IRQHandler                          0x00000463   Thumb Code     0  arm_startup_nrf52.o(.text)
    QDEC_IRQHandler                          0x00000463   Thumb Code     0  arm_startup_nrf52.o(.text)
    RADIO_IRQHandler                         0x00000463   Thumb Code     0  arm_startup_nrf52.o(.text)
    RNG_IRQHandler                           0x00000463   Thumb Code     0  arm_startup_nrf52.o(.text)
    RTC0_IRQHandler                          0x00000463   Thumb Code     0  arm_startup_nrf52.o(.text)
    RTC2_IRQHandler                          0x00000463   Thumb Code     0  arm_startup_nrf52.o(.text)
    SAADC_IRQHandler                         0x00000463   Thumb Code     0  arm_startup_nrf52.o(.text)
    SPIM1_SPIS1_TWIM1_TWIS1_SPI1_TWI1_IRQHandler 0x00000463   Thumb Code     0  arm_startup_nrf52.o(.text)
    SPIM2_SPIS2_SPI2_IRQHandler              0x00000463   Thumb Code     0  arm_startup_nrf52.o(.text)
    SWI1_EGU1_IRQHandler                     0x00000463   Thumb Code     0  arm_startup_nrf52.o(.text)
    SWI2_EGU2_IRQHandler                     0x00000463   Thumb Code     0  arm_startup_nrf52.o(.text)
    SWI3_EGU3_IRQHandler                     0x00000463   Thumb Code     0  arm_startup_nrf52.o(.text)
    SWI4_EGU4_IRQHandler                     0x00000463   Thumb Code     0  arm_startup_nrf52.o(.text)
    SWI5_EGU5_IRQHandler                     0x00000463   Thumb Code     0  arm_startup_nrf52.o(.text)
    TEMP_IRQHandler                          0x00000463   Thumb Code     0  arm_startup_nrf52.o(.text)
    TIMER0_IRQHandler                        0x00000463   Thumb Code     0  arm_startup_nrf52.o(.text)
    TIMER1_IRQHandler                        0x00000463   Thumb Code     0  arm_startup_nrf52.o(.text)
    TIMER2_IRQHandler                        0x00000463   Thumb Code     0  arm_startup_nrf52.o(.text)
    TIMER3_IRQHandler                        0x00000463   Thumb Code     0  arm_startup_nrf52.o(.text)
    TIMER4_IRQHandler                        0x00000463   Thumb Code     0  arm_startup_nrf52.o(.text)
    WDT_IRQHandler                           0x00000463   Thumb Code     0  arm_startup_nrf52.o(.text)
    __aeabi_memcpy                           0x0000046d   Thumb Code    36  memcpya.o(.text)
    __aeabi_memcpy4                          0x0000046d   Thumb Code     0  memcpya.o(.text)
    __aeabi_memcpy8                          0x0000046d   Thumb Code     0  memcpya.o(.text)
    strlen                                   0x00000491   Thumb Code    14  strlen.o(.text)
    memcmp                                   0x0000049f   Thumb Code    26  memcmp.o(.text)
    __aeabi_uldivmod                         0x000004b9   Thumb Code    98  uldiv.o(.text)
    __scatterload                            0x0000051d   Thumb Code    28  init.o(.text)
    __scatterload_rt2                        0x0000051d   Thumb Code     0  init.o(.text)
    __aeabi_llsl                             0x00000541   Thumb Code    30  llshl.o(.text)
    _ll_shift_l                              0x00000541   Thumb Code     0  llshl.o(.text)
    __aeabi_llsr                             0x0000055f   Thumb Code    32  llushr.o(.text)
    _ll_ushift_r                             0x0000055f   Thumb Code     0  llushr.o(.text)
    GPIOTE_IRQHandler                        0x00000581   Thumb Code   318  nrf_drv_gpiote.o(i.GPIOTE_IRQHandler)
    HardFault_c_handler                      0x000006cd   Thumb Code    30  hardfault_implementation.o(i.HardFault_c_handler)
    HardFault_process                        0x00000711   Thumb Code    26  hardfault_implementation.o(i.HardFault_process)
    RTC1_IRQHandler                          0x00000779   Thumb Code    32  app_timer.o(i.RTC1_IRQHandler)
    SPIM0_SPIS0_TWIM0_TWIS0_SPI0_TWI0_IRQHandler 0x0000079d   Thumb Code     8  nrf_drv_twi.o(i.SPIM0_SPIS0_TWIM0_TWIS0_SPI0_TWI0_IRQHandler)
    SWI0_EGU0_IRQHandler                     0x000007ad   Thumb Code     4  app_timer.o(i.SWI0_EGU0_IRQHandler)
    SystemInit                               0x000007b1   Thumb Code   610  system_nrf52.o(i.SystemInit)
    UARTE0_UART0_IRQHandler                  0x00000a4d   Thumb Code    20  nrf_drv_uart.o(i.UARTE0_UART0_IRQHandler)
    __0sprintf$8                             0x00000a69   Thumb Code    34  printf8.o(i.__0sprintf$8)
    __1sprintf$8                             0x00000a69   Thumb Code     0  printf8.o(i.__0sprintf$8)
    __2sprintf                               0x00000a69   Thumb Code     0  printf8.o(i.__0sprintf$8)
    __scatterload_copy                       0x00000a91   Thumb Code    14  handlers.o(i.__scatterload_copy)
    __scatterload_null                       0x00000a9f   Thumb Code     2  handlers.o(i.__scatterload_null)
    __scatterload_zeroinit                   0x00000aa1   Thumb Code    14  handlers.o(i.__scatterload_zeroinit)
    adafruit_pn532_create_i2c                0x00000f1d   Thumb Code    56  adafruit_pn532.o(i.adafruit_pn532_create_i2c)
    adafruit_pn532_field_off                 0x00000f59   Thumb Code     6  adafruit_pn532.o(i.adafruit_pn532_field_off)
    adafruit_pn532_get_firmware_version      0x00000f61   Thumb Code    86  adafruit_pn532.o(i.adafruit_pn532_get_firmware_version)
    adafruit_pn532_in_data_exchange          0x00000fc1   Thumb Code   182  adafruit_pn532.o(i.adafruit_pn532_in_data_exchange)
    adafruit_pn532_init                      0x00001081   Thumb Code    92  adafruit_pn532.o(i.adafruit_pn532_init)
    adafruit_pn532_is_ready                  0x000010e1   Thumb Code    24  adafruit_pn532.o(i.adafruit_pn532_is_ready)
    adafruit_pn532_ntag2xx_read_page         0x00001101   Thumb Code    32  adafruit_pn532.o(i.adafruit_pn532_ntag2xx_read_page)
    adafruit_pn532_read_ack                  0x00001121   Thumb Code    52  adafruit_pn532.o(i.adafruit_pn532_read_ack)
    adafruit_pn532_read_data                 0x00001159   Thumb Code    66  adafruit_pn532.o(i.adafruit_pn532_read_data)
    adafruit_pn532_read_passive_target_id    0x000011a9   Thumb Code   122  adafruit_pn532.o(i.adafruit_pn532_read_passive_target_id)
    adafruit_pn532_sam_config                0x0000122d   Thumb Code    78  adafruit_pn532.o(i.adafruit_pn532_sam_config)
    adafruit_pn532_send_cmd                  0x00001281   Thumb Code    32  adafruit_pn532.o(i.adafruit_pn532_send_cmd)
    adafruit_pn532_set_passive_activation_retries 0x000012a1   Thumb Code    32  adafruit_pn532.o(i.adafruit_pn532_set_passive_activation_retries)
    adafruit_pn532_waitready_ms              0x00001301   Thumb Code    32  adafruit_pn532.o(i.adafruit_pn532_waitready_ms)
    adafruit_pn532_write_command             0x00001321   Thumb Code   118  adafruit_pn532.o(i.adafruit_pn532_write_command)
    after_read_delay                         0x000013a5   Thumb Code    26  main.o(i.after_read_delay)
    app_error_fault_handler                  0x000013d5   Thumb Code    42  app_error_weak.o(i.app_error_fault_handler)
    app_error_handler                        0x00001419   Thumb Code    24  app_error.o(i.app_error_handler)
    app_error_save_and_stop                  0x00001431   Thumb Code    96  app_error.o(i.app_error_save_and_stop)
    app_util_critical_region_enter           0x00001495   Thumb Code     4  app_util_platform.o(i.app_util_critical_region_enter)
    app_util_critical_region_exit            0x00001499   Thumb Code     4  app_util_platform.o(i.app_util_critical_region_exit)
    app_util_disable_irq                     0x0000149d   Thumb Code    12  app_util_platform.o(i.app_util_disable_irq)
    app_util_enable_irq                      0x000014ad   Thumb Code    14  app_util_platform.o(i.app_util_enable_irq)
    buffer_is_empty                          0x000015cd   Thumb Code    16  nrf_log_frontend.o(i.buffer_is_empty)
    internal_ndef_msg_parser                 0x000016dd   Thumb Code   140  nfc_ndef_msg_parser_local.o(i.internal_ndef_msg_parser)
    main                                     0x000019f9   Thumb Code   106  main.o(i.main)
    ndef_data_analyze                        0x00001b15   Thumb Code    52  main.o(i.ndef_data_analyze)
    ndef_msg_parser                          0x00001b79   Thumb Code    28  nfc_ndef_msg_parser.o(i.ndef_msg_parser)
    ndef_msg_printout                        0x00001b95   Thumb Code    46  nfc_ndef_msg_parser.o(i.ndef_msg_printout)
    ndef_parser_memo_resolve                 0x00001c09   Thumb Code    70  nfc_ndef_msg_parser_local.o(i.ndef_parser_memo_resolve)
    ndef_record_parser                       0x00001c51   Thumb Code   178  nfc_ndef_record_parser.o(i.ndef_record_parser)
    ndef_record_printout                     0x00001d09   Thumb Code   138  nfc_ndef_record_parser.o(i.ndef_record_printout)
    nfc_ndef_bin_payload_memcopy             0x00001eb1   Thumb Code    38  nfc_ndef_record.o(i.nfc_ndef_bin_payload_memcopy)
    nfc_ndef_msg_record_add                  0x00001ed7   Thumb Code    28  nfc_ndef_msg.o(i.nfc_ndef_msg_record_add)
    nrf_drv_common_irq_enable                0x000021cf   Thumb Code    56  nrf_drv_common.o(i.nrf_drv_common_irq_enable)
    nrf_drv_twi_disable                      0x0000220d   Thumb Code    44  nrf_drv_twi.o(i.nrf_drv_twi_disable)
    nrf_drv_twi_enable                       0x0000223d   Thumb Code    28  nrf_drv_twi.o(i.nrf_drv_twi_enable)
    nrf_drv_twi_init                         0x0000225d   Thumb Code   134  nrf_drv_twi.o(i.nrf_drv_twi_init)
    nrf_drv_twi_rx                           0x000022e9   Thumb Code    32  nrf_drv_twi.o(i.nrf_drv_twi_rx)
    nrf_drv_twi_tx                           0x0000230d   Thumb Code    36  nrf_drv_twi.o(i.nrf_drv_twi_tx)
    nrf_drv_twi_uninit                       0x00002331   Thumb Code   102  nrf_drv_twi.o(i.nrf_drv_twi_uninit)
    nrf_drv_twi_xfer                         0x0000239d   Thumb Code    40  nrf_drv_twi.o(i.nrf_drv_twi_xfer)
    nrf_drv_uart_init                        0x000023c9   Thumb Code    98  nrf_drv_uart.o(i.nrf_drv_uart_init)
    nrf_drv_uart_tx                          0x00002431   Thumb Code   260  nrf_drv_uart.o(i.nrf_drv_uart_tx)
    nrf_drv_uart_tx_in_progress              0x00002539   Thumb Code    18  nrf_drv_uart.o(i.nrf_drv_uart_tx_in_progress)
    nrf_drv_uart_uninit                      0x00002551   Thumb Code    74  nrf_drv_uart.o(i.nrf_drv_uart_uninit)
    nrf_log_backend_hexdump_handler_get      0x00002661   Thumb Code     4  nrf_log_backend_serial.o(i.nrf_log_backend_hexdump_handler_get)
    nrf_log_backend_init                     0x00002669   Thumb Code   100  nrf_log_backend_serial.o(i.nrf_log_backend_init)
    nrf_log_backend_std_handler_get          0x000028ed   Thumb Code     4  nrf_log_backend_serial.o(i.nrf_log_backend_std_handler_get)
    nrf_log_blocking_backend_set             0x000028f5   Thumb Code     6  nrf_log_frontend.o(i.nrf_log_blocking_backend_set)
    nrf_log_frontend_dequeue                 0x000028fd   Thumb Code   298  nrf_log_frontend.o(i.nrf_log_frontend_dequeue)
    nrf_log_frontend_hexdump                 0x00002a2d   Thumb Code   144  nrf_log_frontend.o(i.nrf_log_frontend_hexdump)
    nrf_log_frontend_init                    0x00002ac5   Thumb Code    16  nrf_log_frontend.o(i.nrf_log_frontend_init)
    nrf_log_frontend_std_0                   0x00002ad9   Thumb Code    66  nrf_log_frontend.o(i.nrf_log_frontend_std_0)
    nrf_log_frontend_std_1                   0x00002b25   Thumb Code    82  nrf_log_frontend.o(i.nrf_log_frontend_std_1)
    nrf_log_handlers_set                     0x00002b81   Thumb Code    10  nrf_log_frontend.o(i.nrf_log_handlers_set)
    nrf_log_init                             0x00002b91   Thumb Code    36  nrf_log_frontend.o(i.nrf_log_init)
    tag_data_analyze                         0x00002d15   Thumb Code    60  main.o(i.tag_data_analyze)
    tag_data_read                            0x00002d5d   Thumb Code   150  main.o(i.tag_data_read)
    type_2_tag_clear                         0x000033e7   Thumb Code    20  nfc_t2t_parser.o(i.type_2_tag_clear)
    type_2_tag_parse                         0x0000347f   Thumb Code   122  nfc_t2t_parser.o(i.type_2_tag_parse)
    type_2_tag_printout                      0x000034f9   Thumb Code  1304  nfc_t2t_parser.o(i.type_2_tag_printout)
    utils_setup                              0x00003e95   Thumb Code    70  main.o(i.utils_setup)
    tnf_strings                              0x00003f64   Data          32  nfc_ndef_record_parser.o(.constdata)
    Region$$Table$$Base                      0x0000416c   Number         0  anon$$obj.o(Region$$Table)
    Region$$Table$$Limit                     0x0000418c   Number         0  anon$$obj.o(Region$$Table)
    SystemCoreClock                          0x20000070   Data           4  system_nrf52.o(.data)
    STACK$$Base                              0x20000b20   Number         0  arm_startup_nrf52.o(STACK)
    STACK$$Limit                             0x20002b20   Number         0  arm_startup_nrf52.o(STACK)
    __initial_sp                             0x20002b20   Data           0  arm_startup_nrf52.o(STACK)



==============================================================================

Memory Map of the image

  Image Entry point : 0x00000401

  Load Region LR_IROM1 (Base: 0x00000000, Size: 0x00004200, Max: 0x00080000, ABSOLUTE)

    Execution Region ER_IROM1 (Exec base: 0x00000000, Load base: 0x00000000, Size: 0x0000418c, Max: 0x00080000, ABSOLUTE)

    Exec Addr    Load Addr    Size         Type   Attr      Idx    E Section Name        Object

    0x00000000   0x00000000   0x00000400   Data   RO         2339    RESET               arm_startup_nrf52.o
    0x00000400   0x00000400   0x00000000   Code   RO         2380  * .ARM.Collect$$$$00000000  mc_w.l(entry.o)
    0x00000400   0x00000400   0x00000004   Code   RO         2654    .ARM.Collect$$$$00000001  mc_w.l(entry2.o)
    0x00000404   0x00000404   0x00000004   Code   RO         2657    .ARM.Collect$$$$00000004  mc_w.l(entry5.o)
    0x00000408   0x00000408   0x00000000   Code   RO         2659    .ARM.Collect$$$$00000008  mc_w.l(entry7b.o)
    0x00000408   0x00000408   0x00000000   Code   RO         2661    .ARM.Collect$$$$0000000A  mc_w.l(entry8b.o)
    0x00000408   0x00000408   0x00000008   Code   RO         2662    .ARM.Collect$$$$0000000B  mc_w.l(entry9a.o)
    0x00000410   0x00000410   0x00000000   Code   RO         2664    .ARM.Collect$$$$0000000D  mc_w.l(entry10a.o)
    0x00000410   0x00000410   0x00000000   Code   RO         2666    .ARM.Collect$$$$0000000F  mc_w.l(entry11a.o)
    0x00000410   0x00000410   0x00000004   Code   RO         2655    .ARM.Collect$$$$00002712  mc_w.l(entry2.o)
    0x00000414   0x00000414   0x00000034   Code   RO         1658    .emb_text           hardfault_handler_keil.o
    0x00000448   0x00000448   0x00000024   Code   RO         2340    .text               arm_startup_nrf52.o
    0x0000046c   0x0000046c   0x00000024   Code   RO         2383    .text               mc_w.l(memcpya.o)
    0x00000490   0x00000490   0x0000000e   Code   RO         2385    .text               mc_w.l(strlen.o)
    0x0000049e   0x0000049e   0x0000001a   Code   RO         2387    .text               mc_w.l(memcmp.o)
    0x000004b8   0x000004b8   0x00000062   Code   RO         2673    .text               mc_w.l(uldiv.o)
    0x0000051a   0x0000051a   0x00000002   PAD
    0x0000051c   0x0000051c   0x00000024   Code   RO         2686    .text               mc_w.l(init.o)
    0x00000540   0x00000540   0x0000001e   Code   RO         2689    .text               mc_w.l(llshl.o)
    0x0000055e   0x0000055e   0x00000020   Code   RO         2691    .text               mc_w.l(llushr.o)
    0x0000057e   0x0000057e   0x00000002   PAD
    0x00000580   0x00000580   0x0000014c   Code   RO          556    i.GPIOTE_IRQHandler  nrf_drv_gpiote.o
    0x000006cc   0x000006cc   0x00000044   Code   RO         1671    i.HardFault_c_handler  hardfault_implementation.o
    0x00000710   0x00000710   0x00000024   Code   RO         1672    i.HardFault_process  hardfault_implementation.o
    0x00000734   0x00000734   0x00000016   Code   RO         1383    i.NVIC_ClearPendingIRQ  app_timer.o
    0x0000074a   0x0000074a   0x00000016   Code   RO         1384    i.NVIC_EnableIRQ    app_timer.o
    0x00000760   0x00000760   0x00000016   Code   RO         1385    i.NVIC_SetPendingIRQ  app_timer.o
    0x00000776   0x00000776   0x00000002   PAD
    0x00000778   0x00000778   0x00000024   Code   RO         1387    i.RTC1_IRQHandler   app_timer.o
    0x0000079c   0x0000079c   0x00000010   Code   RO          785    i.SPIM0_SPIS0_TWIM0_TWIS0_SPI0_TWI0_IRQHandler  nrf_drv_twi.o
    0x000007ac   0x000007ac   0x00000004   Code   RO         1388    i.SWI0_EGU0_IRQHandler  app_timer.o
    0x000007b0   0x000007b0   0x0000029c   Code   RO         2348    i.SystemInit        system_nrf52.o
    0x00000a4c   0x00000a4c   0x0000001c   Code   RO          950    i.UARTE0_UART0_IRQHandler  nrf_drv_uart.o
    0x00000a68   0x00000a68   0x00000028   Code   RO         2602    i.__0sprintf$8      mc_w.l(printf8.o)
    0x00000a90   0x00000a90   0x0000000e   Code   RO         2700    i.__scatterload_copy  mc_w.l(handlers.o)
    0x00000a9e   0x00000a9e   0x00000002   Code   RO         2701    i.__scatterload_null  mc_w.l(handlers.o)
    0x00000aa0   0x00000aa0   0x0000000e   Code   RO         2702    i.__scatterload_zeroinit  mc_w.l(handlers.o)
    0x00000aae   0x00000aae   0x00000002   PAD
    0x00000ab0   0x00000ab0   0x00000410   Code   RO         2607    i._printf_core      mc_w.l(printf8.o)
    0x00000ec0   0x00000ec0   0x00000024   Code   RO         2608    i._printf_post_padding  mc_w.l(printf8.o)
    0x00000ee4   0x00000ee4   0x0000002e   Code   RO         2609    i._printf_pre_padding  mc_w.l(printf8.o)
    0x00000f12   0x00000f12   0x0000000a   Code   RO         2611    i._sputc            mc_w.l(printf8.o)
    0x00000f1c   0x00000f1c   0x0000003c   Code   RO          331    i.adafruit_pn532_create_i2c  adafruit_pn532.o
    0x00000f58   0x00000f58   0x00000006   Code   RO          332    i.adafruit_pn532_field_off  adafruit_pn532.o
    0x00000f5e   0x00000f5e   0x00000002   PAD
    0x00000f60   0x00000f60   0x00000060   Code   RO          334    i.adafruit_pn532_get_firmware_version  adafruit_pn532.o
    0x00000fc0   0x00000fc0   0x000000c0   Code   RO          335    i.adafruit_pn532_in_data_exchange  adafruit_pn532.o
    0x00001080   0x00001080   0x00000060   Code   RO          336    i.adafruit_pn532_init  adafruit_pn532.o
    0x000010e0   0x000010e0   0x00000020   Code   RO          337    i.adafruit_pn532_is_ready  adafruit_pn532.o
    0x00001100   0x00001100   0x00000020   Code   RO          338    i.adafruit_pn532_ntag2xx_read_page  adafruit_pn532.o
    0x00001120   0x00001120   0x00000038   Code   RO          342    i.adafruit_pn532_read_ack  adafruit_pn532.o
    0x00001158   0x00001158   0x00000050   Code   RO          343    i.adafruit_pn532_read_data  adafruit_pn532.o
    0x000011a8   0x000011a8   0x00000084   Code   RO          344    i.adafruit_pn532_read_passive_target_id  adafruit_pn532.o
    0x0000122c   0x0000122c   0x00000054   Code   RO          345    i.adafruit_pn532_sam_config  adafruit_pn532.o
    0x00001280   0x00001280   0x00000020   Code   RO          346    i.adafruit_pn532_send_cmd  adafruit_pn532.o
    0x000012a0   0x000012a0   0x00000024   Code   RO          347    i.adafruit_pn532_set_passive_activation_retries  adafruit_pn532.o
    0x000012c4   0x000012c4   0x0000003c   Code   RO          348    i.adafruit_pn532_switch_field  adafruit_pn532.o
    0x00001300   0x00001300   0x00000020   Code   RO          349    i.adafruit_pn532_waitready_ms  adafruit_pn532.o
    0x00001320   0x00001320   0x00000084   Code   RO          351    i.adafruit_pn532_write_command  adafruit_pn532.o
    0x000013a4   0x000013a4   0x00000030   Code   RO            4    i.after_read_delay  main.o
    0x000013d4   0x000013d4   0x00000044   Code   RO         1277    i.app_error_fault_handler  app_error_weak.o
    0x00001418   0x00001418   0x00000018   Code   RO         1234    i.app_error_handler  app_error.o
    0x00001430   0x00001430   0x00000064   Code   RO         1236    i.app_error_save_and_stop  app_error.o
    0x00001494   0x00001494   0x00000004   Code   RO         1618    i.app_util_critical_region_enter  app_util_platform.o
    0x00001498   0x00001498   0x00000004   Code   RO         1619    i.app_util_critical_region_exit  app_util_platform.o
    0x0000149c   0x0000149c   0x00000010   Code   RO         1620    i.app_util_disable_irq  app_util_platform.o
    0x000014ac   0x000014ac   0x00000014   Code   RO         1621    i.app_util_enable_irq  app_util_platform.o
    0x000014c0   0x000014c0   0x00000098   Code   RO          951    i.apply_config      nrf_drv_uart.o
    0x00001558   0x00001558   0x00000012   Code   RO         1732    i.buf_len_update    nrf_log_backend_serial.o
    0x0000156a   0x0000156a   0x00000002   PAD
    0x0000156c   0x0000156c   0x00000060   Code   RO         1823    i.buf_prealloc      nrf_log_frontend.o
    0x000015cc   0x000015cc   0x00000014   Code   RO         1824    i.buffer_is_empty   nrf_log_frontend.o
    0x000015e0   0x000015e0   0x00000010   Code   RO          559    i.channel_port_get  nrf_drv_gpiote.o
    0x000015f0   0x000015f0   0x000000ac   Code   RO         1396    i.compare_reg_update  app_timer.o
    0x0000169c   0x0000169c   0x00000040   Code   RO         1397    i.elapsed_ticks_acquire  app_timer.o
    0x000016dc   0x000016dc   0x0000008c   Code   RO         2027    i.internal_ndef_msg_parser  nfc_ndef_msg_parser_local.o
    0x00001768   0x00001768   0x00000078   Code   RO          952    i.interrupts_enable  nrf_drv_uart.o
    0x000017e0   0x000017e0   0x000000b6   Code   RO          786    i.irq_handler_twi   nrf_drv_twi.o
    0x00001896   0x00001896   0x00000002   PAD
    0x00001898   0x00001898   0x000000a8   Code   RO         1398    i.list_deletions_handler  app_timer.o
    0x00001940   0x00001940   0x000000b8   Code   RO         1399    i.list_insertions_handler  app_timer.o
    0x000019f8   0x000019f8   0x0000011c   Code   RO            5    i.main              main.o
    0x00001b14   0x00001b14   0x00000064   Code   RO            6    i.ndef_data_analyze  main.o
    0x00001b78   0x00001b78   0x0000001c   Code   RO         1989    i.ndef_msg_parser   nfc_ndef_msg_parser.o
    0x00001b94   0x00001b94   0x00000074   Code   RO         1990    i.ndef_msg_printout  nfc_ndef_msg_parser.o
    0x00001c08   0x00001c08   0x00000046   Code   RO         2028    i.ndef_parser_memo_resolve  nfc_ndef_msg_parser_local.o
    0x00001c4e   0x00001c4e   0x00000002   PAD
    0x00001c50   0x00001c50   0x000000b8   Code   RO         2091    i.ndef_record_parser  nfc_ndef_record_parser.o
    0x00001d08   0x00001d08   0x000001a8   Code   RO         2092    i.ndef_record_printout  nfc_ndef_record_parser.o
    0x00001eb0   0x00001eb0   0x00000026   Code   RO         2057    i.nfc_ndef_bin_payload_memcopy  nfc_ndef_record.o
    0x00001ed6   0x00001ed6   0x0000001c   Code   RO         1952    i.nfc_ndef_msg_record_add  nfc_ndef_msg.o
    0x00001ef2   0x00001ef2   0x0000000a   Code   RO          352    i.nrf_delay_ms      adafruit_pn532.o
    0x00001efc   0x00001efc   0x0000008c   Code   RO            7    i.nrf_delay_us      main.o
    0x00001f88   0x00001f88   0x0000008c   Code   RO          353    i.nrf_delay_us      adafruit_pn532.o
    0x00002014   0x00002014   0x0000008c   Code   RO          787    i.nrf_delay_us      nrf_drv_twi.o
    0x000020a0   0x000020a0   0x0000008c   Code   RO         1400    i.nrf_delay_us      app_timer.o
    0x0000212c   0x0000212c   0x0000008c   Code   RO         1991    i.nrf_delay_us      nfc_ndef_msg_parser.o
    0x000021b8   0x000021b8   0x00000016   Code   RO          953    i.nrf_drv_common_irq_disable  nrf_drv_uart.o
    0x000021ce   0x000021ce   0x00000038   Code   RO          518    i.nrf_drv_common_irq_enable  nrf_drv_common.o
    0x00002206   0x00002206   0x00000006   Code   RO          954    i.nrf_drv_get_IRQn  nrf_drv_uart.o
    0x0000220c   0x0000220c   0x00000030   Code   RO          789    i.nrf_drv_twi_disable  nrf_drv_twi.o
    0x0000223c   0x0000223c   0x00000020   Code   RO          790    i.nrf_drv_twi_enable  nrf_drv_twi.o
    0x0000225c   0x0000225c   0x0000008c   Code   RO          791    i.nrf_drv_twi_init  nrf_drv_twi.o
    0x000022e8   0x000022e8   0x00000024   Code   RO          792    i.nrf_drv_twi_rx    nrf_drv_twi.o
    0x0000230c   0x0000230c   0x00000024   Code   RO          795    i.nrf_drv_twi_tx    nrf_drv_twi.o
    0x00002330   0x00002330   0x0000006c   Code   RO          796    i.nrf_drv_twi_uninit  nrf_drv_twi.o
    0x0000239c   0x0000239c   0x0000002c   Code   RO          797    i.nrf_drv_twi_xfer  nrf_drv_twi.o
    0x000023c8   0x000023c8   0x00000068   Code   RO          956    i.nrf_drv_uart_init  nrf_drv_uart.o
    0x00002430   0x00002430   0x00000108   Code   RO          963    i.nrf_drv_uart_tx   nrf_drv_uart.o
    0x00002538   0x00002538   0x00000018   Code   RO          965    i.nrf_drv_uart_tx_in_progress  nrf_drv_uart.o
    0x00002550   0x00002550   0x00000054   Code   RO          966    i.nrf_drv_uart_uninit  nrf_drv_uart.o
    0x000025a4   0x000025a4   0x00000022   Code   RO          967    i.nrf_gpio_cfg      nrf_drv_uart.o
    0x000025c6   0x000025c6   0x00000012   Code   RO          968    i.nrf_gpio_cfg_default  nrf_drv_uart.o
    0x000025d8   0x000025d8   0x00000012   Code   RO          354    i.nrf_gpio_cfg_input  adafruit_pn532.o
    0x000025ea   0x000025ea   0x00000012   Code   RO          969    i.nrf_gpio_cfg_input  nrf_drv_uart.o
    0x000025fc   0x000025fc   0x00000014   Code   RO          970    i.nrf_gpio_cfg_output  nrf_drv_uart.o
    0x00002610   0x00002610   0x0000001c   Code   RO          585    i.nrf_gpio_cfg_sense_set  nrf_drv_gpiote.o
    0x0000262c   0x0000262c   0x00000010   Code   RO          798    i.nrf_gpio_pin_set  nrf_drv_twi.o
    0x0000263c   0x0000263c   0x00000014   Code   RO          586    i.nrf_gpiote_event_clear  nrf_drv_gpiote.o
    0x00002650   0x00002650   0x00000010   Code   RO          587    i.nrf_gpiote_event_is_set  nrf_drv_gpiote.o
    0x00002660   0x00002660   0x00000008   Code   RO         1734    i.nrf_log_backend_hexdump_handler_get  nrf_log_backend_serial.o
    0x00002668   0x00002668   0x00000070   Code   RO         1735    i.nrf_log_backend_init  nrf_log_backend_serial.o
    0x000026d8   0x000026d8   0x0000011c   Code   RO         1736    i.nrf_log_backend_serial_hexdump_handler  nrf_log_backend_serial.o
    0x000027f4   0x000027f4   0x000000f6   Code   RO         1737    i.nrf_log_backend_serial_std_handler  nrf_log_backend_serial.o
    0x000028ea   0x000028ea   0x00000002   PAD
    0x000028ec   0x000028ec   0x00000008   Code   RO         1738    i.nrf_log_backend_std_handler_get  nrf_log_backend_serial.o
    0x000028f4   0x000028f4   0x00000006   Code   RO         1826    i.nrf_log_blocking_backend_set  nrf_log_frontend.o
    0x000028fa   0x000028fa   0x00000002   PAD
    0x000028fc   0x000028fc   0x00000130   Code   RO         1827    i.nrf_log_frontend_dequeue  nrf_log_frontend.o
    0x00002a2c   0x00002a2c   0x00000098   Code   RO         1828    i.nrf_log_frontend_hexdump  nrf_log_frontend.o
    0x00002ac4   0x00002ac4   0x00000014   Code   RO         1829    i.nrf_log_frontend_init  nrf_log_frontend.o
    0x00002ad8   0x00002ad8   0x0000004c   Code   RO         1830    i.nrf_log_frontend_std_0  nrf_log_frontend.o
    0x00002b24   0x00002b24   0x0000005c   Code   RO         1831    i.nrf_log_frontend_std_1  nrf_log_frontend.o
    0x00002b80   0x00002b80   0x00000010   Code   RO         1838    i.nrf_log_handlers_set  nrf_log_frontend.o
    0x00002b90   0x00002b90   0x00000024   Code   RO         1839    i.nrf_log_init      nrf_log_frontend.o
    0x00002bb4   0x00002bb4   0x0000000a   Code   RO          799    i.nrf_twi_event_check  nrf_drv_twi.o
    0x00002bbe   0x00002bbe   0x0000000c   Code   RO          800    i.nrf_twi_event_clear  nrf_drv_twi.o
    0x00002bca   0x00002bca   0x0000000a   Code   RO          971    i.nrf_uart_event_check  nrf_drv_uart.o
    0x00002bd4   0x00002bd4   0x0000000c   Code   RO          972    i.nrf_uart_event_clear  nrf_drv_uart.o
    0x00002be0   0x00002be0   0x0000000c   Code   RO          973    i.nrf_uart_int_enable_check  nrf_drv_uart.o
    0x00002bec   0x00002bec   0x0000000a   Code   RO          974    i.nrf_uarte_event_check  nrf_drv_uart.o
    0x00002bf6   0x00002bf6   0x0000000c   Code   RO          975    i.nrf_uarte_event_clear  nrf_drv_uart.o
    0x00002c02   0x00002c02   0x00000052   Code   RO          976    i.pins_to_default   nrf_drv_uart.o
    0x00002c54   0x00002c54   0x0000003c   Code   RO         1401    i.rtc1_stop         app_timer.o
    0x00002c90   0x00002c90   0x00000032   Code   RO          977    i.rx_byte           nrf_drv_uart.o
    0x00002cc2   0x00002cc2   0x00000018   Code   RO          978    i.rx_done_event     nrf_drv_uart.o
    0x00002cda   0x00002cda   0x00000002   PAD
    0x00002cdc   0x00002cdc   0x0000000c   Code   RO         1739    i.serial_is_busy    nrf_log_backend_serial.o
    0x00002ce8   0x00002ce8   0x0000002c   Code   RO         1740    i.serial_tx         nrf_log_backend_serial.o
    0x00002d14   0x00002d14   0x00000048   Code   RO            8    i.tag_data_analyze  main.o
    0x00002d5c   0x00002d5c   0x000000bc   Code   RO            9    i.tag_data_read     main.o
    0x00002e18   0x00002e18   0x0000008c   Code   RO         1402    i.timer_list_handler  app_timer.o
    0x00002ea4   0x00002ea4   0x0000003c   Code   RO         1403    i.timer_list_insert  app_timer.o
    0x00002ee0   0x00002ee0   0x000000c8   Code   RO         1405    i.timer_timeouts_check  app_timer.o
    0x00002fa8   0x00002fa8   0x00000030   Code   RO         1741    i.timestamp_process  nrf_log_backend_serial.o
    0x00002fd8   0x00002fd8   0x000000b0   Code   RO          801    i.twi_clear_bus     nrf_drv_twi.o
    0x00003088   0x00003088   0x0000001e   Code   RO          802    i.twi_process_error  nrf_drv_twi.o
    0x000030a6   0x000030a6   0x000000a0   Code   RO          803    i.twi_rx_start_transfer  nrf_drv_twi.o
    0x00003146   0x00003146   0x00000028   Code   RO          804    i.twi_send_byte     nrf_drv_twi.o
    0x0000316e   0x0000316e   0x0000010a   Code   RO          805    i.twi_transfer      nrf_drv_twi.o
    0x00003278   0x00003278   0x000000a6   Code   RO          806    i.twi_tx_start_transfer  nrf_drv_twi.o
    0x0000331e   0x0000331e   0x0000008c   Code   RO          807    i.twi_xfer          nrf_drv_twi.o
    0x000033aa   0x000033aa   0x00000020   Code   RO          980    i.tx_byte           nrf_drv_uart.o
    0x000033ca   0x000033ca   0x0000001c   Code   RO          981    i.tx_done_event     nrf_drv_uart.o
    0x000033e6   0x000033e6   0x00000014   Code   RO         2132    i.type_2_tag_clear  nfc_t2t_parser.o
    0x000033fa   0x000033fa   0x00000002   PAD
    0x000033fc   0x000033fc   0x00000068   Code   RO         2133    i.type_2_tag_internal_parse  nfc_t2t_parser.o
    0x00003464   0x00003464   0x0000001a   Code   RO         2134    i.type_2_tag_is_field_within_data_range  nfc_t2t_parser.o
    0x0000347e   0x0000347e   0x0000007a   Code   RO         2135    i.type_2_tag_parse  nfc_t2t_parser.o
    0x000034f8   0x000034f8   0x0000064c   Code   RO         2136    i.type_2_tag_printout  nfc_t2t_parser.o
    0x00003b44   0x00003b44   0x000000b0   Code   RO         2137    i.type_2_tag_tlv_block_extract  nfc_t2t_parser.o
    0x00003bf4   0x00003bf4   0x00000080   Code   RO         2138    i.type_2_tag_tlv_parse  nfc_t2t_parser.o
    0x00003c74   0x00003c74   0x00000010   Code   RO         1742    i.uart_event_handler  nrf_log_backend_serial.o
    0x00003c84   0x00003c84   0x0000011e   Code   RO          982    i.uart_irq_handler  nrf_drv_uart.o
    0x00003da2   0x00003da2   0x000000f0   Code   RO          983    i.uarte_irq_handler  nrf_drv_uart.o
    0x00003e92   0x00003e92   0x00000002   PAD
    0x00003e94   0x00003e94   0x0000005c   Code   RO           10    i.utils_setup       main.o
    0x00003ef0   0x00003ef0   0x00000024   Data   RO          358    .constdata          adafruit_pn532.o
    0x00003f14   0x00003f14   0x0000000c   Data   RO          809    .constdata          nrf_drv_twi.o
    0x00003f20   0x00003f20   0x00000020   Data   RO         1744    .constdata          nrf_log_backend_serial.o
    0x00003f40   0x00003f40   0x00000024   Data   RO         1842    .constdata          nrf_log_frontend.o
    0x00003f64   0x00003f64   0x00000020   Data   RO         2093    .constdata          nfc_ndef_record_parser.o
    0x00003f84   0x00003f84   0x0000009a   Data   RO           13    .conststring        main.o
    0x0000401e   0x0000401e   0x00000002   PAD
    0x00004020   0x00004020   0x0000000b   Data   RO         1843    .conststring        nrf_log_frontend.o
    0x0000402b   0x0000402b   0x00000001   PAD
    0x0000402c   0x0000402c   0x000000a0   Data   RO         2094    .conststring        nfc_ndef_record_parser.o
    0x000040cc   0x000040cc   0x0000009f   Data   RO         2139    .conststring        nfc_t2t_parser.o
    0x0000416b   0x0000416b   0x00000001   PAD
    0x0000416c   0x0000416c   0x00000020   Data   RO         2698    Region$$Table       anon$$obj.o


    Execution Region RW_IRAM1 (Exec base: 0x20000000, Load base: 0x0000418c, Size: 0x00002b20, Max: 0x00010000, ABSOLUTE)

    Exec Addr    Load Addr    Size         Type   Attr      Idx    E Section Name        Object

    0x20000000   0x0000418c   0x00000024   Data   RW           14    .data               main.o
    0x20000024   0x000041b0   0x00000018   Data   RW          359    .data               adafruit_pn532.o
    0x2000003c   0x000041c8   0x00000020   Data   RW         1407    .data               app_timer.o
    0x2000005c   0x000041e8   0x00000004   Data   RW         1622    .data               app_util_platform.o
    0x20000060   0x000041ec   0x0000000c   Data   RW         1745    .data               nrf_log_backend_serial.o
    0x2000006c   0x000041f8   0x00000004   Data   RW         1844    .data               nrf_log_frontend.o
    0x20000070   0x000041fc   0x00000004   Data   RW         2349    .data               system_nrf52.o
    0x20000074        -       0x00000050   Zero   RW           11    .bss                main.o
    0x200000c4        -       0x00000400   Zero   RW           12    .bss                main.o
    0x200004c4        -       0x00000080   Zero   RW          357    .bss                adafruit_pn532.o
    0x20000544        -       0x00000058   Zero   RW          590    .bss                nrf_drv_gpiote.o
    0x2000059c        -       0x00000028   Zero   RW          808    .bss                nrf_drv_twi.o
    0x200005c4        -       0x00000020   Zero   RW          984    .bss                nrf_drv_uart.o
    0x200005e4        -       0x00000020   Zero   RW         1237    .bss                app_error.o
    0x20000604        -       0x00000100   Zero   RW         1743    .bss                nrf_log_backend_serial.o
    0x20000704        -       0x00000418   Zero   RW         1841    .bss                nrf_log_frontend.o
    0x20000b1c   0x00004200   0x00000004   PAD
    0x20000b20        -       0x00002000   Zero   RW         2337    STACK               arm_startup_nrf52.o


==============================================================================

Image component sizes


      Code (inc. data)   RO Data    RW Data    ZI Data      Debug   Object Name

      1326        100         36         24        128      27922   adafruit_pn532.o
       124          4          0          0         32       4086   app_error.o
        68         26          0          0          0        810   app_error_weak.o
      1294        138          0         32          0      42008   app_timer.o
         0          0          0          0          0       5712   app_uart_fifo.o
        44         10          0          4          0       3332   app_util_platform.o
        36          8       1024          0       8192        924   arm_startup_nrf52.o
         0          0          0          0          0       1736   bsp.o
        52         14          0          0          0        616   hardfault_handler_keil.o
       104         48          0          0          0      28929   hardfault_implementation.o
       924        328        154         36       1104      57711   main.o
        28          0          0          0          0       1538   nfc_ndef_msg.o
       284         78          0          0          0       3274   nfc_ndef_msg_parser.o
       210          0          0          0          0       2918   nfc_ndef_msg_parser_local.o
        38          0          0          0          0       1807   nfc_ndef_record.o
       608        292        192          0          0       7634   nfc_ndef_record_parser.o
      2188       1292        159          0          0      13084   nfc_t2t_parser.o
        56          0          0          0          0      28895   nrf_drv_common.o
       412         28          0          0         88      15704   nrf_drv_gpiote.o
      1798         56         12          0         40      59412   nrf_drv_twi.o
      1692         58          0          0         32      36804   nrf_drv_uart.o
       796         56         32         12        256      11211   nrf_log_backend_serial.o
       818         62         47          4       1048      12267   nrf_log_frontend.o
       668         58          0          4          0       2731   system_nrf52.o

    ----------------------------------------------------------------------
     13588       2656       1692        116      10924     371065   Object Totals
         0          0         32          0          0          0   (incl. Generated)
        20          0          4          0          4          0   (incl. Padding)

    ----------------------------------------------------------------------

      Code (inc. data)   RO Data    RW Data    ZI Data      Debug   Library Member Name

         0          0          0          0          0          0   entry.o
         0          0          0          0          0          0   entry10a.o
         0          0          0          0          0          0   entry11a.o
         8          4          0          0          0          0   entry2.o
         4          0          0          0          0          0   entry5.o
         0          0          0          0          0          0   entry7b.o
         0          0          0          0          0          0   entry8b.o
         8          4          0          0          0          0   entry9a.o
        30          0          0          0          0          0   handlers.o
        36          8          0          0          0         68   init.o
        30          0          0          0          0         68   llshl.o
        32          0          0          0          0         68   llushr.o
        26          0          0          0          0         80   memcmp.o
        36          0          0          0          0         68   memcpya.o
      1172         50          0          0          0        420   printf8.o
        14          0          0          0          0         68   strlen.o
        98          0          0          0          0         92   uldiv.o

    ----------------------------------------------------------------------
      1500         66          0          0          0        932   Library Totals
         6          0          0          0          0          0   (incl. Padding)

    ----------------------------------------------------------------------

      Code (inc. data)   RO Data    RW Data    ZI Data      Debug   Library Name

      1494         66          0          0          0        932   mc_w.l

    ----------------------------------------------------------------------
      1500         66          0          0          0        932   Library Totals

    ----------------------------------------------------------------------

==============================================================================


      Code (inc. data)   RO Data    RW Data    ZI Data      Debug   

     15088       2722       1692        116      10924     358685   Grand Totals
     15088       2722       1692        116      10924     358685   ELF Image Totals
     15088       2722       1692        116          0          0   ROM Totals

==============================================================================

    Total RO  Size (Code + RO Data)                16780 (  16.39kB)
    Total RW  Size (RW Data + ZI Data)             11040 (  10.78kB)
    Total ROM Size (Code + RO Data + RW Data)      16896 (  16.50kB)

==============================================================================

